<!doctype html public "-//w3c//dtd html 4.0 transitional//en">
<html><head>
<title>Static Call Graph - [.\Discover-More\Project.axf]</title></head>
<body><HR>
<H1>Static Call Graph for image .\Discover-More\Project.axf</H1><HR>
<BR><P>#&#060CALLGRAPH&#062# ARM Linker, 5.03 [Build 69]: Last Updated: Tue Nov 10 14:41:37 2015
<BR><P>
<H3>Maximum Stack Usage =       4392 bytes + Unknown(Cycles, Untraceable Function Pointers)</H3><H3>
Call chain for Maximum Stack Depth:</H3>
main &rArr; vMAIN_PrintConfig &rArr; printDebug_Semphr &rArr; xQueueGenericSend &rArr; xTaskResumeAll &rArr; xTaskIncrementTick
<P>
<H3>
Mutually Recursive functions
</H3> <LI><a href="#[30]">ADC_IRQHandler</a>&nbsp;&nbsp;&nbsp;&rArr;&nbsp;&nbsp;&nbsp;<a href="#[30]">ADC_IRQHandler</a><BR>
</UL>
<P>
<H3>
Function Pointers
</H3><UL>
 <LI><a href="#[30]">ADC_IRQHandler</a> from startup_stm32f4xx.o(.text) referenced from startup_stm32f4xx.o(RESET)
 <LI><a href="#[18]">BusFault_Handler</a> from stm32f4xx_it.o(.text) referenced from startup_stm32f4xx.o(RESET)
 <LI><a href="#[32]">CAN1_RX0_IRQHandler</a> from startup_stm32f4xx.o(.text) referenced from startup_stm32f4xx.o(RESET)
 <LI><a href="#[33]">CAN1_RX1_IRQHandler</a> from startup_stm32f4xx.o(.text) referenced from startup_stm32f4xx.o(RESET)
 <LI><a href="#[34]">CAN1_SCE_IRQHandler</a> from startup_stm32f4xx.o(.text) referenced from startup_stm32f4xx.o(RESET)
 <LI><a href="#[31]">CAN1_TX_IRQHandler</a> from startup_stm32f4xx.o(.text) referenced from startup_stm32f4xx.o(RESET)
 <LI><a href="#[5e]">CAN2_RX0_IRQHandler</a> from startup_stm32f4xx.o(.text) referenced from startup_stm32f4xx.o(RESET)
 <LI><a href="#[5f]">CAN2_RX1_IRQHandler</a> from startup_stm32f4xx.o(.text) referenced from startup_stm32f4xx.o(RESET)
 <LI><a href="#[60]">CAN2_SCE_IRQHandler</a> from startup_stm32f4xx.o(.text) referenced from startup_stm32f4xx.o(RESET)
 <LI><a href="#[5d]">CAN2_TX_IRQHandler</a> from startup_stm32f4xx.o(.text) referenced from startup_stm32f4xx.o(RESET)
 <LI><a href="#[6d]">CRYP_IRQHandler</a> from startup_stm32f4xx.o(.text) referenced from startup_stm32f4xx.o(RESET)
 <LI><a href="#[6c]">DCMI_IRQHandler</a> from startup_stm32f4xx.o(.text) referenced from startup_stm32f4xx.o(RESET)
 <LI><a href="#[29]">DMA1_Stream0_IRQHandler</a> from startup_stm32f4xx.o(.text) referenced from startup_stm32f4xx.o(RESET)
 <LI><a href="#[2a]">DMA1_Stream1_IRQHandler</a> from startup_stm32f4xx.o(.text) referenced from startup_stm32f4xx.o(RESET)
 <LI><a href="#[2b]">DMA1_Stream2_IRQHandler</a> from startup_stm32f4xx.o(.text) referenced from startup_stm32f4xx.o(RESET)
 <LI><a href="#[2c]">DMA1_Stream3_IRQHandler</a> from startup_stm32f4xx.o(.text) referenced from startup_stm32f4xx.o(RESET)
 <LI><a href="#[2d]">DMA1_Stream4_IRQHandler</a> from startup_stm32f4xx.o(.text) referenced from startup_stm32f4xx.o(RESET)
 <LI><a href="#[2e]">DMA1_Stream5_IRQHandler</a> from startup_stm32f4xx.o(.text) referenced from startup_stm32f4xx.o(RESET)
 <LI><a href="#[2f]">DMA1_Stream6_IRQHandler</a> from startup_stm32f4xx.o(.text) referenced from startup_stm32f4xx.o(RESET)
 <LI><a href="#[4d]">DMA1_Stream7_IRQHandler</a> from startup_stm32f4xx.o(.text) referenced from startup_stm32f4xx.o(RESET)
 <LI><a href="#[56]">DMA2_Stream0_IRQHandler</a> from startup_stm32f4xx.o(.text) referenced from startup_stm32f4xx.o(RESET)
 <LI><a href="#[57]">DMA2_Stream1_IRQHandler</a> from startup_stm32f4xx.o(.text) referenced from startup_stm32f4xx.o(RESET)
 <LI><a href="#[58]">DMA2_Stream2_IRQHandler</a> from startup_stm32f4xx.o(.text) referenced from startup_stm32f4xx.o(RESET)
 <LI><a href="#[59]">DMA2_Stream3_IRQHandler</a> from stm32f4xx_it.o(.text) referenced from startup_stm32f4xx.o(RESET)
 <LI><a href="#[5a]">DMA2_Stream4_IRQHandler</a> from startup_stm32f4xx.o(.text) referenced from startup_stm32f4xx.o(RESET)
 <LI><a href="#[62]">DMA2_Stream5_IRQHandler</a> from startup_stm32f4xx.o(.text) referenced from startup_stm32f4xx.o(RESET)
 <LI><a href="#[63]">DMA2_Stream6_IRQHandler</a> from startup_stm32f4xx.o(.text) referenced from startup_stm32f4xx.o(RESET)
 <LI><a href="#[64]">DMA2_Stream7_IRQHandler</a> from startup_stm32f4xx.o(.text) referenced from startup_stm32f4xx.o(RESET)
 <LI><a href="#[1b]">DebugMon_Handler</a> from stm32f4xx_it.o(.text) referenced from startup_stm32f4xx.o(RESET)
 <LI><a href="#[5b]">ETH_IRQHandler</a> from startup_stm32f4xx.o(.text) referenced from startup_stm32f4xx.o(RESET)
 <LI><a href="#[5c]">ETH_WKUP_IRQHandler</a> from startup_stm32f4xx.o(.text) referenced from startup_stm32f4xx.o(RESET)
 <LI><a href="#[24]">EXTI0_IRQHandler</a> from startup_stm32f4xx.o(.text) referenced from startup_stm32f4xx.o(RESET)
 <LI><a href="#[46]">EXTI15_10_IRQHandler</a> from startup_stm32f4xx.o(.text) referenced from startup_stm32f4xx.o(RESET)
 <LI><a href="#[25]">EXTI1_IRQHandler</a> from startup_stm32f4xx.o(.text) referenced from startup_stm32f4xx.o(RESET)
 <LI><a href="#[26]">EXTI2_IRQHandler</a> from startup_stm32f4xx.o(.text) referenced from startup_stm32f4xx.o(RESET)
 <LI><a href="#[27]">EXTI3_IRQHandler</a> from sensors_task.o(.text) referenced from startup_stm32f4xx.o(RESET)
 <LI><a href="#[28]">EXTI4_IRQHandler</a> from startup_stm32f4xx.o(.text) referenced from startup_stm32f4xx.o(RESET)
 <LI><a href="#[35]">EXTI9_5_IRQHandler</a> from startup_stm32f4xx.o(.text) referenced from startup_stm32f4xx.o(RESET)
 <LI><a href="#[22]">FLASH_IRQHandler</a> from startup_stm32f4xx.o(.text) referenced from startup_stm32f4xx.o(RESET)
 <LI><a href="#[6f]">FPU_IRQHandler</a> from startup_stm32f4xx.o(.text) referenced from startup_stm32f4xx.o(RESET)
 <LI><a href="#[4e]">FSMC_IRQHandler</a> from startup_stm32f4xx.o(.text) referenced from startup_stm32f4xx.o(RESET)
 <LI><a href="#[6e]">HASH_RNG_IRQHandler</a> from startup_stm32f4xx.o(.text) referenced from startup_stm32f4xx.o(RESET)
 <LI><a href="#[16]">HardFault_Handler</a> from stm32f4xx_it.o(.text) referenced from startup_stm32f4xx.o(RESET)
 <LI><a href="#[3e]">I2C1_ER_IRQHandler</a> from startup_stm32f4xx.o(.text) referenced from startup_stm32f4xx.o(RESET)
 <LI><a href="#[3d]">I2C1_EV_IRQHandler</a> from startup_stm32f4xx.o(.text) referenced from startup_stm32f4xx.o(RESET)
 <LI><a href="#[40]">I2C2_ER_IRQHandler</a> from startup_stm32f4xx.o(.text) referenced from startup_stm32f4xx.o(RESET)
 <LI><a href="#[3f]">I2C2_EV_IRQHandler</a> from startup_stm32f4xx.o(.text) referenced from startup_stm32f4xx.o(RESET)
 <LI><a href="#[67]">I2C3_ER_IRQHandler</a> from startup_stm32f4xx.o(.text) referenced from startup_stm32f4xx.o(RESET)
 <LI><a href="#[66]">I2C3_EV_IRQHandler</a> from startup_stm32f4xx.o(.text) referenced from startup_stm32f4xx.o(RESET)
 <LI><a href="#[17]">MemManage_Handler</a> from stm32f4xx_it.o(.text) referenced from startup_stm32f4xx.o(RESET)
 <LI><a href="#[15]">NMI_Handler</a> from stm32f4xx_it.o(.text) referenced from startup_stm32f4xx.o(RESET)
 <LI><a href="#[61]">OTG_FS_IRQHandler</a> from startup_stm32f4xx.o(.text) referenced from startup_stm32f4xx.o(RESET)
 <LI><a href="#[48]">OTG_FS_WKUP_IRQHandler</a> from startup_stm32f4xx.o(.text) referenced from startup_stm32f4xx.o(RESET)
 <LI><a href="#[69]">OTG_HS_EP1_IN_IRQHandler</a> from startup_stm32f4xx.o(.text) referenced from startup_stm32f4xx.o(RESET)
 <LI><a href="#[68]">OTG_HS_EP1_OUT_IRQHandler</a> from startup_stm32f4xx.o(.text) referenced from startup_stm32f4xx.o(RESET)
 <LI><a href="#[6b]">OTG_HS_IRQHandler</a> from startup_stm32f4xx.o(.text) referenced from startup_stm32f4xx.o(RESET)
 <LI><a href="#[6a]">OTG_HS_WKUP_IRQHandler</a> from startup_stm32f4xx.o(.text) referenced from startup_stm32f4xx.o(RESET)
 <LI><a href="#[1f]">PVD_IRQHandler</a> from startup_stm32f4xx.o(.text) referenced from startup_stm32f4xx.o(RESET)
 <LI><a href="#[23]">RCC_IRQHandler</a> from startup_stm32f4xx.o(.text) referenced from startup_stm32f4xx.o(RESET)
 <LI><a href="#[47]">RTC_Alarm_IRQHandler</a> from startup_stm32f4xx.o(.text) referenced from startup_stm32f4xx.o(RESET)
 <LI><a href="#[21]">RTC_WKUP_IRQHandler</a> from startup_stm32f4xx.o(.text) referenced from startup_stm32f4xx.o(RESET)
 <LI><a href="#[14]">Reset_Handler</a> from startup_stm32f4xx.o(.text) referenced from startup_stm32f4xx.o(RESET)
 <LI><a href="#[4f]">SDIO_IRQHandler</a> from stm32f4xx_it.o(.text) referenced from startup_stm32f4xx.o(RESET)
 <LI><a href="#[41]">SPI1_IRQHandler</a> from startup_stm32f4xx.o(.text) referenced from startup_stm32f4xx.o(RESET)
 <LI><a href="#[42]">SPI2_IRQHandler</a> from startup_stm32f4xx.o(.text) referenced from startup_stm32f4xx.o(RESET)
 <LI><a href="#[51]">SPI3_IRQHandler</a> from startup_stm32f4xx.o(.text) referenced from startup_stm32f4xx.o(RESET)
 <LI><a href="#[1d]">SysTick_Handler</a> from tm_stm32f4_delay.o(.text) referenced from startup_stm32f4xx.o(RESET)
 <LI><a href="#[7a]">SystemInit</a> from system_stm32f4xx.o(.text) referenced from startup_stm32f4xx.o(.text)
 <LI><a href="#[20]">TAMP_STAMP_IRQHandler</a> from startup_stm32f4xx.o(.text) referenced from startup_stm32f4xx.o(RESET)
 <LI><a href="#[36]">TIM1_BRK_TIM9_IRQHandler</a> from startup_stm32f4xx.o(.text) referenced from startup_stm32f4xx.o(RESET)
 <LI><a href="#[39]">TIM1_CC_IRQHandler</a> from startup_stm32f4xx.o(.text) referenced from startup_stm32f4xx.o(RESET)
 <LI><a href="#[38]">TIM1_TRG_COM_TIM11_IRQHandler</a> from startup_stm32f4xx.o(.text) referenced from startup_stm32f4xx.o(RESET)
 <LI><a href="#[37]">TIM1_UP_TIM10_IRQHandler</a> from startup_stm32f4xx.o(.text) referenced from startup_stm32f4xx.o(RESET)
 <LI><a href="#[3a]">TIM2_IRQHandler</a> from porttimer.o(.text) referenced from startup_stm32f4xx.o(RESET)
 <LI><a href="#[3b]">TIM3_IRQHandler</a> from int_stm32f4_timer.o(.text) referenced from startup_stm32f4xx.o(RESET)
 <LI><a href="#[3c]">TIM4_IRQHandler</a> from porttimerslave.o(.text) referenced from startup_stm32f4xx.o(RESET)
 <LI><a href="#[50]">TIM5_IRQHandler</a> from stm32f4xx_it.o(.text) referenced from startup_stm32f4xx.o(RESET)
 <LI><a href="#[54]">TIM6_DAC_IRQHandler</a> from startup_stm32f4xx.o(.text) referenced from startup_stm32f4xx.o(RESET)
 <LI><a href="#[55]">TIM7_IRQHandler</a> from startup_stm32f4xx.o(.text) referenced from startup_stm32f4xx.o(RESET)
 <LI><a href="#[49]">TIM8_BRK_TIM12_IRQHandler</a> from int_stm32f4_timer.o(.text) referenced from startup_stm32f4xx.o(RESET)
 <LI><a href="#[4c]">TIM8_CC_IRQHandler</a> from startup_stm32f4xx.o(.text) referenced from startup_stm32f4xx.o(RESET)
 <LI><a href="#[4b]">TIM8_TRG_COM_TIM14_IRQHandler</a> from startup_stm32f4xx.o(.text) referenced from startup_stm32f4xx.o(RESET)
 <LI><a href="#[4a]">TIM8_UP_TIM13_IRQHandler</a> from startup_stm32f4xx.o(.text) referenced from startup_stm32f4xx.o(RESET)
 <LI><a href="#[52]">UART4_IRQHandler</a> from startup_stm32f4xx.o(.text) referenced from startup_stm32f4xx.o(RESET)
 <LI><a href="#[53]">UART5_IRQHandler</a> from startup_stm32f4xx.o(.text) referenced from startup_stm32f4xx.o(RESET)
 <LI><a href="#[43]">USART1_IRQHandler</a> from int_stm32f4_usart.o(.text) referenced from startup_stm32f4xx.o(RESET)
 <LI><a href="#[44]">USART2_IRQHandler</a> from portserialslave.o(.text) referenced from startup_stm32f4xx.o(RESET)
 <LI><a href="#[45]">USART3_IRQHandler</a> from int_stm32f4_usart.o(.text) referenced from startup_stm32f4xx.o(RESET)
 <LI><a href="#[65]">USART6_IRQHandler</a> from portserial.o(.text) referenced from startup_stm32f4xx.o(RESET)
 <LI><a href="#[19]">UsageFault_Handler</a> from stm32f4xx_it.o(.text) referenced from startup_stm32f4xx.o(RESET)
 <LI><a href="#[1e]">WWDG_IRQHandler</a> from startup_stm32f4xx.o(.text) referenced from startup_stm32f4xx.o(RESET)
 <LI><a href="#[7b]">__main</a> from entry.o(.ARM.Collect$$$$00000000) referenced from startup_stm32f4xx.o(.text)
 <LI><a href="#[8b]">_sputc</a> from printfa.o(i._sputc) referenced from printfa.o(i.__0sprintf)
 <LI><a href="#[8b]">_sputc</a> from printfa.o(i._sputc) referenced from printfa.o(i.__0vsprintf)
 <LI><a href="#[6]">eMBFuncReadCoils</a> from mbfunccoils.o(.text) referenced 2 times from mb.o(.data)
 <LI><a href="#[9]">eMBFuncReadDiscreteInputs</a> from mbfuncdisc.o(.text) referenced 2 times from mb.o(.data)
 <LI><a href="#[2]">eMBFuncReadHoldingRegister</a> from mbfuncholding.o(.text) referenced 2 times from mb.o(.data)
 <LI><a href="#[1]">eMBFuncReadInputRegister</a> from mbfuncinput.o(.text) referenced 2 times from mb.o(.data)
 <LI><a href="#[5]">eMBFuncReadWriteMultipleHoldingRegister</a> from mbfuncholding.o(.text) referenced 2 times from mb.o(.data)
 <LI><a href="#[0]">eMBFuncReportSlaveID</a> from mbfuncother.o(.text) referenced 2 times from mb.o(.data)
 <LI><a href="#[7]">eMBFuncWriteCoil</a> from mbfunccoils.o(.text) referenced 2 times from mb.o(.data)
 <LI><a href="#[4]">eMBFuncWriteHoldingRegister</a> from mbfuncholding.o(.text) referenced 2 times from mb.o(.data)
 <LI><a href="#[8]">eMBFuncWriteMultipleCoils</a> from mbfunccoils.o(.text) referenced 2 times from mb.o(.data)
 <LI><a href="#[3]">eMBFuncWriteMultipleHoldingRegister</a> from mbfuncholding.o(.text) referenced 2 times from mb.o(.data)
 <LI><a href="#[7f]">eMBRTUReceive</a> from mbrtu.o(.text) referenced from mb.o(.text)
 <LI><a href="#[7e]">eMBRTUSend</a> from mbrtu.o(.text) referenced from mb.o(.text)
 <LI><a href="#[7c]">eMBRTUStart</a> from mbrtu.o(.text) referenced from mb.o(.text)
 <LI><a href="#[7d]">eMBRTUStop</a> from mbrtu.o(.text) referenced from mb.o(.text)
 <LI><a href="#[10]">eMBSlaveFuncReadCoils</a> from mbslavefunccoils.o(.text) referenced 2 times from mbslave.o(.data)
 <LI><a href="#[13]">eMBSlaveFuncReadDiscreteInputs</a> from mbslavefuncdisc.o(.text) referenced 2 times from mbslave.o(.data)
 <LI><a href="#[c]">eMBSlaveFuncReadHoldingRegister</a> from mbslavefuncholding.o(.text) referenced 2 times from mbslave.o(.data)
 <LI><a href="#[b]">eMBSlaveFuncReadInputRegister</a> from mbslavefuncinput.o(.text) referenced 2 times from mbslave.o(.data)
 <LI><a href="#[f]">eMBSlaveFuncReadWriteMultipleHoldingRegister</a> from mbslavefuncholding.o(.text) referenced 2 times from mbslave.o(.data)
 <LI><a href="#[a]">eMBSlaveFuncReportSlaveID</a> from mbslavefuncother.o(.text) referenced 2 times from mbslave.o(.data)
 <LI><a href="#[11]">eMBSlaveFuncWriteCoil</a> from mbslavefunccoils.o(.text) referenced 2 times from mbslave.o(.data)
 <LI><a href="#[e]">eMBSlaveFuncWriteHoldingRegister</a> from mbslavefuncholding.o(.text) referenced 2 times from mbslave.o(.data)
 <LI><a href="#[12]">eMBSlaveFuncWriteMultipleCoils</a> from mbslavefunccoils.o(.text) referenced 2 times from mbslave.o(.data)
 <LI><a href="#[d]">eMBSlaveFuncWriteMultipleHoldingRegister</a> from mbslavefuncholding.o(.text) referenced 2 times from mbslave.o(.data)
 <LI><a href="#[86]">eMBSlaveRTUReceive</a> from mbslavertu.o(.text) referenced from mbslave.o(.text)
 <LI><a href="#[85]">eMBSlaveRTUSend</a> from mbslavertu.o(.text) referenced from mbslave.o(.text)
 <LI><a href="#[83]">eMBSlaveRTUStart</a> from mbslavertu.o(.text) referenced from mbslave.o(.text)
 <LI><a href="#[84]">eMBSlaveRTUStop</a> from mbslavertu.o(.text) referenced from mbslave.o(.text)
 <LI><a href="#[8a]">fputc</a> from main.o(.text) referenced from printfa.o(i.__0printf)
 <LI><a href="#[70]">main</a> from main.o(.text) referenced from entry9a.o(.ARM.Collect$$$$0000000B)
 <LI><a href="#[78]">prvIdleTask</a> from tasks.o(.text) referenced from tasks.o(.text)
 <LI><a href="#[79]">prvTaskExitError</a> from port.o(.text) referenced from port.o(.text)
 <LI><a href="#[72]">vDataBuf_Task</a> from data_task.o(.text) referenced from main.o(.text)
 <LI><a href="#[75]">vGSM_Task</a> from gsm_task.o(.text) referenced from main.o(.text)
 <LI><a href="#[73]">vLog_Task</a> from log_task.o(.text) referenced from main.o(.text)
 <LI><a href="#[71]">vManager_Task</a> from manager_task.o(.text) referenced from main.o(.text)
 <LI><a href="#[77]">vModbus_Task</a> from modbus_task.o(.text) referenced from main.o(.text)
 <LI><a href="#[1a]">vPortSVCHandler</a> from port.o(.emb_text) referenced from startup_stm32f4xx.o(RESET)
 <LI><a href="#[74]">vSDnMB_Task</a> from sd_task.o(.text) referenced from main.o(.text)
 <LI><a href="#[76]">vSensors_Task</a> from sensors_task.o(.text) referenced from main.o(.text)
 <LI><a href="#[80]">xMBRTUReceiveFSM</a> from mbrtu.o(.text) referenced from mb.o(.text)
 <LI><a href="#[82]">xMBRTUTimerT35Expired</a> from mbrtu.o(.text) referenced from mb.o(.text)
 <LI><a href="#[81]">xMBRTUTransmitFSM</a> from mbrtu.o(.text) referenced from mb.o(.text)
 <LI><a href="#[87]">xMBSlaveRTUReceiveFSM</a> from mbslavertu.o(.text) referenced from mbslave.o(.text)
 <LI><a href="#[89]">xMBSlaveRTUTimerT35Expired</a> from mbslavertu.o(.text) referenced from mbslave.o(.text)
 <LI><a href="#[88]">xMBSlaveRTUTransmitFSM</a> from mbslavertu.o(.text) referenced from mbslave.o(.text)
 <LI><a href="#[1c]">xPortPendSVHandler</a> from port.o(.emb_text) referenced from startup_stm32f4xx.o(RESET)
</UL>
<P>
<H3>
Global Symbols
</H3>
<P><STRONG><a name="[7b]"></a>__main</STRONG> (Thumb, 0 bytes, Stack size unknown bytes, entry.o(.ARM.Collect$$$$00000000))
<BR>[Address Reference Count : 1]<UL><LI> startup_stm32f4xx.o(.text)
</UL>
<P><STRONG><a name="[2fa]"></a>_main_stk</STRONG> (Thumb, 0 bytes, Stack size unknown bytes, entry2.o(.ARM.Collect$$$$00000001))

<P><STRONG><a name="[8c]"></a>_main_scatterload</STRONG> (Thumb, 0 bytes, Stack size unknown bytes, entry5.o(.ARM.Collect$$$$00000004))
<BR><BR>[Calls]<UL><LI><a href="#[8d]">&gt;&gt;</a>&nbsp;&nbsp;&nbsp;__scatterload
</UL>

<P><STRONG><a name="[2ef]"></a>__main_after_scatterload</STRONG> (Thumb, 0 bytes, Stack size unknown bytes, entry5.o(.ARM.Collect$$$$00000004))
<BR><BR>[Called By]<UL><LI><a href="#[8d]">&gt;&gt;</a>&nbsp;&nbsp;&nbsp;__scatterload
</UL>

<P><STRONG><a name="[2fb]"></a>_main_clock</STRONG> (Thumb, 0 bytes, Stack size unknown bytes, entry7b.o(.ARM.Collect$$$$00000008))

<P><STRONG><a name="[2fc]"></a>_main_cpp_init</STRONG> (Thumb, 0 bytes, Stack size unknown bytes, entry8b.o(.ARM.Collect$$$$0000000A))

<P><STRONG><a name="[2fd]"></a>_main_init</STRONG> (Thumb, 0 bytes, Stack size unknown bytes, entry9a.o(.ARM.Collect$$$$0000000B))

<P><STRONG><a name="[2fe]"></a>__rt_final_cpp</STRONG> (Thumb, 0 bytes, Stack size unknown bytes, entry10a.o(.ARM.Collect$$$$0000000D))

<P><STRONG><a name="[2ff]"></a>__rt_final_exit</STRONG> (Thumb, 0 bytes, Stack size unknown bytes, entry11a.o(.ARM.Collect$$$$0000000F))

<P><STRONG><a name="[1a]"></a>vPortSVCHandler</STRONG> (Thumb, 28 bytes, Stack size 0 bytes, port.o(.emb_text))
<BR>[Address Reference Count : 1]<UL><LI> startup_stm32f4xx.o(RESET)
</UL>
<P><STRONG><a name="[271]"></a>__asm___6_port_c_39a90d8d__prvStartFirstTask</STRONG> (Thumb, 24 bytes, Stack size 0 bytes, port.o(.emb_text))
<BR><BR>[Called By]<UL><LI><a href="#[264]">&gt;&gt;</a>&nbsp;&nbsp;&nbsp;xPortStartScheduler
</UL>

<P><STRONG><a name="[270]"></a>__asm___6_port_c_39a90d8d__prvEnableVFP</STRONG> (Thumb, 16 bytes, Stack size 0 bytes, port.o(.emb_text))
<BR><BR>[Called By]<UL><LI><a href="#[264]">&gt;&gt;</a>&nbsp;&nbsp;&nbsp;xPortStartScheduler
</UL>

<P><STRONG><a name="[1c]"></a>xPortPendSVHandler</STRONG> (Thumb, 82 bytes, Stack size 0 bytes, port.o(.emb_text))
<BR><BR>[Stack]<UL><LI>Max Depth = 312<LI>Call Chain = xPortPendSVHandler &rArr; vTaskSwitchContext &rArr; vApplicationStackOverflowHook &rArr; printDebug &rArr; __c89vsprintf
</UL>
<BR>[Calls]<UL><LI><a href="#[8e]">&gt;&gt;</a>&nbsp;&nbsp;&nbsp;vTaskSwitchContext
</UL>
<BR>[Address Reference Count : 1]<UL><LI> startup_stm32f4xx.o(RESET)
</UL>
<P><STRONG><a name="[f7]"></a>ulPortSetInterruptMask</STRONG> (Thumb, 14 bytes, Stack size 0 bytes, port.o(.emb_text))
<BR><BR>[Called By]<UL><LI><a href="#[bd]">&gt;&gt;</a>&nbsp;&nbsp;&nbsp;vTaskStartScheduler
<LI><a href="#[74]">&gt;&gt;</a>&nbsp;&nbsp;&nbsp;vSDnMB_Task
<LI><a href="#[71]">&gt;&gt;</a>&nbsp;&nbsp;&nbsp;vManager_Task
<LI><a href="#[132]">&gt;&gt;</a>&nbsp;&nbsp;&nbsp;ucDATBUF_AssemStatusSet
<LI><a href="#[12a]">&gt;&gt;</a>&nbsp;&nbsp;&nbsp;vSD_HandleDataLogQueue
<LI><a href="#[127]">&gt;&gt;</a>&nbsp;&nbsp;&nbsp;vSD_HandleEventLogQueue
<LI><a href="#[123]">&gt;&gt;</a>&nbsp;&nbsp;&nbsp;vSD_HandleConfigLogQueue
<LI><a href="#[121]">&gt;&gt;</a>&nbsp;&nbsp;&nbsp;xSD_HandleDebugLogQueue
<LI><a href="#[11f]">&gt;&gt;</a>&nbsp;&nbsp;&nbsp;bSD_HandleCopyFromSD
<LI><a href="#[272]">&gt;&gt;</a>&nbsp;&nbsp;&nbsp;xPortSysTickHandler
<LI><a href="#[79]">&gt;&gt;</a>&nbsp;&nbsp;&nbsp;prvTaskExitError
<LI><a href="#[268]">&gt;&gt;</a>&nbsp;&nbsp;&nbsp;xTaskGetTickCountFromISR
<LI><a href="#[265]">&gt;&gt;</a>&nbsp;&nbsp;&nbsp;vTaskEndScheduler
<LI><a href="#[236]">&gt;&gt;</a>&nbsp;&nbsp;&nbsp;vPortEnterCritical
<LI><a href="#[24e]">&gt;&gt;</a>&nbsp;&nbsp;&nbsp;xQueuePeekFromISR
<LI><a href="#[24d]">&gt;&gt;</a>&nbsp;&nbsp;&nbsp;xQueueReceiveFromISR
<LI><a href="#[248]">&gt;&gt;</a>&nbsp;&nbsp;&nbsp;xQueueGenericSendFromISR
</UL>

<P><STRONG><a name="[f8]"></a>vPortClearInterruptMask</STRONG> (Thumb, 6 bytes, Stack size 0 bytes, port.o(.emb_text))
<BR><BR>[Called By]<UL><LI><a href="#[74]">&gt;&gt;</a>&nbsp;&nbsp;&nbsp;vSDnMB_Task
<LI><a href="#[71]">&gt;&gt;</a>&nbsp;&nbsp;&nbsp;vManager_Task
<LI><a href="#[132]">&gt;&gt;</a>&nbsp;&nbsp;&nbsp;ucDATBUF_AssemStatusSet
<LI><a href="#[12a]">&gt;&gt;</a>&nbsp;&nbsp;&nbsp;vSD_HandleDataLogQueue
<LI><a href="#[127]">&gt;&gt;</a>&nbsp;&nbsp;&nbsp;vSD_HandleEventLogQueue
<LI><a href="#[123]">&gt;&gt;</a>&nbsp;&nbsp;&nbsp;vSD_HandleConfigLogQueue
<LI><a href="#[121]">&gt;&gt;</a>&nbsp;&nbsp;&nbsp;xSD_HandleDebugLogQueue
<LI><a href="#[11f]">&gt;&gt;</a>&nbsp;&nbsp;&nbsp;bSD_HandleCopyFromSD
<LI><a href="#[272]">&gt;&gt;</a>&nbsp;&nbsp;&nbsp;xPortSysTickHandler
<LI><a href="#[268]">&gt;&gt;</a>&nbsp;&nbsp;&nbsp;xTaskGetTickCountFromISR
<LI><a href="#[238]">&gt;&gt;</a>&nbsp;&nbsp;&nbsp;vPortExitCritical
<LI><a href="#[24e]">&gt;&gt;</a>&nbsp;&nbsp;&nbsp;xQueuePeekFromISR
<LI><a href="#[24d]">&gt;&gt;</a>&nbsp;&nbsp;&nbsp;xQueueReceiveFromISR
<LI><a href="#[248]">&gt;&gt;</a>&nbsp;&nbsp;&nbsp;xQueueGenericSendFromISR
</UL>

<P><STRONG><a name="[300]"></a>vPortGetIPSR</STRONG> (Thumb, 6 bytes, Stack size 0 bytes, port.o(.emb_text), UNUSED)

<P><STRONG><a name="[ad]"></a>delay_ms</STRONG> (Thumb, 14 bytes, Stack size 0 bytes, main.o(.text))
<BR><BR>[Called By]<UL><LI><a href="#[e9]">&gt;&gt;</a>&nbsp;&nbsp;&nbsp;fMNG_ReadBatt
<LI><a href="#[b0]">&gt;&gt;</a>&nbsp;&nbsp;&nbsp;xSDCARD_Initial
<LI><a href="#[77]">&gt;&gt;</a>&nbsp;&nbsp;&nbsp;vModbus_Task
<LI><a href="#[73]">&gt;&gt;</a>&nbsp;&nbsp;&nbsp;vLog_Task
<LI><a href="#[75]">&gt;&gt;</a>&nbsp;&nbsp;&nbsp;vGSM_Task
<LI><a href="#[bb]">&gt;&gt;</a>&nbsp;&nbsp;&nbsp;ucMNG_ReadDS1820
<LI><a href="#[98]">&gt;&gt;</a>&nbsp;&nbsp;&nbsp;EEPROM_WriteBuf
<LI><a href="#[70]">&gt;&gt;</a>&nbsp;&nbsp;&nbsp;main
<LI><a href="#[12a]">&gt;&gt;</a>&nbsp;&nbsp;&nbsp;vSD_HandleDataLogQueue
<LI><a href="#[127]">&gt;&gt;</a>&nbsp;&nbsp;&nbsp;vSD_HandleEventLogQueue
<LI><a href="#[123]">&gt;&gt;</a>&nbsp;&nbsp;&nbsp;vSD_HandleConfigLogQueue
<LI><a href="#[11f]">&gt;&gt;</a>&nbsp;&nbsp;&nbsp;bSD_HandleCopyFromSD
<LI><a href="#[10d]">&gt;&gt;</a>&nbsp;&nbsp;&nbsp;fDATBUF_ReadBoardTemp
<LI><a href="#[118]">&gt;&gt;</a>&nbsp;&nbsp;&nbsp;eValveMB_SetPointPosition
<LI><a href="#[11a]">&gt;&gt;</a>&nbsp;&nbsp;&nbsp;eValveMB_ReadInputData
<LI><a href="#[11c]">&gt;&gt;</a>&nbsp;&nbsp;&nbsp;eFlowMB_ReadHolding
<LI><a href="#[107]">&gt;&gt;</a>&nbsp;&nbsp;&nbsp;us420RClick_GetADCValue
<LI><a href="#[102]">&gt;&gt;</a>&nbsp;&nbsp;&nbsp;fSENSOR_ReadADCSensor
<LI><a href="#[f9]">&gt;&gt;</a>&nbsp;&nbsp;&nbsp;vGSM_Start
<LI><a href="#[fc]">&gt;&gt;</a>&nbsp;&nbsp;&nbsp;vGSM_SendHTTPGET
<LI><a href="#[100]">&gt;&gt;</a>&nbsp;&nbsp;&nbsp;vGSM_Restart
<LI><a href="#[101]">&gt;&gt;</a>&nbsp;&nbsp;&nbsp;vGSM_PowerOff
<LI><a href="#[fb]">&gt;&gt;</a>&nbsp;&nbsp;&nbsp;ucGSM_ReadSignalQuality
<LI><a href="#[ff]">&gt;&gt;</a>&nbsp;&nbsp;&nbsp;ucGSM_ConnectTCP
<LI><a href="#[fd]">&gt;&gt;</a>&nbsp;&nbsp;&nbsp;eGSM_transmitPacket
<LI><a href="#[1db]">&gt;&gt;</a>&nbsp;&nbsp;&nbsp;usUSART_ReadUart1
<LI><a href="#[1d5]">&gt;&gt;</a>&nbsp;&nbsp;&nbsp;ucPTCHANDLE_ConfigWrite
<LI><a href="#[21f]">&gt;&gt;</a>&nbsp;&nbsp;&nbsp;eValveMB_ReadHolding
<LI><a href="#[21c]">&gt;&gt;</a>&nbsp;&nbsp;&nbsp;eValveMB_CommandDirection
<LI><a href="#[20d]">&gt;&gt;</a>&nbsp;&nbsp;&nbsp;ucGSM_GetProvider
<LI><a href="#[209]">&gt;&gt;</a>&nbsp;&nbsp;&nbsp;ucGSM_QueryState
<LI><a href="#[208]">&gt;&gt;</a>&nbsp;&nbsp;&nbsp;ucGSM_waitForConnect
<LI><a href="#[203]">&gt;&gt;</a>&nbsp;&nbsp;&nbsp;ucGSM_waitForOk
<LI><a href="#[1fc]">&gt;&gt;</a>&nbsp;&nbsp;&nbsp;usiUSART_ReadGSM
</UL>

<P><STRONG><a name="[8f]"></a>vMAIN_PrintConfig</STRONG> (Thumb, 5238 bytes, Stack size 648 bytes, main.o(.text))
<BR><BR>[Stack]<UL><LI>Max Depth = 1032<LI>Call Chain = vMAIN_PrintConfig &rArr; printDebug_Semphr &rArr; xQueueGenericSend &rArr; xTaskResumeAll &rArr; xTaskIncrementTick
</UL>
<BR>[Calls]<UL><LI><a href="#[93]">&gt;&gt;</a>&nbsp;&nbsp;&nbsp;xQueueGenericSend
<LI><a href="#[90]">&gt;&gt;</a>&nbsp;&nbsp;&nbsp;xQueueGenericReceive
<LI><a href="#[95]">&gt;&gt;</a>&nbsp;&nbsp;&nbsp;print_payload
<LI><a href="#[96]">&gt;&gt;</a>&nbsp;&nbsp;&nbsp;printDebug_Semphr
<LI><a href="#[91]">&gt;&gt;</a>&nbsp;&nbsp;&nbsp;printDebug
<LI><a href="#[92]">&gt;&gt;</a>&nbsp;&nbsp;&nbsp;__aeabi_f2d
<LI><a href="#[94]">&gt;&gt;</a>&nbsp;&nbsp;&nbsp;__aeabi_memcpy
</UL>
<BR>[Called By]<UL><LI><a href="#[70]">&gt;&gt;</a>&nbsp;&nbsp;&nbsp;main
<LI><a href="#[11f]">&gt;&gt;</a>&nbsp;&nbsp;&nbsp;bSD_HandleCopyFromSD
<LI><a href="#[1d5]">&gt;&gt;</a>&nbsp;&nbsp;&nbsp;ucPTCHANDLE_ConfigWrite
</UL>

<P><STRONG><a name="[97]"></a>ucMAIN_SetDefaultConfig</STRONG> (Thumb, 2296 bytes, Stack size 56 bytes, main.o(.text))
<BR><BR>[Stack]<UL><LI>Max Depth = 360<LI>Call Chain = ucMAIN_SetDefaultConfig &rArr; printDebug &rArr; __c89vsprintf
</UL>
<BR>[Calls]<UL><LI><a href="#[91]">&gt;&gt;</a>&nbsp;&nbsp;&nbsp;printDebug
<LI><a href="#[98]">&gt;&gt;</a>&nbsp;&nbsp;&nbsp;EEPROM_WriteBuf
<LI><a href="#[94]">&gt;&gt;</a>&nbsp;&nbsp;&nbsp;__aeabi_memcpy
</UL>
<BR>[Called By]<UL><LI><a href="#[70]">&gt;&gt;</a>&nbsp;&nbsp;&nbsp;main
<LI><a href="#[1d5]">&gt;&gt;</a>&nbsp;&nbsp;&nbsp;ucPTCHANDLE_ConfigWrite
</UL>

<P><STRONG><a name="[99]"></a>ucMAIN_SetDefaultStatus</STRONG> (Thumb, 62 bytes, Stack size 8 bytes, main.o(.text))
<BR><BR>[Stack]<UL><LI>Max Depth = 312<LI>Call Chain = ucMAIN_SetDefaultStatus &rArr; printDebug &rArr; __c89vsprintf
</UL>
<BR>[Calls]<UL><LI><a href="#[91]">&gt;&gt;</a>&nbsp;&nbsp;&nbsp;printDebug
<LI><a href="#[98]">&gt;&gt;</a>&nbsp;&nbsp;&nbsp;EEPROM_WriteBuf
</UL>
<BR>[Called By]<UL><LI><a href="#[70]">&gt;&gt;</a>&nbsp;&nbsp;&nbsp;main
</UL>

<P><STRONG><a name="[9a]"></a>ucMAIN_SetDefaultInformation</STRONG> (Thumb, 948 bytes, Stack size 8 bytes, main.o(.text))
<BR><BR>[Stack]<UL><LI>Max Depth = 312<LI>Call Chain = ucMAIN_SetDefaultInformation &rArr; printDebug &rArr; __c89vsprintf
</UL>
<BR>[Calls]<UL><LI><a href="#[91]">&gt;&gt;</a>&nbsp;&nbsp;&nbsp;printDebug
<LI><a href="#[98]">&gt;&gt;</a>&nbsp;&nbsp;&nbsp;EEPROM_WriteBuf
</UL>
<BR>[Called By]<UL><LI><a href="#[70]">&gt;&gt;</a>&nbsp;&nbsp;&nbsp;main
<LI><a href="#[1d5]">&gt;&gt;</a>&nbsp;&nbsp;&nbsp;ucPTCHANDLE_ConfigWrite
</UL>

<P><STRONG><a name="[70]"></a>main</STRONG> (Thumb, 10062 bytes, Stack size 3360 bytes, main.o(.text))
<BR><BR>[Stack]<UL><LI>Max Depth = 4392<LI>Call Chain = main &rArr; vMAIN_PrintConfig &rArr; printDebug_Semphr &rArr; xQueueGenericSend &rArr; xTaskResumeAll &rArr; xTaskIncrementTick
</UL>
<BR>[Calls]<UL><LI><a href="#[bc]">&gt;&gt;</a>&nbsp;&nbsp;&nbsp;xTaskGenericCreate
<LI><a href="#[b7]">&gt;&gt;</a>&nbsp;&nbsp;&nbsp;xSDCARD_WriteData
<LI><a href="#[b1]">&gt;&gt;</a>&nbsp;&nbsp;&nbsp;xSDCARD_ReadMemoryRemain
<LI><a href="#[b5]">&gt;&gt;</a>&nbsp;&nbsp;&nbsp;xSDCARD_ReadData
<LI><a href="#[b3]">&gt;&gt;</a>&nbsp;&nbsp;&nbsp;xSDCARD_OpenFile
<LI><a href="#[b0]">&gt;&gt;</a>&nbsp;&nbsp;&nbsp;xSDCARD_Initial
<LI><a href="#[b8]">&gt;&gt;</a>&nbsp;&nbsp;&nbsp;xSDCARD_CreateFile
<LI><a href="#[b4]">&gt;&gt;</a>&nbsp;&nbsp;&nbsp;xSDCARD_CloseFile
<LI><a href="#[93]">&gt;&gt;</a>&nbsp;&nbsp;&nbsp;xQueueGenericSend
<LI><a href="#[b9]">&gt;&gt;</a>&nbsp;&nbsp;&nbsp;xQueueGenericCreate
<LI><a href="#[af]">&gt;&gt;</a>&nbsp;&nbsp;&nbsp;xQueueCreateMutex
<LI><a href="#[a5]">&gt;&gt;</a>&nbsp;&nbsp;&nbsp;vUSART_Initial
<LI><a href="#[bd]">&gt;&gt;</a>&nbsp;&nbsp;&nbsp;vTaskStartScheduler
<LI><a href="#[a8]">&gt;&gt;</a>&nbsp;&nbsp;&nbsp;vTIMER_initialTimer3
<LI><a href="#[a9]">&gt;&gt;</a>&nbsp;&nbsp;&nbsp;vTIMER_initialTimer12
<LI><a href="#[ba]">&gt;&gt;</a>&nbsp;&nbsp;&nbsp;vRTC_GetDateTime
<LI><a href="#[a6]">&gt;&gt;</a>&nbsp;&nbsp;&nbsp;vONEWIRE_Init
<LI><a href="#[ab]">&gt;&gt;</a>&nbsp;&nbsp;&nbsp;v420RCLICK_InitialSPI1
<LI><a href="#[aa]">&gt;&gt;</a>&nbsp;&nbsp;&nbsp;ucRTC_Initial
<LI><a href="#[bb]">&gt;&gt;</a>&nbsp;&nbsp;&nbsp;ucMNG_ReadDS1820
<LI><a href="#[96]">&gt;&gt;</a>&nbsp;&nbsp;&nbsp;printDebug_Semphr
<LI><a href="#[91]">&gt;&gt;</a>&nbsp;&nbsp;&nbsp;printDebug
<LI><a href="#[92]">&gt;&gt;</a>&nbsp;&nbsp;&nbsp;__aeabi_f2d
<LI><a href="#[ac]">&gt;&gt;</a>&nbsp;&nbsp;&nbsp;TM_ADC_Init
<LI><a href="#[ae]">&gt;&gt;</a>&nbsp;&nbsp;&nbsp;RCC_GetClocksFreq
<LI><a href="#[9e]">&gt;&gt;</a>&nbsp;&nbsp;&nbsp;GPIO_SetBits
<LI><a href="#[9f]">&gt;&gt;</a>&nbsp;&nbsp;&nbsp;GPIO_ResetBits
<LI><a href="#[98]">&gt;&gt;</a>&nbsp;&nbsp;&nbsp;EEPROM_WriteBuf
<LI><a href="#[b2]">&gt;&gt;</a>&nbsp;&nbsp;&nbsp;EEPROM_ReadBuf
<LI><a href="#[a7]">&gt;&gt;</a>&nbsp;&nbsp;&nbsp;EEPROM_InitI2C1
<LI><a href="#[9a]">&gt;&gt;</a>&nbsp;&nbsp;&nbsp;ucMAIN_SetDefaultInformation
<LI><a href="#[99]">&gt;&gt;</a>&nbsp;&nbsp;&nbsp;ucMAIN_SetDefaultStatus
<LI><a href="#[97]">&gt;&gt;</a>&nbsp;&nbsp;&nbsp;ucMAIN_SetDefaultConfig
<LI><a href="#[8f]">&gt;&gt;</a>&nbsp;&nbsp;&nbsp;vMAIN_PrintConfig
<LI><a href="#[ad]">&gt;&gt;</a>&nbsp;&nbsp;&nbsp;delay_ms
<LI><a href="#[a0]">&gt;&gt;</a>&nbsp;&nbsp;&nbsp;SL_InitialDigitalInput
<LI><a href="#[9b]">&gt;&gt;</a>&nbsp;&nbsp;&nbsp;SL_InitialDigitalOutput
<LI><a href="#[b6]">&gt;&gt;</a>&nbsp;&nbsp;&nbsp;memcmp
</UL>
<BR>[Address Reference Count : 1]<UL><LI> entry9a.o(.ARM.Collect$$$$0000000B)
</UL>
<P><STRONG><a name="[220]"></a>delay_us</STRONG> (Thumb, 16 bytes, Stack size 0 bytes, main.o(.text))
<BR><BR>[Called By]<UL><LI><a href="#[cb]">&gt;&gt;</a>&nbsp;&nbsp;&nbsp;ucONEWIRE_Reset
<LI><a href="#[222]">&gt;&gt;</a>&nbsp;&nbsp;&nbsp;vONEWIRE_WriteBit
<LI><a href="#[221]">&gt;&gt;</a>&nbsp;&nbsp;&nbsp;ucONEWIRE_ReadBit
</UL>

<P><STRONG><a name="[be]"></a>fatfs_err</STRONG> (Thumb, 42 bytes, Stack size 8 bytes, main.o(.text), UNUSED)
<BR><BR>[Calls]<UL><LI><a href="#[91]">&gt;&gt;</a>&nbsp;&nbsp;&nbsp;printDebug
</UL>

<P><STRONG><a name="[bf]"></a>vApplicationMallocFailedHook</STRONG> (Thumb, 10 bytes, Stack size 0 bytes, main.o(.text))
<BR><BR>[Stack]<UL><LI>Max Depth = 304<LI>Call Chain = vApplicationMallocFailedHook &rArr; printDebug &rArr; __c89vsprintf
</UL>
<BR>[Calls]<UL><LI><a href="#[91]">&gt;&gt;</a>&nbsp;&nbsp;&nbsp;printDebug
</UL>
<BR>[Called By]<UL><LI><a href="#[23b]">&gt;&gt;</a>&nbsp;&nbsp;&nbsp;pvPortMalloc
</UL>

<P><STRONG><a name="[c0]"></a>vApplicationStackOverflowHook</STRONG> (Thumb, 24 bytes, Stack size 0 bytes, main.o(.text))
<BR><BR>[Stack]<UL><LI>Max Depth = 304<LI>Call Chain = vApplicationStackOverflowHook &rArr; printDebug &rArr; __c89vsprintf
</UL>
<BR>[Calls]<UL><LI><a href="#[91]">&gt;&gt;</a>&nbsp;&nbsp;&nbsp;printDebug
<LI><a href="#[9e]">&gt;&gt;</a>&nbsp;&nbsp;&nbsp;GPIO_SetBits
</UL>
<BR>[Called By]<UL><LI><a href="#[8e]">&gt;&gt;</a>&nbsp;&nbsp;&nbsp;vTaskSwitchContext
</UL>

<P><STRONG><a name="[8a]"></a>fputc</STRONG> (Thumb, 30 bytes, Stack size 16 bytes, main.o(.text))
<BR><BR>[Stack]<UL><LI>Max Depth = 16<LI>Call Chain = fputc
</UL>
<BR>[Calls]<UL><LI><a href="#[c1]">&gt;&gt;</a>&nbsp;&nbsp;&nbsp;USART_SendData
<LI><a href="#[c2]">&gt;&gt;</a>&nbsp;&nbsp;&nbsp;USART_GetFlagStatus
</UL>
<BR>[Address Reference Count : 1]<UL><LI> printfa.o(i.__0printf)
</UL>
<P><STRONG><a name="[7a]"></a>SystemInit</STRONG> (Thumb, 74 bytes, Stack size 8 bytes, system_stm32f4xx.o(.text))
<BR><BR>[Stack]<UL><LI>Max Depth = 20<LI>Call Chain = SystemInit &rArr; SetSysClock
</UL>
<BR>[Calls]<UL><LI><a href="#[c3]">&gt;&gt;</a>&nbsp;&nbsp;&nbsp;SetSysClock
</UL>
<BR>[Address Reference Count : 1]<UL><LI> startup_stm32f4xx.o(.text)
</UL>
<P><STRONG><a name="[301]"></a>SystemCoreClockUpdate</STRONG> (Thumb, 122 bytes, Stack size 16 bytes, system_stm32f4xx.o(.text), UNUSED)

<P><STRONG><a name="[15]"></a>NMI_Handler</STRONG> (Thumb, 2 bytes, Stack size 0 bytes, stm32f4xx_it.o(.text))
<BR>[Address Reference Count : 1]<UL><LI> startup_stm32f4xx.o(RESET)
</UL>
<P><STRONG><a name="[16]"></a>HardFault_Handler</STRONG> (Thumb, 20 bytes, Stack size 0 bytes, stm32f4xx_it.o(.text))
<BR><BR>[Stack]<UL><LI>Max Depth = 384<LI>Call Chain = HardFault_Handler &rArr; printDebug_Semphr &rArr; xQueueGenericSend &rArr; xTaskResumeAll &rArr; xTaskIncrementTick
</UL>
<BR>[Calls]<UL><LI><a href="#[96]">&gt;&gt;</a>&nbsp;&nbsp;&nbsp;printDebug_Semphr
</UL>
<BR>[Address Reference Count : 1]<UL><LI> startup_stm32f4xx.o(RESET)
</UL>
<P><STRONG><a name="[17]"></a>MemManage_Handler</STRONG> (Thumb, 10 bytes, Stack size 0 bytes, stm32f4xx_it.o(.text))
<BR><BR>[Stack]<UL><LI>Max Depth = 384<LI>Call Chain = MemManage_Handler &rArr; printDebug_Semphr &rArr; xQueueGenericSend &rArr; xTaskResumeAll &rArr; xTaskIncrementTick
</UL>
<BR>[Calls]<UL><LI><a href="#[96]">&gt;&gt;</a>&nbsp;&nbsp;&nbsp;printDebug_Semphr
</UL>
<BR>[Address Reference Count : 1]<UL><LI> startup_stm32f4xx.o(RESET)
</UL>
<P><STRONG><a name="[18]"></a>BusFault_Handler</STRONG> (Thumb, 10 bytes, Stack size 0 bytes, stm32f4xx_it.o(.text))
<BR><BR>[Stack]<UL><LI>Max Depth = 384<LI>Call Chain = BusFault_Handler &rArr; printDebug_Semphr &rArr; xQueueGenericSend &rArr; xTaskResumeAll &rArr; xTaskIncrementTick
</UL>
<BR>[Calls]<UL><LI><a href="#[96]">&gt;&gt;</a>&nbsp;&nbsp;&nbsp;printDebug_Semphr
</UL>
<BR>[Address Reference Count : 1]<UL><LI> startup_stm32f4xx.o(RESET)
</UL>
<P><STRONG><a name="[19]"></a>UsageFault_Handler</STRONG> (Thumb, 10 bytes, Stack size 0 bytes, stm32f4xx_it.o(.text))
<BR><BR>[Stack]<UL><LI>Max Depth = 384<LI>Call Chain = UsageFault_Handler &rArr; printDebug_Semphr &rArr; xQueueGenericSend &rArr; xTaskResumeAll &rArr; xTaskIncrementTick
</UL>
<BR>[Calls]<UL><LI><a href="#[96]">&gt;&gt;</a>&nbsp;&nbsp;&nbsp;printDebug_Semphr
</UL>
<BR>[Address Reference Count : 1]<UL><LI> startup_stm32f4xx.o(RESET)
</UL>
<P><STRONG><a name="[c4]"></a>SVC_Handler</STRONG> (Thumb, 8 bytes, Stack size 0 bytes, stm32f4xx_it.o(.text), UNUSED)
<BR><BR>[Calls]<UL><LI><a href="#[96]">&gt;&gt;</a>&nbsp;&nbsp;&nbsp;printDebug_Semphr
</UL>

<P><STRONG><a name="[1b]"></a>DebugMon_Handler</STRONG> (Thumb, 8 bytes, Stack size 0 bytes, stm32f4xx_it.o(.text))
<BR><BR>[Stack]<UL><LI>Max Depth = 384<LI>Call Chain = DebugMon_Handler &rArr; printDebug_Semphr &rArr; xQueueGenericSend &rArr; xTaskResumeAll &rArr; xTaskIncrementTick
</UL>
<BR>[Calls]<UL><LI><a href="#[96]">&gt;&gt;</a>&nbsp;&nbsp;&nbsp;printDebug_Semphr
</UL>
<BR>[Address Reference Count : 1]<UL><LI> startup_stm32f4xx.o(RESET)
</UL>
<P><STRONG><a name="[c5]"></a>PendSV_Handler</STRONG> (Thumb, 8 bytes, Stack size 0 bytes, stm32f4xx_it.o(.text), UNUSED)
<BR><BR>[Calls]<UL><LI><a href="#[96]">&gt;&gt;</a>&nbsp;&nbsp;&nbsp;printDebug_Semphr
</UL>

<P><STRONG><a name="[4f]"></a>SDIO_IRQHandler</STRONG> (Thumb, 4 bytes, Stack size 0 bytes, stm32f4xx_it.o(.text))
<BR><BR>[Stack]<UL><LI>Max Depth = 16<LI>Call Chain = SDIO_IRQHandler &rArr; SD_ProcessIRQSrc
</UL>
<BR>[Calls]<UL><LI><a href="#[c6]">&gt;&gt;</a>&nbsp;&nbsp;&nbsp;SD_ProcessIRQSrc
</UL>
<BR>[Address Reference Count : 1]<UL><LI> startup_stm32f4xx.o(RESET)
</UL>
<P><STRONG><a name="[59]"></a>DMA2_Stream3_IRQHandler</STRONG> (Thumb, 4 bytes, Stack size 0 bytes, stm32f4xx_it.o(.text))
<BR><BR>[Calls]<UL><LI><a href="#[c7]">&gt;&gt;</a>&nbsp;&nbsp;&nbsp;SD_ProcessDMAIRQ
</UL>
<BR>[Address Reference Count : 1]<UL><LI> startup_stm32f4xx.o(RESET)
</UL>
<P><STRONG><a name="[50]"></a>TIM5_IRQHandler</STRONG> (Thumb, 72 bytes, Stack size 16 bytes, stm32f4xx_it.o(.text))
<BR><BR>[Stack]<UL><LI>Max Depth = 16<LI>Call Chain = TIM5_IRQHandler
</UL>
<BR>[Calls]<UL><LI><a href="#[c8]">&gt;&gt;</a>&nbsp;&nbsp;&nbsp;TIM_GetITStatus
<LI><a href="#[c9]">&gt;&gt;</a>&nbsp;&nbsp;&nbsp;TIM_GetCapture4
<LI><a href="#[ca]">&gt;&gt;</a>&nbsp;&nbsp;&nbsp;TIM_ClearITPendingBit
</UL>
<BR>[Address Reference Count : 1]<UL><LI> startup_stm32f4xx.o(RESET)
</UL>
<P><STRONG><a name="[bb]"></a>ucMNG_ReadDS1820</STRONG> (Thumb, 106 bytes, Stack size 16 bytes, manager_task.o(.text))
<BR><BR>[Stack]<UL><LI>Max Depth = 104<LI>Call Chain = ucMNG_ReadDS1820 &rArr; __aeabi_dmul &rArr; _double_epilogue &rArr; _double_round
</UL>
<BR>[Calls]<UL><LI><a href="#[ad]">&gt;&gt;</a>&nbsp;&nbsp;&nbsp;delay_ms
<LI><a href="#[cc]">&gt;&gt;</a>&nbsp;&nbsp;&nbsp;vONEWIRE_WriteByte
<LI><a href="#[cb]">&gt;&gt;</a>&nbsp;&nbsp;&nbsp;ucONEWIRE_Reset
<LI><a href="#[cd]">&gt;&gt;</a>&nbsp;&nbsp;&nbsp;ucONEWIRE_ReadByte
<LI><a href="#[ce]">&gt;&gt;</a>&nbsp;&nbsp;&nbsp;__aeabi_ui2d
<LI><a href="#[cf]">&gt;&gt;</a>&nbsp;&nbsp;&nbsp;__aeabi_dmul
<LI><a href="#[d0]">&gt;&gt;</a>&nbsp;&nbsp;&nbsp;__aeabi_d2f
</UL>
<BR>[Called By]<UL><LI><a href="#[71]">&gt;&gt;</a>&nbsp;&nbsp;&nbsp;vManager_Task
<LI><a href="#[70]">&gt;&gt;</a>&nbsp;&nbsp;&nbsp;main
<LI><a href="#[132]">&gt;&gt;</a>&nbsp;&nbsp;&nbsp;ucDATBUF_AssemStatusSet
</UL>

<P><STRONG><a name="[d2]"></a>DefEvSrc</STRONG> (Thumb, 54 bytes, Stack size 0 bytes, manager_task.o(.text))
<BR><BR>[Called By]<UL><LI><a href="#[d1]">&gt;&gt;</a>&nbsp;&nbsp;&nbsp;bMNG_CheckAlarmFromSrc
</UL>

<P><STRONG><a name="[d4]"></a>bMNG_CheckDINStatusAlarm</STRONG> (Thumb, 110 bytes, Stack size 24 bytes, manager_task.o(.text))
<BR><BR>[Stack]<UL><LI>Max Depth = 24<LI>Call Chain = bMNG_CheckDINStatusAlarm
</UL>
<BR>[Calls]<UL><LI><a href="#[d6]">&gt;&gt;</a>&nbsp;&nbsp;&nbsp;ucTIMER_SetTimer
<LI><a href="#[d5]">&gt;&gt;</a>&nbsp;&nbsp;&nbsp;cTIMER_CheckTimerExceed
</UL>
<BR>[Called By]<UL><LI><a href="#[d9]">&gt;&gt;</a>&nbsp;&nbsp;&nbsp;vMNG_EventCapture
</UL>

<P><STRONG><a name="[de]"></a>bMNG_CheckSensPULSEDataAlarm</STRONG> (Thumb, 32 bytes, Stack size 8 bytes, manager_task.o(.text))
<BR><BR>[Stack]<UL><LI>Max Depth = 8<LI>Call Chain = bMNG_CheckSensPULSEDataAlarm
</UL>
<BR>[Called By]<UL><LI><a href="#[d9]">&gt;&gt;</a>&nbsp;&nbsp;&nbsp;vMNG_EventCapture
</UL>

<P><STRONG><a name="[d7]"></a>bMNG_CheckSensADCDataAlarm</STRONG> (Thumb, 50 bytes, Stack size 16 bytes, manager_task.o(.text))
<BR><BR>[Stack]<UL><LI>Max Depth = 400<LI>Call Chain = bMNG_CheckSensADCDataAlarm &rArr; printDebug_Semphr &rArr; xQueueGenericSend &rArr; xTaskResumeAll &rArr; xTaskIncrementTick
</UL>
<BR>[Calls]<UL><LI><a href="#[96]">&gt;&gt;</a>&nbsp;&nbsp;&nbsp;printDebug_Semphr
</UL>
<BR>[Called By]<UL><LI><a href="#[d9]">&gt;&gt;</a>&nbsp;&nbsp;&nbsp;vMNG_EventCapture
</UL>

<P><STRONG><a name="[d8]"></a>bMNG_CheckSens420DataAlarm</STRONG> (Thumb, 50 bytes, Stack size 16 bytes, manager_task.o(.text))
<BR><BR>[Stack]<UL><LI>Max Depth = 400<LI>Call Chain = bMNG_CheckSens420DataAlarm &rArr; printDebug_Semphr &rArr; xQueueGenericSend &rArr; xTaskResumeAll &rArr; xTaskIncrementTick
</UL>
<BR>[Calls]<UL><LI><a href="#[96]">&gt;&gt;</a>&nbsp;&nbsp;&nbsp;printDebug_Semphr
</UL>
<BR>[Called By]<UL><LI><a href="#[d9]">&gt;&gt;</a>&nbsp;&nbsp;&nbsp;vMNG_EventCapture
</UL>

<P><STRONG><a name="[dd]"></a>bMNG_CheckSens420StatusAlarm</STRONG> (Thumb, 32 bytes, Stack size 12 bytes, manager_task.o(.text))
<BR><BR>[Stack]<UL><LI>Max Depth = 12<LI>Call Chain = bMNG_CheckSens420StatusAlarm
</UL>
<BR>[Called By]<UL><LI><a href="#[d9]">&gt;&gt;</a>&nbsp;&nbsp;&nbsp;vMNG_EventCapture
</UL>

<P><STRONG><a name="[da]"></a>bMNG_CheckBatteryAlarm</STRONG> (Thumb, 30 bytes, Stack size 8 bytes, manager_task.o(.text))
<BR><BR>[Stack]<UL><LI>Max Depth = 8<LI>Call Chain = bMNG_CheckBatteryAlarm
</UL>
<BR>[Called By]<UL><LI><a href="#[d9]">&gt;&gt;</a>&nbsp;&nbsp;&nbsp;vMNG_EventCapture
</UL>

<P><STRONG><a name="[e9]"></a>fMNG_ReadBatt</STRONG> (Thumb, 194 bytes, Stack size 120 bytes, manager_task.o(.text))
<BR><BR>[Stack]<UL><LI>Max Depth = 208<LI>Call Chain = fMNG_ReadBatt &rArr; __aeabi_dmul &rArr; _double_epilogue &rArr; _double_round
</UL>
<BR>[Calls]<UL><LI><a href="#[ea]">&gt;&gt;</a>&nbsp;&nbsp;&nbsp;TM_ADC_Read
<LI><a href="#[92]">&gt;&gt;</a>&nbsp;&nbsp;&nbsp;__aeabi_f2d
<LI><a href="#[ad]">&gt;&gt;</a>&nbsp;&nbsp;&nbsp;delay_ms
<LI><a href="#[cf]">&gt;&gt;</a>&nbsp;&nbsp;&nbsp;__aeabi_dmul
<LI><a href="#[eb]">&gt;&gt;</a>&nbsp;&nbsp;&nbsp;__aeabi_ddiv
<LI><a href="#[d0]">&gt;&gt;</a>&nbsp;&nbsp;&nbsp;__aeabi_d2f
</UL>
<BR>[Called By]<UL><LI><a href="#[71]">&gt;&gt;</a>&nbsp;&nbsp;&nbsp;vManager_Task
</UL>

<P><STRONG><a name="[71]"></a>vManager_Task</STRONG> (Thumb, 3034 bytes, Stack size 344 bytes, manager_task.o(.text))
<BR><BR>[Stack]<UL><LI>Max Depth = 2824<LI>Call Chain = vManager_Task &rArr; ucPROCOMM_ReceivePacket &rArr; xPROCOMM_ProcessPacket &rArr; ucPTCHANDLE_ConfigWrite &rArr; vMAIN_PrintConfig &rArr; printDebug_Semphr &rArr; xQueueGenericSend &rArr; xTaskResumeAll &rArr; xTaskIncrementTick
</UL>
<BR>[Calls]<UL><LI><a href="#[f1]">&gt;&gt;</a>&nbsp;&nbsp;&nbsp;IWDG_ReloadCounter
<LI><a href="#[f0]">&gt;&gt;</a>&nbsp;&nbsp;&nbsp;GPIO_WriteBit
<LI><a href="#[e9]">&gt;&gt;</a>&nbsp;&nbsp;&nbsp;fMNG_ReadBatt
<LI><a href="#[f2]">&gt;&gt;</a>&nbsp;&nbsp;&nbsp;NVIC_SystemReset
<LI><a href="#[ec]">&gt;&gt;</a>&nbsp;&nbsp;&nbsp;xMNG_SendJoin
<LI><a href="#[e5]">&gt;&gt;</a>&nbsp;&nbsp;&nbsp;vMNG_TransmitEvent
<LI><a href="#[e3]">&gt;&gt;</a>&nbsp;&nbsp;&nbsp;vMNG_UpdateConfigCapture
<LI><a href="#[df]">&gt;&gt;</a>&nbsp;&nbsp;&nbsp;vMNG_TransmitConfig
<LI><a href="#[d9]">&gt;&gt;</a>&nbsp;&nbsp;&nbsp;vMNG_EventCapture
<LI><a href="#[d3]">&gt;&gt;</a>&nbsp;&nbsp;&nbsp;bMNG_CheckAlarm
<LI><a href="#[93]">&gt;&gt;</a>&nbsp;&nbsp;&nbsp;xQueueGenericSend
<LI><a href="#[90]">&gt;&gt;</a>&nbsp;&nbsp;&nbsp;xQueueGenericReceive
<LI><a href="#[ba]">&gt;&gt;</a>&nbsp;&nbsp;&nbsp;vRTC_GetDateTime
<LI><a href="#[bb]">&gt;&gt;</a>&nbsp;&nbsp;&nbsp;ucMNG_ReadDS1820
<LI><a href="#[96]">&gt;&gt;</a>&nbsp;&nbsp;&nbsp;printDebug_Semphr
<LI><a href="#[91]">&gt;&gt;</a>&nbsp;&nbsp;&nbsp;printDebug
<LI><a href="#[92]">&gt;&gt;</a>&nbsp;&nbsp;&nbsp;__aeabi_f2d
<LI><a href="#[9e]">&gt;&gt;</a>&nbsp;&nbsp;&nbsp;GPIO_SetBits
<LI><a href="#[9f]">&gt;&gt;</a>&nbsp;&nbsp;&nbsp;GPIO_ResetBits
<LI><a href="#[98]">&gt;&gt;</a>&nbsp;&nbsp;&nbsp;EEPROM_WriteBuf
<LI><a href="#[ed]">&gt;&gt;</a>&nbsp;&nbsp;&nbsp;xPROCOMM_SendNetworkMaintCMD
<LI><a href="#[f3]">&gt;&gt;</a>&nbsp;&nbsp;&nbsp;xPROCOMM_SendConfigManageACK
<LI><a href="#[f4]">&gt;&gt;</a>&nbsp;&nbsp;&nbsp;xPROCOMM_ProcessPacket
<LI><a href="#[ef]">&gt;&gt;</a>&nbsp;&nbsp;&nbsp;vWDG_IntialIWDG
<LI><a href="#[f8]">&gt;&gt;</a>&nbsp;&nbsp;&nbsp;vPortClearInterruptMask
<LI><a href="#[f6]">&gt;&gt;</a>&nbsp;&nbsp;&nbsp;vPKTQUEUE_Retransmit
<LI><a href="#[ee]">&gt;&gt;</a>&nbsp;&nbsp;&nbsp;vPKTQUEUE_Initial
<LI><a href="#[f7]">&gt;&gt;</a>&nbsp;&nbsp;&nbsp;ulPortSetInterruptMask
<LI><a href="#[db]">&gt;&gt;</a>&nbsp;&nbsp;&nbsp;uiRTC_GetEpochTime
<LI><a href="#[d6]">&gt;&gt;</a>&nbsp;&nbsp;&nbsp;ucTIMER_SetTimer
<LI><a href="#[f5]">&gt;&gt;</a>&nbsp;&nbsp;&nbsp;ucPROCOMM_ReceivePacket
<LI><a href="#[d5]">&gt;&gt;</a>&nbsp;&nbsp;&nbsp;cTIMER_CheckTimerExceed
</UL>
<BR>[Address Reference Count : 1]<UL><LI> main.o(.text)
</UL>
<P><STRONG><a name="[302]"></a>bMNG_CheckMemoryStatusAlarm</STRONG> (Thumb, 30 bytes, Stack size 8 bytes, manager_task.o(.text), UNUSED)

<P><STRONG><a name="[75]"></a>vGSM_Task</STRONG> (Thumb, 542 bytes, Stack size 520 bytes, gsm_task.o(.text))
<BR><BR>[Stack]<UL><LI>Max Depth = 1944<LI>Call Chain = vGSM_Task &rArr; vGSM_SendHTTPGET &rArr; printDebug_Semphr &rArr; xQueueGenericSend &rArr; xTaskResumeAll &rArr; xTaskIncrementTick
</UL>
<BR>[Calls]<UL><LI><a href="#[90]">&gt;&gt;</a>&nbsp;&nbsp;&nbsp;xQueueGenericReceive
<LI><a href="#[96]">&gt;&gt;</a>&nbsp;&nbsp;&nbsp;printDebug_Semphr
<LI><a href="#[9e]">&gt;&gt;</a>&nbsp;&nbsp;&nbsp;GPIO_SetBits
<LI><a href="#[9f]">&gt;&gt;</a>&nbsp;&nbsp;&nbsp;GPIO_ResetBits
<LI><a href="#[ad]">&gt;&gt;</a>&nbsp;&nbsp;&nbsp;delay_ms
<LI><a href="#[f9]">&gt;&gt;</a>&nbsp;&nbsp;&nbsp;vGSM_Start
<LI><a href="#[fc]">&gt;&gt;</a>&nbsp;&nbsp;&nbsp;vGSM_SendHTTPGET
<LI><a href="#[100]">&gt;&gt;</a>&nbsp;&nbsp;&nbsp;vGSM_Restart
<LI><a href="#[101]">&gt;&gt;</a>&nbsp;&nbsp;&nbsp;vGSM_PowerOff
<LI><a href="#[fa]">&gt;&gt;</a>&nbsp;&nbsp;&nbsp;vGSM_CloseConnection
<LI><a href="#[fb]">&gt;&gt;</a>&nbsp;&nbsp;&nbsp;ucGSM_ReadSignalQuality
<LI><a href="#[ff]">&gt;&gt;</a>&nbsp;&nbsp;&nbsp;ucGSM_ConnectTCP
<LI><a href="#[fd]">&gt;&gt;</a>&nbsp;&nbsp;&nbsp;eGSM_transmitPacket
<LI><a href="#[fe]">&gt;&gt;</a>&nbsp;&nbsp;&nbsp;eGSM_receivePacket
<LI><a href="#[d6]">&gt;&gt;</a>&nbsp;&nbsp;&nbsp;ucTIMER_SetTimer
<LI><a href="#[d5]">&gt;&gt;</a>&nbsp;&nbsp;&nbsp;cTIMER_CheckTimerExceed
</UL>
<BR>[Address Reference Count : 1]<UL><LI> main.o(.text)
</UL>
<P><STRONG><a name="[102]"></a>fSENSOR_ReadADCSensor</STRONG> (Thumb, 228 bytes, Stack size 120 bytes, sensors_task.o(.text))
<BR><BR>[Stack]<UL><LI>Max Depth = 208<LI>Call Chain = fSENSOR_ReadADCSensor &rArr; __aeabi_dmul &rArr; _double_epilogue &rArr; _double_round
</UL>
<BR>[Calls]<UL><LI><a href="#[ea]">&gt;&gt;</a>&nbsp;&nbsp;&nbsp;TM_ADC_Read
<LI><a href="#[92]">&gt;&gt;</a>&nbsp;&nbsp;&nbsp;__aeabi_f2d
<LI><a href="#[ad]">&gt;&gt;</a>&nbsp;&nbsp;&nbsp;delay_ms
<LI><a href="#[cf]">&gt;&gt;</a>&nbsp;&nbsp;&nbsp;__aeabi_dmul
<LI><a href="#[eb]">&gt;&gt;</a>&nbsp;&nbsp;&nbsp;__aeabi_ddiv
<LI><a href="#[d0]">&gt;&gt;</a>&nbsp;&nbsp;&nbsp;__aeabi_d2f
</UL>
<BR>[Called By]<UL><LI><a href="#[76]">&gt;&gt;</a>&nbsp;&nbsp;&nbsp;vSensors_Task
</UL>

<P><STRONG><a name="[103]"></a>fSENSOR_420mACalibration</STRONG> (Thumb, 3788 bytes, Stack size 32 bytes, sensors_task.o(.text))
<BR><BR>[Stack]<UL><LI>Max Depth = 416<LI>Call Chain = fSENSOR_420mACalibration &rArr; printDebug_Semphr &rArr; xQueueGenericSend &rArr; xTaskResumeAll &rArr; xTaskIncrementTick
</UL>
<BR>[Calls]<UL><LI><a href="#[96]">&gt;&gt;</a>&nbsp;&nbsp;&nbsp;printDebug_Semphr
<LI><a href="#[92]">&gt;&gt;</a>&nbsp;&nbsp;&nbsp;__aeabi_f2d
</UL>
<BR>[Called By]<UL><LI><a href="#[76]">&gt;&gt;</a>&nbsp;&nbsp;&nbsp;vSensors_Task
</UL>

<P><STRONG><a name="[76]"></a>vSensors_Task</STRONG> (Thumb, 3596 bytes, Stack size 128 bytes, sensors_task.o(.text))
<BR><BR>[Stack]<UL><LI>Max Depth = 544<LI>Call Chain = vSensors_Task &rArr; fSENSOR_420mACalibration &rArr; printDebug_Semphr &rArr; xQueueGenericSend &rArr; xTaskResumeAll &rArr; xTaskIncrementTick
</UL>
<BR>[Calls]<UL><LI><a href="#[90]">&gt;&gt;</a>&nbsp;&nbsp;&nbsp;xQueueGenericReceive
<LI><a href="#[96]">&gt;&gt;</a>&nbsp;&nbsp;&nbsp;printDebug_Semphr
<LI><a href="#[92]">&gt;&gt;</a>&nbsp;&nbsp;&nbsp;__aeabi_f2d
<LI><a href="#[105]">&gt;&gt;</a>&nbsp;&nbsp;&nbsp;v420TClick_ControlValve
<LI><a href="#[107]">&gt;&gt;</a>&nbsp;&nbsp;&nbsp;us420RClick_GetADCValue
<LI><a href="#[108]">&gt;&gt;</a>&nbsp;&nbsp;&nbsp;__aeabi_dadd
<LI><a href="#[104]">&gt;&gt;</a>&nbsp;&nbsp;&nbsp;TM_BKPSRAM_Init
<LI><a href="#[106]">&gt;&gt;</a>&nbsp;&nbsp;&nbsp;GPIO_ReadInputDataBit
<LI><a href="#[103]">&gt;&gt;</a>&nbsp;&nbsp;&nbsp;fSENSOR_420mACalibration
<LI><a href="#[102]">&gt;&gt;</a>&nbsp;&nbsp;&nbsp;fSENSOR_ReadADCSensor
<LI><a href="#[d6]">&gt;&gt;</a>&nbsp;&nbsp;&nbsp;ucTIMER_SetTimer
<LI><a href="#[d5]">&gt;&gt;</a>&nbsp;&nbsp;&nbsp;cTIMER_CheckTimerExceed
<LI><a href="#[ce]">&gt;&gt;</a>&nbsp;&nbsp;&nbsp;__aeabi_ui2d
<LI><a href="#[cf]">&gt;&gt;</a>&nbsp;&nbsp;&nbsp;__aeabi_dmul
<LI><a href="#[eb]">&gt;&gt;</a>&nbsp;&nbsp;&nbsp;__aeabi_ddiv
<LI><a href="#[d0]">&gt;&gt;</a>&nbsp;&nbsp;&nbsp;__aeabi_d2f
</UL>
<BR>[Address Reference Count : 1]<UL><LI> main.o(.text)
</UL>
<P><STRONG><a name="[27]"></a>EXTI3_IRQHandler</STRONG> (Thumb, 62 bytes, Stack size 8 bytes, sensors_task.o(.text))
<BR><BR>[Stack]<UL><LI>Max Depth = 8<LI>Call Chain = EXTI3_IRQHandler
</UL>
<BR>[Calls]<UL><LI><a href="#[109]">&gt;&gt;</a>&nbsp;&nbsp;&nbsp;EXTI_GetITStatus
<LI><a href="#[10a]">&gt;&gt;</a>&nbsp;&nbsp;&nbsp;EXTI_ClearITPendingBit
</UL>
<BR>[Address Reference Count : 1]<UL><LI> startup_stm32f4xx.o(RESET)
</UL>
<P><STRONG><a name="[303]"></a>fSENSOR_ADCCalibration</STRONG> (Thumb, 12 bytes, Stack size 8 bytes, sensors_task.o(.text), UNUSED)

<P><STRONG><a name="[73]"></a>vLog_Task</STRONG> (Thumb, 850 bytes, Stack size 384 bytes, log_task.o(.text))
<BR><BR>[Stack]<UL><LI>Max Depth = 1544<LI>Call Chain = vLog_Task &rArr; xPROCOMM_SendDataNStatusReportCMD &rArr; xPROCOMM_SendPacketToGSM &rArr; ucPKTQUEUE_Add &rArr; printDebug_Semphr &rArr; xQueueGenericSend &rArr; xTaskResumeAll &rArr; xTaskIncrementTick
</UL>
<BR>[Calls]<UL><LI><a href="#[93]">&gt;&gt;</a>&nbsp;&nbsp;&nbsp;xQueueGenericSend
<LI><a href="#[90]">&gt;&gt;</a>&nbsp;&nbsp;&nbsp;xQueueGenericReceive
<LI><a href="#[96]">&gt;&gt;</a>&nbsp;&nbsp;&nbsp;printDebug_Semphr
<LI><a href="#[91]">&gt;&gt;</a>&nbsp;&nbsp;&nbsp;printDebug
<LI><a href="#[92]">&gt;&gt;</a>&nbsp;&nbsp;&nbsp;__aeabi_f2d
<LI><a href="#[ad]">&gt;&gt;</a>&nbsp;&nbsp;&nbsp;delay_ms
<LI><a href="#[10b]">&gt;&gt;</a>&nbsp;&nbsp;&nbsp;xPROCOMM_SendDataNStatusReportCMD
<LI><a href="#[e8]">&gt;&gt;</a>&nbsp;&nbsp;&nbsp;xPROCOMM_SendEventReportCMD
<LI><a href="#[e2]">&gt;&gt;</a>&nbsp;&nbsp;&nbsp;xPROCOMM_SendConfigManageCMD
<LI><a href="#[d6]">&gt;&gt;</a>&nbsp;&nbsp;&nbsp;ucTIMER_SetTimer
<LI><a href="#[d5]">&gt;&gt;</a>&nbsp;&nbsp;&nbsp;cTIMER_CheckTimerExceed
</UL>
<BR>[Address Reference Count : 1]<UL><LI> main.o(.text)
</UL>
<P><STRONG><a name="[77]"></a>vModbus_Task</STRONG> (Thumb, 1088 bytes, Stack size 24 bytes, modbus_task.o(.text))
<BR><BR>[Stack]<UL><LI>Max Depth = 440<LI>Call Chain = vModbus_Task &rArr; eValveMB_SetPointPosition &rArr; eValveMB_Poll &rArr; eMBMasterPoll &rArr; printDebug_Semphr &rArr; xQueueGenericSend &rArr; xTaskResumeAll &rArr; xTaskIncrementTick
</UL>
<BR>[Calls]<UL><LI><a href="#[90]">&gt;&gt;</a>&nbsp;&nbsp;&nbsp;xQueueGenericReceive
<LI><a href="#[96]">&gt;&gt;</a>&nbsp;&nbsp;&nbsp;printDebug_Semphr
<LI><a href="#[92]">&gt;&gt;</a>&nbsp;&nbsp;&nbsp;__aeabi_f2d
<LI><a href="#[ad]">&gt;&gt;</a>&nbsp;&nbsp;&nbsp;delay_ms
<LI><a href="#[113]">&gt;&gt;</a>&nbsp;&nbsp;&nbsp;vFlowMB_Poll
<LI><a href="#[117]">&gt;&gt;</a>&nbsp;&nbsp;&nbsp;ulValveMB_GetSetPoint
<LI><a href="#[115]">&gt;&gt;</a>&nbsp;&nbsp;&nbsp;ulFlowMB_GetPOSTotalize
<LI><a href="#[116]">&gt;&gt;</a>&nbsp;&nbsp;&nbsp;ulFlowMB_GetNEGTotalize
<LI><a href="#[114]">&gt;&gt;</a>&nbsp;&nbsp;&nbsp;ulFlowMB_GetFlowRate
<LI><a href="#[118]">&gt;&gt;</a>&nbsp;&nbsp;&nbsp;eValveMB_SetPointPosition
<LI><a href="#[11a]">&gt;&gt;</a>&nbsp;&nbsp;&nbsp;eValveMB_ReadInputData
<LI><a href="#[119]">&gt;&gt;</a>&nbsp;&nbsp;&nbsp;eValveMB_Intialize
<LI><a href="#[112]">&gt;&gt;</a>&nbsp;&nbsp;&nbsp;eMBSlavePoll
<LI><a href="#[11c]">&gt;&gt;</a>&nbsp;&nbsp;&nbsp;eFlowMB_ReadHolding
<LI><a href="#[11b]">&gt;&gt;</a>&nbsp;&nbsp;&nbsp;eFlowMB_Intialize
<LI><a href="#[10e]">&gt;&gt;</a>&nbsp;&nbsp;&nbsp;vMBSlave_Initial
<LI><a href="#[10c]">&gt;&gt;</a>&nbsp;&nbsp;&nbsp;vMBSlave_AssemData
<LI><a href="#[d6]">&gt;&gt;</a>&nbsp;&nbsp;&nbsp;ucTIMER_SetTimer
<LI><a href="#[d5]">&gt;&gt;</a>&nbsp;&nbsp;&nbsp;cTIMER_CheckTimerExceed
</UL>
<BR>[Address Reference Count : 1]<UL><LI> main.o(.text)
</UL>
<P><STRONG><a name="[11d]"></a>eMBSlaveRegHoldingCB</STRONG> (Thumb, 148 bytes, Stack size 32 bytes, modbus_task.o(.text))
<BR><BR>[Stack]<UL><LI>Max Depth = 416<LI>Call Chain = eMBSlaveRegHoldingCB &rArr; printDebug_Semphr &rArr; xQueueGenericSend &rArr; xTaskResumeAll &rArr; xTaskIncrementTick
</UL>
<BR>[Calls]<UL><LI><a href="#[96]">&gt;&gt;</a>&nbsp;&nbsp;&nbsp;printDebug_Semphr
</UL>
<BR>[Called By]<UL><LI><a href="#[d]">&gt;&gt;</a>&nbsp;&nbsp;&nbsp;eMBSlaveFuncWriteMultipleHoldingRegister
<LI><a href="#[e]">&gt;&gt;</a>&nbsp;&nbsp;&nbsp;eMBSlaveFuncWriteHoldingRegister
<LI><a href="#[f]">&gt;&gt;</a>&nbsp;&nbsp;&nbsp;eMBSlaveFuncReadWriteMultipleHoldingRegister
<LI><a href="#[c]">&gt;&gt;</a>&nbsp;&nbsp;&nbsp;eMBSlaveFuncReadHoldingRegister
<LI><a href="#[2]">&gt;&gt;</a>&nbsp;&nbsp;&nbsp;eMBFuncReadHoldingRegister
</UL>

<P><STRONG><a name="[11e]"></a>eMBSlaveRegCoilsCB</STRONG> (Thumb, 194 bytes, Stack size 40 bytes, modbus_task.o(.text))
<BR><BR>[Stack]<UL><LI>Max Depth = 424<LI>Call Chain = eMBSlaveRegCoilsCB &rArr; printDebug_Semphr &rArr; xQueueGenericSend &rArr; xTaskResumeAll &rArr; xTaskIncrementTick
</UL>
<BR>[Calls]<UL><LI><a href="#[96]">&gt;&gt;</a>&nbsp;&nbsp;&nbsp;printDebug_Semphr
</UL>
<BR>[Called By]<UL><LI><a href="#[12]">&gt;&gt;</a>&nbsp;&nbsp;&nbsp;eMBSlaveFuncWriteMultipleCoils
<LI><a href="#[11]">&gt;&gt;</a>&nbsp;&nbsp;&nbsp;eMBSlaveFuncWriteCoil
<LI><a href="#[10]">&gt;&gt;</a>&nbsp;&nbsp;&nbsp;eMBSlaveFuncReadCoils
</UL>

<P><STRONG><a name="[2b8]"></a>eMBSlaveRegDiscreteCB</STRONG> (Thumb, 4 bytes, Stack size 0 bytes, modbus_task.o(.text))
<BR><BR>[Called By]<UL><LI><a href="#[13]">&gt;&gt;</a>&nbsp;&nbsp;&nbsp;eMBSlaveFuncReadDiscreteInputs
</UL>

<P><STRONG><a name="[2b9]"></a>eMBSlaveRegInputCB</STRONG> (Thumb, 4 bytes, Stack size 0 bytes, modbus_task.o(.text))
<BR><BR>[Called By]<UL><LI><a href="#[b]">&gt;&gt;</a>&nbsp;&nbsp;&nbsp;eMBSlaveFuncReadInputRegister
</UL>

<P><STRONG><a name="[74]"></a>vSDnMB_Task</STRONG> (Thumb, 420 bytes, Stack size 1040 bytes, sd_task.o(.text))
<BR><BR>[Stack]<UL><LI>Max Depth = 3800<LI>Call Chain = vSDnMB_Task &rArr; bSD_HandleCopyFromSD &rArr; vMAIN_PrintConfig &rArr; printDebug_Semphr &rArr; xQueueGenericSend &rArr; xTaskResumeAll &rArr; xTaskIncrementTick
</UL>
<BR>[Calls]<UL><LI><a href="#[b1]">&gt;&gt;</a>&nbsp;&nbsp;&nbsp;xSDCARD_ReadMemoryRemain
<LI><a href="#[93]">&gt;&gt;</a>&nbsp;&nbsp;&nbsp;xQueueGenericSend
<LI><a href="#[90]">&gt;&gt;</a>&nbsp;&nbsp;&nbsp;xQueueGenericReceive
<LI><a href="#[96]">&gt;&gt;</a>&nbsp;&nbsp;&nbsp;printDebug_Semphr
<LI><a href="#[9e]">&gt;&gt;</a>&nbsp;&nbsp;&nbsp;GPIO_SetBits
<LI><a href="#[12a]">&gt;&gt;</a>&nbsp;&nbsp;&nbsp;vSD_HandleDataLogQueue
<LI><a href="#[127]">&gt;&gt;</a>&nbsp;&nbsp;&nbsp;vSD_HandleEventLogQueue
<LI><a href="#[123]">&gt;&gt;</a>&nbsp;&nbsp;&nbsp;vSD_HandleConfigLogQueue
<LI><a href="#[121]">&gt;&gt;</a>&nbsp;&nbsp;&nbsp;xSD_HandleDebugLogQueue
<LI><a href="#[11f]">&gt;&gt;</a>&nbsp;&nbsp;&nbsp;bSD_HandleCopyFromSD
<LI><a href="#[f8]">&gt;&gt;</a>&nbsp;&nbsp;&nbsp;vPortClearInterruptMask
<LI><a href="#[f7]">&gt;&gt;</a>&nbsp;&nbsp;&nbsp;ulPortSetInterruptMask
<LI><a href="#[d6]">&gt;&gt;</a>&nbsp;&nbsp;&nbsp;ucTIMER_SetTimer
<LI><a href="#[d5]">&gt;&gt;</a>&nbsp;&nbsp;&nbsp;cTIMER_CheckTimerExceed
<LI><a href="#[12d]">&gt;&gt;</a>&nbsp;&nbsp;&nbsp;__aeabi_memcpy4
</UL>
<BR>[Address Reference Count : 1]<UL><LI> main.o(.text)
</UL>
<P><STRONG><a name="[12e]"></a>vSDNMB_GetFileName</STRONG> (Thumb, 128 bytes, Stack size 16 bytes, sd_task.o(.text), UNUSED)
<BR><BR>[Calls]<UL><LI><a href="#[12f]">&gt;&gt;</a>&nbsp;&nbsp;&nbsp;vRTC_EpochToDateTime
<LI><a href="#[130]">&gt;&gt;</a>&nbsp;&nbsp;&nbsp;__2sprintf
</UL>

<P><STRONG><a name="[131]"></a>vDATBUF_ShowData</STRONG> (Thumb, 534 bytes, Stack size 24 bytes, data_task.o(.text))
<BR><BR>[Stack]<UL><LI>Max Depth = 328<LI>Call Chain = vDATBUF_ShowData &rArr; printDebug &rArr; __c89vsprintf
</UL>
<BR>[Calls]<UL><LI><a href="#[91]">&gt;&gt;</a>&nbsp;&nbsp;&nbsp;printDebug
<LI><a href="#[92]">&gt;&gt;</a>&nbsp;&nbsp;&nbsp;__aeabi_f2d
</UL>
<BR>[Called By]<UL><LI><a href="#[72]">&gt;&gt;</a>&nbsp;&nbsp;&nbsp;vDataBuf_Task
</UL>

<P><STRONG><a name="[138]"></a>vDATA_ClearData</STRONG> (Thumb, 78 bytes, Stack size 16 bytes, data_task.o(.text))
<BR><BR>[Stack]<UL><LI>Max Depth = 16<LI>Call Chain = vDATA_ClearData
</UL>
<BR>[Called By]<UL><LI><a href="#[72]">&gt;&gt;</a>&nbsp;&nbsp;&nbsp;vDataBuf_Task
</UL>

<P><STRONG><a name="[135]"></a>ucDATBUF_AssemDataSet</STRONG> (Thumb, 750 bytes, Stack size 24 bytes, data_task.o(.text))
<BR><BR>[Stack]<UL><LI>Max Depth = 24<LI>Call Chain = ucDATBUF_AssemDataSet
</UL>
<BR>[Called By]<UL><LI><a href="#[72]">&gt;&gt;</a>&nbsp;&nbsp;&nbsp;vDataBuf_Task
</UL>

<P><STRONG><a name="[132]"></a>ucDATBUF_AssemStatusSet</STRONG> (Thumb, 296 bytes, Stack size 32 bytes, data_task.o(.text))
<BR><BR>[Stack]<UL><LI>Max Depth = 136<LI>Call Chain = ucDATBUF_AssemStatusSet &rArr; ucMNG_ReadDS1820 &rArr; __aeabi_dmul &rArr; _double_epilogue &rArr; _double_round
</UL>
<BR>[Calls]<UL><LI><a href="#[bb]">&gt;&gt;</a>&nbsp;&nbsp;&nbsp;ucMNG_ReadDS1820
<LI><a href="#[133]">&gt;&gt;</a>&nbsp;&nbsp;&nbsp;GPIO_ReadOutputDataBit
<LI><a href="#[106]">&gt;&gt;</a>&nbsp;&nbsp;&nbsp;GPIO_ReadInputDataBit
<LI><a href="#[f8]">&gt;&gt;</a>&nbsp;&nbsp;&nbsp;vPortClearInterruptMask
<LI><a href="#[f7]">&gt;&gt;</a>&nbsp;&nbsp;&nbsp;ulPortSetInterruptMask
</UL>
<BR>[Called By]<UL><LI><a href="#[72]">&gt;&gt;</a>&nbsp;&nbsp;&nbsp;vDataBuf_Task
</UL>

<P><STRONG><a name="[72]"></a>vDataBuf_Task</STRONG> (Thumb, 1388 bytes, Stack size 504 bytes, data_task.o(.text))
<BR><BR>[Stack]<UL><LI>Max Depth = 1688<LI>Call Chain = vDataBuf_Task &rArr; xPROCOMM_SendHTTPPacket &rArr; printDebug_Semphr &rArr; xQueueGenericSend &rArr; xTaskResumeAll &rArr; xTaskIncrementTick
</UL>
<BR>[Calls]<UL><LI><a href="#[93]">&gt;&gt;</a>&nbsp;&nbsp;&nbsp;xQueueGenericSend
<LI><a href="#[90]">&gt;&gt;</a>&nbsp;&nbsp;&nbsp;xQueueGenericReceive
<LI><a href="#[ba]">&gt;&gt;</a>&nbsp;&nbsp;&nbsp;vRTC_GetDateTime
<LI><a href="#[96]">&gt;&gt;</a>&nbsp;&nbsp;&nbsp;printDebug_Semphr
<LI><a href="#[91]">&gt;&gt;</a>&nbsp;&nbsp;&nbsp;printDebug
<LI><a href="#[92]">&gt;&gt;</a>&nbsp;&nbsp;&nbsp;__aeabi_f2d
<LI><a href="#[13a]">&gt;&gt;</a>&nbsp;&nbsp;&nbsp;xPROCOMM_SendHTTPPacket
<LI><a href="#[134]">&gt;&gt;</a>&nbsp;&nbsp;&nbsp;uiRTC_DateTimeToEpoch
<LI><a href="#[137]">&gt;&gt;</a>&nbsp;&nbsp;&nbsp;ucDATAQUEUE_GetDataAmount
<LI><a href="#[139]">&gt;&gt;</a>&nbsp;&nbsp;&nbsp;ucDATAQUEUE_FetchDataStat
<LI><a href="#[136]">&gt;&gt;</a>&nbsp;&nbsp;&nbsp;ucDATAQUEUE_AddDataStat
<LI><a href="#[132]">&gt;&gt;</a>&nbsp;&nbsp;&nbsp;ucDATBUF_AssemStatusSet
<LI><a href="#[135]">&gt;&gt;</a>&nbsp;&nbsp;&nbsp;ucDATBUF_AssemDataSet
<LI><a href="#[138]">&gt;&gt;</a>&nbsp;&nbsp;&nbsp;vDATA_ClearData
<LI><a href="#[131]">&gt;&gt;</a>&nbsp;&nbsp;&nbsp;vDATBUF_ShowData
<LI><a href="#[10b]">&gt;&gt;</a>&nbsp;&nbsp;&nbsp;xPROCOMM_SendDataNStatusReportCMD
<LI><a href="#[d6]">&gt;&gt;</a>&nbsp;&nbsp;&nbsp;ucTIMER_SetTimer
<LI><a href="#[d5]">&gt;&gt;</a>&nbsp;&nbsp;&nbsp;cTIMER_CheckTimerExceed
<LI><a href="#[94]">&gt;&gt;</a>&nbsp;&nbsp;&nbsp;__aeabi_memcpy
</UL>
<BR>[Address Reference Count : 1]<UL><LI> main.o(.text)
</UL>
<P><STRONG><a name="[10d]"></a>fDATBUF_ReadBoardTemp</STRONG> (Thumb, 166 bytes, Stack size 80 bytes, data_task.o(.text))
<BR><BR>[Stack]<UL><LI>Max Depth = 168<LI>Call Chain = fDATBUF_ReadBoardTemp &rArr; __aeabi_dsub &rArr; __aeabi_dadd &rArr; _double_epilogue &rArr; _double_round
</UL>
<BR>[Calls]<UL><LI><a href="#[92]">&gt;&gt;</a>&nbsp;&nbsp;&nbsp;__aeabi_f2d
<LI><a href="#[ad]">&gt;&gt;</a>&nbsp;&nbsp;&nbsp;delay_ms
<LI><a href="#[13b]">&gt;&gt;</a>&nbsp;&nbsp;&nbsp;__aeabi_dsub
<LI><a href="#[108]">&gt;&gt;</a>&nbsp;&nbsp;&nbsp;__aeabi_dadd
<LI><a href="#[eb]">&gt;&gt;</a>&nbsp;&nbsp;&nbsp;__aeabi_ddiv
<LI><a href="#[d0]">&gt;&gt;</a>&nbsp;&nbsp;&nbsp;__aeabi_d2f
</UL>
<BR>[Called By]<UL><LI><a href="#[10c]">&gt;&gt;</a>&nbsp;&nbsp;&nbsp;vMBSlave_AssemData
</UL>

<P><STRONG><a name="[13c]"></a>STM_EVAL_LEDInit</STRONG> (Thumb, 62 bytes, Stack size 16 bytes, stm32f4_discovery.o(.text), UNUSED)
<BR><BR>[Calls]<UL><LI><a href="#[9c]">&gt;&gt;</a>&nbsp;&nbsp;&nbsp;RCC_AHB1PeriphClockCmd
<LI><a href="#[9d]">&gt;&gt;</a>&nbsp;&nbsp;&nbsp;GPIO_Init
</UL>

<P><STRONG><a name="[304]"></a>STM_EVAL_LEDOn</STRONG> (Thumb, 18 bytes, Stack size 0 bytes, stm32f4_discovery.o(.text), UNUSED)

<P><STRONG><a name="[305]"></a>STM_EVAL_LEDOff</STRONG> (Thumb, 18 bytes, Stack size 0 bytes, stm32f4_discovery.o(.text), UNUSED)

<P><STRONG><a name="[306]"></a>STM_EVAL_LEDToggle</STRONG> (Thumb, 22 bytes, Stack size 0 bytes, stm32f4_discovery.o(.text), UNUSED)

<P><STRONG><a name="[13d]"></a>STM_EVAL_PBInit</STRONG> (Thumb, 148 bytes, Stack size 40 bytes, stm32f4_discovery.o(.text), UNUSED)
<BR><BR>[Calls]<UL><LI><a href="#[a2]">&gt;&gt;</a>&nbsp;&nbsp;&nbsp;SYSCFG_EXTILineConfig
<LI><a href="#[a1]">&gt;&gt;</a>&nbsp;&nbsp;&nbsp;RCC_APB2PeriphClockCmd
<LI><a href="#[9c]">&gt;&gt;</a>&nbsp;&nbsp;&nbsp;RCC_AHB1PeriphClockCmd
<LI><a href="#[a4]">&gt;&gt;</a>&nbsp;&nbsp;&nbsp;NVIC_Init
<LI><a href="#[9d]">&gt;&gt;</a>&nbsp;&nbsp;&nbsp;GPIO_Init
<LI><a href="#[a3]">&gt;&gt;</a>&nbsp;&nbsp;&nbsp;EXTI_Init
</UL>

<P><STRONG><a name="[13e]"></a>STM_EVAL_PBGetState</STRONG> (Thumb, 20 bytes, Stack size 0 bytes, stm32f4_discovery.o(.text), UNUSED)
<BR><BR>[Calls]<UL><LI><a href="#[106]">&gt;&gt;</a>&nbsp;&nbsp;&nbsp;GPIO_ReadInputDataBit
</UL>

<P><STRONG><a name="[13f]"></a>STM_EVAL_COMInit</STRONG> (Thumb, 202 bytes, Stack size 32 bytes, stm32f4_discovery.o(.text))
<BR><BR>[Stack]<UL><LI>Max Depth = 80<LI>Call Chain = STM_EVAL_COMInit &rArr; USART_Init &rArr; RCC_GetClocksFreq
</UL>
<BR>[Calls]<UL><LI><a href="#[a1]">&gt;&gt;</a>&nbsp;&nbsp;&nbsp;RCC_APB2PeriphClockCmd
<LI><a href="#[9c]">&gt;&gt;</a>&nbsp;&nbsp;&nbsp;RCC_AHB1PeriphClockCmd
<LI><a href="#[9d]">&gt;&gt;</a>&nbsp;&nbsp;&nbsp;GPIO_Init
<LI><a href="#[142]">&gt;&gt;</a>&nbsp;&nbsp;&nbsp;USART_Init
<LI><a href="#[143]">&gt;&gt;</a>&nbsp;&nbsp;&nbsp;USART_Cmd
<LI><a href="#[140]">&gt;&gt;</a>&nbsp;&nbsp;&nbsp;RCC_APB1PeriphClockCmd
<LI><a href="#[141]">&gt;&gt;</a>&nbsp;&nbsp;&nbsp;GPIO_PinAFConfig
</UL>
<BR>[Called By]<UL><LI><a href="#[a5]">&gt;&gt;</a>&nbsp;&nbsp;&nbsp;vUSART_Initial
<LI><a href="#[2bb]">&gt;&gt;</a>&nbsp;&nbsp;&nbsp;xMBSlavePortSerialInit
<LI><a href="#[2a7]">&gt;&gt;</a>&nbsp;&nbsp;&nbsp;xMBPortSerialInit
</UL>

<P><STRONG><a name="[144]"></a>SD_LowLevel_DeInit</STRONG> (Thumb, 142 bytes, Stack size 24 bytes, stm32f4_discovery.o(.text), UNUSED)
<BR><BR>[Calls]<UL><LI><a href="#[a1]">&gt;&gt;</a>&nbsp;&nbsp;&nbsp;RCC_APB2PeriphClockCmd
<LI><a href="#[9d]">&gt;&gt;</a>&nbsp;&nbsp;&nbsp;GPIO_Init
<LI><a href="#[146]">&gt;&gt;</a>&nbsp;&nbsp;&nbsp;SDIO_SetPowerState
<LI><a href="#[147]">&gt;&gt;</a>&nbsp;&nbsp;&nbsp;SDIO_DeInit
<LI><a href="#[145]">&gt;&gt;</a>&nbsp;&nbsp;&nbsp;SDIO_ClockCmd
<LI><a href="#[141]">&gt;&gt;</a>&nbsp;&nbsp;&nbsp;GPIO_PinAFConfig
</UL>
<BR>[Called By]<UL><LI><a href="#[151]">&gt;&gt;</a>&nbsp;&nbsp;&nbsp;SD_DeInit
</UL>

<P><STRONG><a name="[148]"></a>SD_LowLevel_Init</STRONG> (Thumb, 178 bytes, Stack size 32 bytes, stm32f4_discovery.o(.text))
<BR><BR>[Stack]<UL><LI>Max Depth = 56<LI>Call Chain = SD_LowLevel_Init &rArr; GPIO_Init
</UL>
<BR>[Calls]<UL><LI><a href="#[a1]">&gt;&gt;</a>&nbsp;&nbsp;&nbsp;RCC_APB2PeriphClockCmd
<LI><a href="#[9c]">&gt;&gt;</a>&nbsp;&nbsp;&nbsp;RCC_AHB1PeriphClockCmd
<LI><a href="#[9d]">&gt;&gt;</a>&nbsp;&nbsp;&nbsp;GPIO_Init
<LI><a href="#[141]">&gt;&gt;</a>&nbsp;&nbsp;&nbsp;GPIO_PinAFConfig
</UL>
<BR>[Called By]<UL><LI><a href="#[167]">&gt;&gt;</a>&nbsp;&nbsp;&nbsp;SD_Init
</UL>

<P><STRONG><a name="[149]"></a>SD_LowLevel_DMA_TxConfig</STRONG> (Thumb, 128 bytes, Stack size 72 bytes, stm32f4_discovery.o(.text))
<BR><BR>[Stack]<UL><LI>Max Depth = 100<LI>Call Chain = SD_LowLevel_DMA_TxConfig &rArr; DMA_DeInit
</UL>
<BR>[Calls]<UL><LI><a href="#[14d]">&gt;&gt;</a>&nbsp;&nbsp;&nbsp;DMA_Init
<LI><a href="#[14e]">&gt;&gt;</a>&nbsp;&nbsp;&nbsp;DMA_ITConfig
<LI><a href="#[14f]">&gt;&gt;</a>&nbsp;&nbsp;&nbsp;DMA_FlowControllerConfig
<LI><a href="#[14c]">&gt;&gt;</a>&nbsp;&nbsp;&nbsp;DMA_DeInit
<LI><a href="#[14b]">&gt;&gt;</a>&nbsp;&nbsp;&nbsp;DMA_Cmd
<LI><a href="#[14a]">&gt;&gt;</a>&nbsp;&nbsp;&nbsp;DMA_ClearFlag
</UL>
<BR>[Called By]<UL><LI><a href="#[177]">&gt;&gt;</a>&nbsp;&nbsp;&nbsp;SD_WriteMultiBlocks
<LI><a href="#[176]">&gt;&gt;</a>&nbsp;&nbsp;&nbsp;SD_WriteBlock
</UL>

<P><STRONG><a name="[150]"></a>SD_LowLevel_DMA_RxConfig</STRONG> (Thumb, 154 bytes, Stack size 72 bytes, stm32f4_discovery.o(.text))
<BR><BR>[Stack]<UL><LI>Max Depth = 100<LI>Call Chain = SD_LowLevel_DMA_RxConfig &rArr; DMA_DeInit
</UL>
<BR>[Calls]<UL><LI><a href="#[14d]">&gt;&gt;</a>&nbsp;&nbsp;&nbsp;DMA_Init
<LI><a href="#[14e]">&gt;&gt;</a>&nbsp;&nbsp;&nbsp;DMA_ITConfig
<LI><a href="#[14f]">&gt;&gt;</a>&nbsp;&nbsp;&nbsp;DMA_FlowControllerConfig
<LI><a href="#[14c]">&gt;&gt;</a>&nbsp;&nbsp;&nbsp;DMA_DeInit
<LI><a href="#[14b]">&gt;&gt;</a>&nbsp;&nbsp;&nbsp;DMA_Cmd
<LI><a href="#[14a]">&gt;&gt;</a>&nbsp;&nbsp;&nbsp;DMA_ClearFlag
</UL>
<BR>[Called By]<UL><LI><a href="#[173]">&gt;&gt;</a>&nbsp;&nbsp;&nbsp;SD_ReadMultiBlocks
<LI><a href="#[170]">&gt;&gt;</a>&nbsp;&nbsp;&nbsp;SD_ReadBlock
</UL>

<P><STRONG><a name="[151]"></a>SD_DeInit</STRONG> (Thumb, 4 bytes, Stack size 0 bytes, stm32f4_discovery_sdio_sd.o(.text), UNUSED)
<BR><BR>[Calls]<UL><LI><a href="#[144]">&gt;&gt;</a>&nbsp;&nbsp;&nbsp;SD_LowLevel_DeInit
</UL>

<P><STRONG><a name="[15c]"></a>SD_EnableWideBusOperation</STRONG> (Thumb, 134 bytes, Stack size 24 bytes, stm32f4_discovery_sdio_sd.o(.text))
<BR><BR>[Stack]<UL><LI>Max Depth = 128<LI>Call Chain = SD_EnableWideBusOperation &rArr; SDEnWideBus &rArr; FindSCR &rArr; CmdResp1Error &rArr; SDIO_GetResponse
</UL>
<BR>[Calls]<UL><LI><a href="#[15d]">&gt;&gt;</a>&nbsp;&nbsp;&nbsp;SDIO_Init
<LI><a href="#[15b]">&gt;&gt;</a>&nbsp;&nbsp;&nbsp;SDEnWideBus
</UL>
<BR>[Called By]<UL><LI><a href="#[167]">&gt;&gt;</a>&nbsp;&nbsp;&nbsp;SD_Init
</UL>

<P><STRONG><a name="[15e]"></a>SD_SelectDeselect</STRONG> (Thumb, 54 bytes, Stack size 8 bytes, stm32f4_discovery_sdio_sd.o(.text))
<BR><BR>[Stack]<UL><LI>Max Depth = 32<LI>Call Chain = SD_SelectDeselect &rArr; CmdResp1Error &rArr; SDIO_GetResponse
</UL>
<BR>[Calls]<UL><LI><a href="#[157]">&gt;&gt;</a>&nbsp;&nbsp;&nbsp;SDIO_SendCommand
<LI><a href="#[152]">&gt;&gt;</a>&nbsp;&nbsp;&nbsp;CmdResp1Error
</UL>
<BR>[Called By]<UL><LI><a href="#[167]">&gt;&gt;</a>&nbsp;&nbsp;&nbsp;SD_Init
</UL>

<P><STRONG><a name="[168]"></a>SD_GetCardInfo</STRONG> (Thumb, 626 bytes, Stack size 28 bytes, stm32f4_discovery_sdio_sd.o(.text))
<BR><BR>[Stack]<UL><LI>Max Depth = 28<LI>Call Chain = SD_GetCardInfo
</UL>
<BR>[Called By]<UL><LI><a href="#[167]">&gt;&gt;</a>&nbsp;&nbsp;&nbsp;SD_Init
</UL>

<P><STRONG><a name="[161]"></a>SD_InitializeCards</STRONG> (Thumb, 288 bytes, Stack size 40 bytes, stm32f4_discovery_sdio_sd.o(.text))
<BR><BR>[Stack]<UL><LI>Max Depth = 64<LI>Call Chain = SD_InitializeCards &rArr; CmdResp6Error &rArr; SDIO_GetResponse
</UL>
<BR>[Calls]<UL><LI><a href="#[157]">&gt;&gt;</a>&nbsp;&nbsp;&nbsp;SDIO_SendCommand
<LI><a href="#[155]">&gt;&gt;</a>&nbsp;&nbsp;&nbsp;SDIO_GetResponse
<LI><a href="#[162]">&gt;&gt;</a>&nbsp;&nbsp;&nbsp;SDIO_GetPowerState
<LI><a href="#[160]">&gt;&gt;</a>&nbsp;&nbsp;&nbsp;CmdResp6Error
<LI><a href="#[15f]">&gt;&gt;</a>&nbsp;&nbsp;&nbsp;CmdResp2Error
</UL>
<BR>[Called By]<UL><LI><a href="#[167]">&gt;&gt;</a>&nbsp;&nbsp;&nbsp;SD_Init
</UL>

<P><STRONG><a name="[166]"></a>SD_PowerON</STRONG> (Thumb, 364 bytes, Stack size 40 bytes, stm32f4_discovery_sdio_sd.o(.text))
<BR><BR>[Stack]<UL><LI>Max Depth = 64<LI>Call Chain = SD_PowerON &rArr; CmdResp1Error &rArr; SDIO_GetResponse
</UL>
<BR>[Calls]<UL><LI><a href="#[157]">&gt;&gt;</a>&nbsp;&nbsp;&nbsp;SDIO_SendCommand
<LI><a href="#[15d]">&gt;&gt;</a>&nbsp;&nbsp;&nbsp;SDIO_Init
<LI><a href="#[155]">&gt;&gt;</a>&nbsp;&nbsp;&nbsp;SDIO_GetResponse
<LI><a href="#[165]">&gt;&gt;</a>&nbsp;&nbsp;&nbsp;CmdError
<LI><a href="#[164]">&gt;&gt;</a>&nbsp;&nbsp;&nbsp;CmdResp7Error
<LI><a href="#[163]">&gt;&gt;</a>&nbsp;&nbsp;&nbsp;CmdResp3Error
<LI><a href="#[152]">&gt;&gt;</a>&nbsp;&nbsp;&nbsp;CmdResp1Error
<LI><a href="#[146]">&gt;&gt;</a>&nbsp;&nbsp;&nbsp;SDIO_SetPowerState
<LI><a href="#[145]">&gt;&gt;</a>&nbsp;&nbsp;&nbsp;SDIO_ClockCmd
</UL>
<BR>[Called By]<UL><LI><a href="#[167]">&gt;&gt;</a>&nbsp;&nbsp;&nbsp;SD_Init
</UL>

<P><STRONG><a name="[167]"></a>SD_Init</STRONG> (Thumb, 126 bytes, Stack size 16 bytes, stm32f4_discovery_sdio_sd.o(.text))
<BR><BR>[Stack]<UL><LI>Max Depth = 144<LI>Call Chain = SD_Init &rArr; SD_EnableWideBusOperation &rArr; SDEnWideBus &rArr; FindSCR &rArr; CmdResp1Error &rArr; SDIO_GetResponse
</UL>
<BR>[Calls]<UL><LI><a href="#[15d]">&gt;&gt;</a>&nbsp;&nbsp;&nbsp;SDIO_Init
<LI><a href="#[166]">&gt;&gt;</a>&nbsp;&nbsp;&nbsp;SD_PowerON
<LI><a href="#[161]">&gt;&gt;</a>&nbsp;&nbsp;&nbsp;SD_InitializeCards
<LI><a href="#[168]">&gt;&gt;</a>&nbsp;&nbsp;&nbsp;SD_GetCardInfo
<LI><a href="#[15e]">&gt;&gt;</a>&nbsp;&nbsp;&nbsp;SD_SelectDeselect
<LI><a href="#[15c]">&gt;&gt;</a>&nbsp;&nbsp;&nbsp;SD_EnableWideBusOperation
<LI><a href="#[147]">&gt;&gt;</a>&nbsp;&nbsp;&nbsp;SDIO_DeInit
<LI><a href="#[148]">&gt;&gt;</a>&nbsp;&nbsp;&nbsp;SD_LowLevel_Init
</UL>
<BR>[Called By]<UL><LI><a href="#[273]">&gt;&gt;</a>&nbsp;&nbsp;&nbsp;disk_initialize
</UL>

<P><STRONG><a name="[169]"></a>SD_SendStatus</STRONG> (Thumb, 70 bytes, Stack size 16 bytes, stm32f4_discovery_sdio_sd.o(.text))
<BR><BR>[Stack]<UL><LI>Max Depth = 40<LI>Call Chain = SD_SendStatus &rArr; CmdResp1Error &rArr; SDIO_GetResponse
</UL>
<BR>[Calls]<UL><LI><a href="#[157]">&gt;&gt;</a>&nbsp;&nbsp;&nbsp;SDIO_SendCommand
<LI><a href="#[155]">&gt;&gt;</a>&nbsp;&nbsp;&nbsp;SDIO_GetResponse
<LI><a href="#[152]">&gt;&gt;</a>&nbsp;&nbsp;&nbsp;CmdResp1Error
</UL>
<BR>[Called By]<UL><LI><a href="#[16b]">&gt;&gt;</a>&nbsp;&nbsp;&nbsp;SD_GetState
</UL>

<P><STRONG><a name="[16a]"></a>SD_Detect</STRONG> (Thumb, 26 bytes, Stack size 8 bytes, stm32f4_discovery_sdio_sd.o(.text))
<BR><BR>[Stack]<UL><LI>Max Depth = 8<LI>Call Chain = SD_Detect
</UL>
<BR>[Calls]<UL><LI><a href="#[106]">&gt;&gt;</a>&nbsp;&nbsp;&nbsp;GPIO_ReadInputDataBit
</UL>
<BR>[Called By]<UL><LI><a href="#[16b]">&gt;&gt;</a>&nbsp;&nbsp;&nbsp;SD_GetState
</UL>

<P><STRONG><a name="[16b]"></a>SD_GetState</STRONG> (Thumb, 38 bytes, Stack size 8 bytes, stm32f4_discovery_sdio_sd.o(.text))
<BR><BR>[Stack]<UL><LI>Max Depth = 48<LI>Call Chain = SD_GetState &rArr; SD_SendStatus &rArr; CmdResp1Error &rArr; SDIO_GetResponse
</UL>
<BR>[Calls]<UL><LI><a href="#[16a]">&gt;&gt;</a>&nbsp;&nbsp;&nbsp;SD_Detect
<LI><a href="#[169]">&gt;&gt;</a>&nbsp;&nbsp;&nbsp;SD_SendStatus
</UL>
<BR>[Called By]<UL><LI><a href="#[16c]">&gt;&gt;</a>&nbsp;&nbsp;&nbsp;SD_GetStatus
</UL>

<P><STRONG><a name="[16c]"></a>SD_GetStatus</STRONG> (Thumb, 26 bytes, Stack size 8 bytes, stm32f4_discovery_sdio_sd.o(.text))
<BR><BR>[Stack]<UL><LI>Max Depth = 56<LI>Call Chain = SD_GetStatus &rArr; SD_GetState &rArr; SD_SendStatus &rArr; CmdResp1Error &rArr; SDIO_GetResponse
</UL>
<BR>[Calls]<UL><LI><a href="#[16b]">&gt;&gt;</a>&nbsp;&nbsp;&nbsp;SD_GetState
</UL>
<BR>[Called By]<UL><LI><a href="#[276]">&gt;&gt;</a>&nbsp;&nbsp;&nbsp;disk_write
<LI><a href="#[275]">&gt;&gt;</a>&nbsp;&nbsp;&nbsp;disk_read
</UL>

<P><STRONG><a name="[16d]"></a>SD_PowerOFF</STRONG> (Thumb, 14 bytes, Stack size 8 bytes, stm32f4_discovery_sdio_sd.o(.text), UNUSED)
<BR><BR>[Calls]<UL><LI><a href="#[146]">&gt;&gt;</a>&nbsp;&nbsp;&nbsp;SDIO_SetPowerState
</UL>

<P><STRONG><a name="[16e]"></a>SD_SendSDStatus</STRONG> (Thumb, 360 bytes, Stack size 32 bytes, stm32f4_discovery_sdio_sd.o(.text), UNUSED)
<BR><BR>[Calls]<UL><LI><a href="#[157]">&gt;&gt;</a>&nbsp;&nbsp;&nbsp;SDIO_SendCommand
<LI><a href="#[15a]">&gt;&gt;</a>&nbsp;&nbsp;&nbsp;SDIO_ReadData
<LI><a href="#[155]">&gt;&gt;</a>&nbsp;&nbsp;&nbsp;SDIO_GetResponse
<LI><a href="#[159]">&gt;&gt;</a>&nbsp;&nbsp;&nbsp;SDIO_GetFlagStatus
<LI><a href="#[158]">&gt;&gt;</a>&nbsp;&nbsp;&nbsp;SDIO_DataConfig
<LI><a href="#[153]">&gt;&gt;</a>&nbsp;&nbsp;&nbsp;SDIO_ClearFlag
<LI><a href="#[152]">&gt;&gt;</a>&nbsp;&nbsp;&nbsp;CmdResp1Error
</UL>
<BR>[Called By]<UL><LI><a href="#[16f]">&gt;&gt;</a>&nbsp;&nbsp;&nbsp;SD_GetCardStatus
</UL>

<P><STRONG><a name="[16f]"></a>SD_GetCardStatus</STRONG> (Thumb, 128 bytes, Stack size 8 bytes, stm32f4_discovery_sdio_sd.o(.text), UNUSED)
<BR><BR>[Calls]<UL><LI><a href="#[16e]">&gt;&gt;</a>&nbsp;&nbsp;&nbsp;SD_SendSDStatus
</UL>

<P><STRONG><a name="[170]"></a>SD_ReadBlock</STRONG> (Thumb, 172 bytes, Stack size 32 bytes, stm32f4_discovery_sdio_sd.o(.text), UNUSED)
<BR><BR>[Calls]<UL><LI><a href="#[157]">&gt;&gt;</a>&nbsp;&nbsp;&nbsp;SDIO_SendCommand
<LI><a href="#[171]">&gt;&gt;</a>&nbsp;&nbsp;&nbsp;SDIO_ITConfig
<LI><a href="#[158]">&gt;&gt;</a>&nbsp;&nbsp;&nbsp;SDIO_DataConfig
<LI><a href="#[172]">&gt;&gt;</a>&nbsp;&nbsp;&nbsp;SDIO_DMACmd
<LI><a href="#[152]">&gt;&gt;</a>&nbsp;&nbsp;&nbsp;CmdResp1Error
<LI><a href="#[150]">&gt;&gt;</a>&nbsp;&nbsp;&nbsp;SD_LowLevel_DMA_RxConfig
</UL>

<P><STRONG><a name="[173]"></a>SD_ReadMultiBlocks</STRONG> (Thumb, 198 bytes, Stack size 56 bytes, stm32f4_discovery_sdio_sd.o(.text))
<BR><BR>[Stack]<UL><LI>Max Depth = 156<LI>Call Chain = SD_ReadMultiBlocks &rArr; SD_LowLevel_DMA_RxConfig &rArr; DMA_DeInit
</UL>
<BR>[Calls]<UL><LI><a href="#[157]">&gt;&gt;</a>&nbsp;&nbsp;&nbsp;SDIO_SendCommand
<LI><a href="#[171]">&gt;&gt;</a>&nbsp;&nbsp;&nbsp;SDIO_ITConfig
<LI><a href="#[158]">&gt;&gt;</a>&nbsp;&nbsp;&nbsp;SDIO_DataConfig
<LI><a href="#[172]">&gt;&gt;</a>&nbsp;&nbsp;&nbsp;SDIO_DMACmd
<LI><a href="#[152]">&gt;&gt;</a>&nbsp;&nbsp;&nbsp;CmdResp1Error
<LI><a href="#[150]">&gt;&gt;</a>&nbsp;&nbsp;&nbsp;SD_LowLevel_DMA_RxConfig
</UL>
<BR>[Called By]<UL><LI><a href="#[275]">&gt;&gt;</a>&nbsp;&nbsp;&nbsp;disk_read
</UL>

<P><STRONG><a name="[174]"></a>SD_StopTransfer</STRONG> (Thumb, 38 bytes, Stack size 8 bytes, stm32f4_discovery_sdio_sd.o(.text))
<BR><BR>[Stack]<UL><LI>Max Depth = 32<LI>Call Chain = SD_StopTransfer &rArr; CmdResp1Error &rArr; SDIO_GetResponse
</UL>
<BR>[Calls]<UL><LI><a href="#[157]">&gt;&gt;</a>&nbsp;&nbsp;&nbsp;SDIO_SendCommand
<LI><a href="#[152]">&gt;&gt;</a>&nbsp;&nbsp;&nbsp;CmdResp1Error
</UL>
<BR>[Called By]<UL><LI><a href="#[178]">&gt;&gt;</a>&nbsp;&nbsp;&nbsp;SD_WaitWriteOperation
<LI><a href="#[175]">&gt;&gt;</a>&nbsp;&nbsp;&nbsp;SD_WaitReadOperation
</UL>

<P><STRONG><a name="[175]"></a>SD_WaitReadOperation</STRONG> (Thumb, 88 bytes, Stack size 16 bytes, stm32f4_discovery_sdio_sd.o(.text))
<BR><BR>[Stack]<UL><LI>Max Depth = 48<LI>Call Chain = SD_WaitReadOperation &rArr; SD_StopTransfer &rArr; CmdResp1Error &rArr; SDIO_GetResponse
</UL>
<BR>[Calls]<UL><LI><a href="#[153]">&gt;&gt;</a>&nbsp;&nbsp;&nbsp;SDIO_ClearFlag
<LI><a href="#[174]">&gt;&gt;</a>&nbsp;&nbsp;&nbsp;SD_StopTransfer
</UL>
<BR>[Called By]<UL><LI><a href="#[275]">&gt;&gt;</a>&nbsp;&nbsp;&nbsp;disk_read
</UL>

<P><STRONG><a name="[176]"></a>SD_WriteBlock</STRONG> (Thumb, 168 bytes, Stack size 32 bytes, stm32f4_discovery_sdio_sd.o(.text), UNUSED)
<BR><BR>[Calls]<UL><LI><a href="#[157]">&gt;&gt;</a>&nbsp;&nbsp;&nbsp;SDIO_SendCommand
<LI><a href="#[171]">&gt;&gt;</a>&nbsp;&nbsp;&nbsp;SDIO_ITConfig
<LI><a href="#[158]">&gt;&gt;</a>&nbsp;&nbsp;&nbsp;SDIO_DataConfig
<LI><a href="#[172]">&gt;&gt;</a>&nbsp;&nbsp;&nbsp;SDIO_DMACmd
<LI><a href="#[152]">&gt;&gt;</a>&nbsp;&nbsp;&nbsp;CmdResp1Error
<LI><a href="#[149]">&gt;&gt;</a>&nbsp;&nbsp;&nbsp;SD_LowLevel_DMA_TxConfig
</UL>

<P><STRONG><a name="[177]"></a>SD_WriteMultiBlocks</STRONG> (Thumb, 282 bytes, Stack size 56 bytes, stm32f4_discovery_sdio_sd.o(.text))
<BR><BR>[Stack]<UL><LI>Max Depth = 156<LI>Call Chain = SD_WriteMultiBlocks &rArr; SD_LowLevel_DMA_TxConfig &rArr; DMA_DeInit
</UL>
<BR>[Calls]<UL><LI><a href="#[157]">&gt;&gt;</a>&nbsp;&nbsp;&nbsp;SDIO_SendCommand
<LI><a href="#[171]">&gt;&gt;</a>&nbsp;&nbsp;&nbsp;SDIO_ITConfig
<LI><a href="#[158]">&gt;&gt;</a>&nbsp;&nbsp;&nbsp;SDIO_DataConfig
<LI><a href="#[172]">&gt;&gt;</a>&nbsp;&nbsp;&nbsp;SDIO_DMACmd
<LI><a href="#[152]">&gt;&gt;</a>&nbsp;&nbsp;&nbsp;CmdResp1Error
<LI><a href="#[149]">&gt;&gt;</a>&nbsp;&nbsp;&nbsp;SD_LowLevel_DMA_TxConfig
</UL>
<BR>[Called By]<UL><LI><a href="#[276]">&gt;&gt;</a>&nbsp;&nbsp;&nbsp;disk_write
</UL>

<P><STRONG><a name="[178]"></a>SD_WaitWriteOperation</STRONG> (Thumb, 88 bytes, Stack size 16 bytes, stm32f4_discovery_sdio_sd.o(.text))
<BR><BR>[Stack]<UL><LI>Max Depth = 48<LI>Call Chain = SD_WaitWriteOperation &rArr; SD_StopTransfer &rArr; CmdResp1Error &rArr; SDIO_GetResponse
</UL>
<BR>[Calls]<UL><LI><a href="#[153]">&gt;&gt;</a>&nbsp;&nbsp;&nbsp;SDIO_ClearFlag
<LI><a href="#[174]">&gt;&gt;</a>&nbsp;&nbsp;&nbsp;SD_StopTransfer
</UL>
<BR>[Called By]<UL><LI><a href="#[276]">&gt;&gt;</a>&nbsp;&nbsp;&nbsp;disk_write
</UL>

<P><STRONG><a name="[307]"></a>SD_GetTransferState</STRONG> (Thumb, 18 bytes, Stack size 0 bytes, stm32f4_discovery_sdio_sd.o(.text), UNUSED)

<P><STRONG><a name="[17a]"></a>SD_Erase</STRONG> (Thumb, 252 bytes, Stack size 40 bytes, stm32f4_discovery_sdio_sd.o(.text), UNUSED)
<BR><BR>[Calls]<UL><LI><a href="#[157]">&gt;&gt;</a>&nbsp;&nbsp;&nbsp;SDIO_SendCommand
<LI><a href="#[155]">&gt;&gt;</a>&nbsp;&nbsp;&nbsp;SDIO_GetResponse
<LI><a href="#[179]">&gt;&gt;</a>&nbsp;&nbsp;&nbsp;IsCardProgramming
<LI><a href="#[152]">&gt;&gt;</a>&nbsp;&nbsp;&nbsp;CmdResp1Error
</UL>

<P><STRONG><a name="[c6]"></a>SD_ProcessIRQSrc</STRONG> (Thumb, 148 bytes, Stack size 16 bytes, stm32f4_discovery_sdio_sd.o(.text))
<BR><BR>[Stack]<UL><LI>Max Depth = 16<LI>Call Chain = SD_ProcessIRQSrc
</UL>
<BR>[Calls]<UL><LI><a href="#[171]">&gt;&gt;</a>&nbsp;&nbsp;&nbsp;SDIO_ITConfig
<LI><a href="#[17b]">&gt;&gt;</a>&nbsp;&nbsp;&nbsp;SDIO_GetITStatus
<LI><a href="#[17c]">&gt;&gt;</a>&nbsp;&nbsp;&nbsp;SDIO_ClearITPendingBit
</UL>
<BR>[Called By]<UL><LI><a href="#[4f]">&gt;&gt;</a>&nbsp;&nbsp;&nbsp;SDIO_IRQHandler
</UL>

<P><STRONG><a name="[c7]"></a>SD_ProcessDMAIRQ</STRONG> (Thumb, 30 bytes, Stack size 0 bytes, stm32f4_discovery_sdio_sd.o(.text))
<BR><BR>[Calls]<UL><LI><a href="#[14a]">&gt;&gt;</a>&nbsp;&nbsp;&nbsp;DMA_ClearFlag
</UL>
<BR>[Called By]<UL><LI><a href="#[59]">&gt;&gt;</a>&nbsp;&nbsp;&nbsp;DMA2_Stream3_IRQHandler
</UL>

<P><STRONG><a name="[308]"></a>convert_from_bytes_to_power_of_two</STRONG> (Thumb, 18 bytes, Stack size 0 bytes, stm32f4_discovery_sdio_sd.o(.text), UNUSED)

<P><STRONG><a name="[17d]"></a>USART_DeInit</STRONG> (Thumb, 168 bytes, Stack size 8 bytes, stm32f4xx_usart.o(.text))
<BR><BR>[Stack]<UL><LI>Max Depth = 8<LI>Call Chain = USART_DeInit
</UL>
<BR>[Calls]<UL><LI><a href="#[17e]">&gt;&gt;</a>&nbsp;&nbsp;&nbsp;RCC_APB2PeriphResetCmd
<LI><a href="#[17f]">&gt;&gt;</a>&nbsp;&nbsp;&nbsp;RCC_APB1PeriphResetCmd
</UL>
<BR>[Called By]<UL><LI><a href="#[2bb]">&gt;&gt;</a>&nbsp;&nbsp;&nbsp;xMBSlavePortSerialInit
<LI><a href="#[2a7]">&gt;&gt;</a>&nbsp;&nbsp;&nbsp;xMBPortSerialInit
</UL>

<P><STRONG><a name="[142]"></a>USART_Init</STRONG> (Thumb, 180 bytes, Stack size 32 bytes, stm32f4xx_usart.o(.text))
<BR><BR>[Stack]<UL><LI>Max Depth = 48<LI>Call Chain = USART_Init &rArr; RCC_GetClocksFreq
</UL>
<BR>[Calls]<UL><LI><a href="#[ae]">&gt;&gt;</a>&nbsp;&nbsp;&nbsp;RCC_GetClocksFreq
</UL>
<BR>[Called By]<UL><LI><a href="#[13f]">&gt;&gt;</a>&nbsp;&nbsp;&nbsp;STM_EVAL_COMInit
</UL>

<P><STRONG><a name="[309]"></a>USART_StructInit</STRONG> (Thumb, 22 bytes, Stack size 0 bytes, stm32f4xx_usart.o(.text), UNUSED)

<P><STRONG><a name="[30a]"></a>USART_ClockInit</STRONG> (Thumb, 28 bytes, Stack size 8 bytes, stm32f4xx_usart.o(.text), UNUSED)

<P><STRONG><a name="[30b]"></a>USART_ClockStructInit</STRONG> (Thumb, 12 bytes, Stack size 0 bytes, stm32f4xx_usart.o(.text), UNUSED)

<P><STRONG><a name="[143]"></a>USART_Cmd</STRONG> (Thumb, 24 bytes, Stack size 0 bytes, stm32f4xx_usart.o(.text))
<BR><BR>[Called By]<UL><LI><a href="#[a5]">&gt;&gt;</a>&nbsp;&nbsp;&nbsp;vUSART_Initial
<LI><a href="#[13f]">&gt;&gt;</a>&nbsp;&nbsp;&nbsp;STM_EVAL_COMInit
<LI><a href="#[2bb]">&gt;&gt;</a>&nbsp;&nbsp;&nbsp;xMBSlavePortSerialInit
<LI><a href="#[2a7]">&gt;&gt;</a>&nbsp;&nbsp;&nbsp;xMBPortSerialInit
</UL>

[...]
</UL>

<P><STRONG><a name="[253]"></a>prvInitialiseTCBVariables</STRONG> (Thumb, 68 bytes, Stack size 16 bytes, tasks.o(.text))
<BR><BR>[Stack]<UL><LI>Max Depth = 16<LI>Call Chain = prvInitialiseTCBVariables
</UL>
<BR>[Calls]<UL><LI><a href="#[254]">&gt;&gt;</a>&nbsp;&nbsp;&nbsp;vListInitialiseItem
</UL>
<BR>[Called By]<UL><LI><a href="#[bc]">&gt;&gt;</a>&nbsp;&nbsp;&nbsp;xTaskGenericCreate
</UL>

<P><STRONG><a name="[255]"></a>prvAllocateTCBAndStack</STRONG> (Thumb, 56 bytes, Stack size 16 bytes, tasks.o(.text))
<BR><BR>[Stack]<UL><LI>Max Depth = 344<LI>Call Chain = prvAllocateTCBAndStack &rArr; pvPortMalloc &rArr; vApplicationMallocFailedHook &rArr; printDebug &rArr; __c89vsprintf
</UL>
<BR>[Calls]<UL><LI><a href="#[23c]">&gt;&gt;</a>&nbsp;&nbsp;&nbsp;vPortFree
<LI><a href="#[23b]">&gt;&gt;</a>&nbsp;&nbsp;&nbsp;pvPortMalloc
<LI><a href="#[256]">&gt;&gt;</a>&nbsp;&nbsp;&nbsp;__aeabi_memset
</UL>
<BR>[Called By]<UL><LI><a href="#[bc]">&gt;&gt;</a>&nbsp;&nbsp;&nbsp;xTaskGenericCreate
</UL>

<P><STRONG><a name="[25b]"></a>prvResetNextTaskUnblockTime</STRONG> (Thumb, 30 bytes, Stack size 0 bytes, tasks.o(.text))
<BR><BR>[Called By]<UL><LI><a href="#[25c]">&gt;&gt;</a>&nbsp;&nbsp;&nbsp;xTaskIncrementTick
<LI><a href="#[259]">&gt;&gt;</a>&nbsp;&nbsp;&nbsp;vTaskDelete
</UL>

<P><STRONG><a name="[25d]"></a>prvAddCurrentTaskToDelayedList</STRONG> (Thumb, 50 bytes, Stack size 16 bytes, tasks.o(.text))
<BR><BR>[Stack]<UL><LI>Max Depth = 28<LI>Call Chain = prvAddCurrentTaskToDelayedList &rArr; vListInsert
</UL>
<BR>[Calls]<UL><LI><a href="#[25e]">&gt;&gt;</a>&nbsp;&nbsp;&nbsp;vListInsert
</UL>
<BR>[Called By]<UL><LI><a href="#[26c]">&gt;&gt;</a>&nbsp;&nbsp;&nbsp;vTaskPlaceOnUnorderedEventList
<LI><a href="#[25f]">&gt;&gt;</a>&nbsp;&nbsp;&nbsp;vTaskDelay
<LI><a href="#[246]">&gt;&gt;</a>&nbsp;&nbsp;&nbsp;vTaskPlaceOnEventList
</UL>

<P><STRONG><a name="[262]"></a>prvDeleteTCB</STRONG> (Thumb, 20 bytes, Stack size 8 bytes, tasks.o(.text))
<BR><BR>[Stack]<UL><LI>Max Depth = 64<LI>Call Chain = prvDeleteTCB &rArr; vPortFree &rArr; xTaskResumeAll &rArr; xTaskIncrementTick
</UL>
<BR>[Calls]<UL><LI><a href="#[23c]">&gt;&gt;</a>&nbsp;&nbsp;&nbsp;vPortFree
</UL>
<BR>[Called By]<UL><LI><a href="#[263]">&gt;&gt;</a>&nbsp;&nbsp;&nbsp;prvCheckTasksWaitingTermination
</UL>

<P><STRONG><a name="[263]"></a>prvCheckTasksWaitingTermination</STRONG> (Thumb, 76 bytes, Stack size 16 bytes, tasks.o(.text))
<BR><BR>[Stack]<UL><LI>Max Depth = 80<LI>Call Chain = prvCheckTasksWaitingTermination &rArr; prvDeleteTCB &rArr; vPortFree &rArr; xTaskResumeAll &rArr; xTaskIncrementTick
</UL>
<BR>[Calls]<UL><LI><a href="#[262]">&gt;&gt;</a>&nbsp;&nbsp;&nbsp;prvDeleteTCB
<LI><a href="#[245]">&gt;&gt;</a>&nbsp;&nbsp;&nbsp;xTaskResumeAll
<LI><a href="#[243]">&gt;&gt;</a>&nbsp;&nbsp;&nbsp;vTaskSuspendAll
<LI><a href="#[238]">&gt;&gt;</a>&nbsp;&nbsp;&nbsp;vPortExitCritical
<LI><a href="#[236]">&gt;&gt;</a>&nbsp;&nbsp;&nbsp;vPortEnterCritical
<LI><a href="#[25a]">&gt;&gt;</a>&nbsp;&nbsp;&nbsp;uxListRemove
</UL>
<BR>[Called By]<UL><LI><a href="#[78]">&gt;&gt;</a>&nbsp;&nbsp;&nbsp;prvIdleTask
</UL>

<P><STRONG><a name="[78]"></a>prvIdleTask</STRONG> (Thumb, 18 bytes, Stack size 0 bytes, tasks.o(.text))
<BR><BR>[Stack]<UL><LI>Max Depth = 80<LI>Call Chain = prvIdleTask &rArr; prvCheckTasksWaitingTermination &rArr; prvDeleteTCB &rArr; vPortFree &rArr; xTaskResumeAll &rArr; xTaskIncrementTick
</UL>
<BR>[Calls]<UL><LI><a href="#[263]">&gt;&gt;</a>&nbsp;&nbsp;&nbsp;prvCheckTasksWaitingTermination
<LI><a href="#[23a]">&gt;&gt;</a>&nbsp;&nbsp;&nbsp;vPortYield
</UL>
<BR>[Address Reference Count : 1]<UL><LI> tasks.o(.text)
</UL>
<P><STRONG><a name="[26a]"></a>prvTaskCheckFreeStackSpace</STRONG> (Thumb, 20 bytes, Stack size 0 bytes, tasks.o(.text), UNUSED)
<BR><BR>[Called By]<UL><LI><a href="#[269]">&gt;&gt;</a>&nbsp;&nbsp;&nbsp;prvListTaskWithinSingleList
</UL>

<P><STRONG><a name="[269]"></a>prvListTaskWithinSingleList</STRONG> (Thumb, 112 bytes, Stack size 40 bytes, tasks.o(.text), UNUSED)
<BR><BR>[Calls]<UL><LI><a href="#[26a]">&gt;&gt;</a>&nbsp;&nbsp;&nbsp;prvTaskCheckFreeStackSpace
</UL>
<BR>[Called By]<UL><LI><a href="#[26b]">&gt;&gt;</a>&nbsp;&nbsp;&nbsp;uxTaskGetSystemState
</UL>

<P><STRONG><a name="[26e]"></a>prvHeapInit</STRONG> (Thumb, 28 bytes, Stack size 0 bytes, heap_2.o(.text))
<BR><BR>[Called By]<UL><LI><a href="#[23b]">&gt;&gt;</a>&nbsp;&nbsp;&nbsp;pvPortMalloc
</UL>

<P><STRONG><a name="[79]"></a>prvTaskExitError</STRONG> (Thumb, 6 bytes, Stack size 0 bytes, port.o(.text))
<BR><BR>[Calls]<UL><LI><a href="#[f7]">&gt;&gt;</a>&nbsp;&nbsp;&nbsp;ulPortSetInterruptMask
</UL>
<BR>[Address Reference Count : 1]<UL><LI> port.o(.text)
</UL>
<P><STRONG><a name="[286]"></a>mem_cpy</STRONG> (Thumb, 16 bytes, Stack size 0 bytes, ff.o(.text))
<BR><BR>[Called By]<UL><LI><a href="#[1b2]">&gt;&gt;</a>&nbsp;&nbsp;&nbsp;f_write
<LI><a href="#[1b3]">&gt;&gt;</a>&nbsp;&nbsp;&nbsp;f_read
<LI><a href="#[29a]">&gt;&gt;</a>&nbsp;&nbsp;&nbsp;f_rename
<LI><a href="#[297]">&gt;&gt;</a>&nbsp;&nbsp;&nbsp;f_mkdir
<LI><a href="#[296]">&gt;&gt;</a>&nbsp;&nbsp;&nbsp;f_unlink
<LI><a href="#[285]">&gt;&gt;</a>&nbsp;&nbsp;&nbsp;dir_register
</UL>

<P><STRONG><a name="[279]"></a>mem_set</STRONG> (Thumb, 14 bytes, Stack size 0 bytes, ff.o(.text))
<BR><BR>[Called By]<UL><LI><a href="#[297]">&gt;&gt;</a>&nbsp;&nbsp;&nbsp;f_mkdir
<LI><a href="#[288]">&gt;&gt;</a>&nbsp;&nbsp;&nbsp;create_name
<LI><a href="#[285]">&gt;&gt;</a>&nbsp;&nbsp;&nbsp;dir_register
<LI><a href="#[281]">&gt;&gt;</a>&nbsp;&nbsp;&nbsp;dir_next
<LI><a href="#[278]">&gt;&gt;</a>&nbsp;&nbsp;&nbsp;sync
</UL>

<P><STRONG><a name="[283]"></a>mem_cmp</STRONG> (Thumb, 24 bytes, Stack size 8 bytes, ff.o(.text))
<BR><BR>[Stack]<UL><LI>Max Depth = 8<LI>Call Chain = mem_cmp
</UL>
<BR>[Called By]<UL><LI><a href="#[282]">&gt;&gt;</a>&nbsp;&nbsp;&nbsp;dir_find
</UL>

<P><STRONG><a name="[289]"></a>chk_chr</STRONG> (Thumb, 16 bytes, Stack size 0 bytes, ff.o(.text))
<BR><BR>[Called By]<UL><LI><a href="#[288]">&gt;&gt;</a>&nbsp;&nbsp;&nbsp;create_name
</UL>

<P><STRONG><a name="[277]"></a>move_window</STRONG> (Thumb, 110 bytes, Stack size 24 bytes, ff.o(.text))
<BR><BR>[Stack]<UL><LI>Max Depth = 188<LI>Call Chain = move_window &rArr; disk_write &rArr; SD_WriteMultiBlocks &rArr; SD_LowLevel_DMA_TxConfig &rArr; DMA_DeInit
</UL>
<BR>[Calls]<UL><LI><a href="#[276]">&gt;&gt;</a>&nbsp;&nbsp;&nbsp;disk_write
<LI><a href="#[275]">&gt;&gt;</a>&nbsp;&nbsp;&nbsp;disk_read
</UL>
<BR>[Called By]<UL><LI><a href="#[1ae]">&gt;&gt;</a>&nbsp;&nbsp;&nbsp;f_open
<LI><a href="#[1b0]">&gt;&gt;</a>&nbsp;&nbsp;&nbsp;f_getfree
<LI><a href="#[29a]">&gt;&gt;</a>&nbsp;&nbsp;&nbsp;f_rename
<LI><a href="#[297]">&gt;&gt;</a>&nbsp;&nbsp;&nbsp;f_mkdir
<LI><a href="#[290]">&gt;&gt;</a>&nbsp;&nbsp;&nbsp;f_sync
<LI><a href="#[27c]">&gt;&gt;</a>&nbsp;&nbsp;&nbsp;put_fat
<LI><a href="#[27b]">&gt;&gt;</a>&nbsp;&nbsp;&nbsp;get_fat
<LI><a href="#[287]">&gt;&gt;</a>&nbsp;&nbsp;&nbsp;dir_remove
<LI><a href="#[285]">&gt;&gt;</a>&nbsp;&nbsp;&nbsp;dir_register
<LI><a href="#[284]">&gt;&gt;</a>&nbsp;&nbsp;&nbsp;dir_read
<LI><a href="#[282]">&gt;&gt;</a>&nbsp;&nbsp;&nbsp;dir_find
<LI><a href="#[281]">&gt;&gt;</a>&nbsp;&nbsp;&nbsp;dir_next
<LI><a href="#[278]">&gt;&gt;</a>&nbsp;&nbsp;&nbsp;sync
</UL>

<P><STRONG><a name="[278]"></a>sync</STRONG> (Thumb, 186 bytes, Stack size 24 bytes, ff.o(.text))
<BR><BR>[Stack]<UL><LI>Max Depth = 212<LI>Call Chain = sync &rArr; move_window &rArr; disk_write &rArr; SD_WriteMultiBlocks &rArr; SD_LowLevel_DMA_TxConfig &rArr; DMA_DeInit
</UL>
<BR>[Calls]<UL><LI><a href="#[277]">&gt;&gt;</a>&nbsp;&nbsp;&nbsp;move_window
<LI><a href="#[279]">&gt;&gt;</a>&nbsp;&nbsp;&nbsp;mem_set
<LI><a href="#[27a]">&gt;&gt;</a>&nbsp;&nbsp;&nbsp;disk_ioctl
<LI><a href="#[276]">&gt;&gt;</a>&nbsp;&nbsp;&nbsp;disk_write
</UL>
<BR>[Called By]<UL><LI><a href="#[29a]">&gt;&gt;</a>&nbsp;&nbsp;&nbsp;f_rename
<LI><a href="#[299]">&gt;&gt;</a>&nbsp;&nbsp;&nbsp;f_utime
<LI><a href="#[298]">&gt;&gt;</a>&nbsp;&nbsp;&nbsp;f_chmod
<LI><a href="#[297]">&gt;&gt;</a>&nbsp;&nbsp;&nbsp;f_mkdir
<LI><a href="#[296]">&gt;&gt;</a>&nbsp;&nbsp;&nbsp;f_unlink
<LI><a href="#[290]">&gt;&gt;</a>&nbsp;&nbsp;&nbsp;f_sync
</UL>

<P><STRONG><a name="[27d]"></a>remove_chain</STRONG> (Thumb, 100 bytes, Stack size 24 bytes, ff.o(.text))
<BR><BR>[Stack]<UL><LI>Max Depth = 244<LI>Call Chain = remove_chain &rArr; put_fat &rArr; move_window &rArr; disk_write &rArr; SD_WriteMultiBlocks &rArr; SD_LowLevel_DMA_TxConfig &rArr; DMA_DeInit
</UL>
<BR>[Calls]<UL><LI><a href="#[27c]">&gt;&gt;</a>&nbsp;&nbsp;&nbsp;put_fat
<LI><a href="#[27b]">&gt;&gt;</a>&nbsp;&nbsp;&nbsp;get_fat
</UL>
<BR>[Called By]<UL><LI><a href="#[1ae]">&gt;&gt;</a>&nbsp;&nbsp;&nbsp;f_open
<LI><a href="#[297]">&gt;&gt;</a>&nbsp;&nbsp;&nbsp;f_mkdir
<LI><a href="#[296]">&gt;&gt;</a>&nbsp;&nbsp;&nbsp;f_unlink
<LI><a href="#[295]">&gt;&gt;</a>&nbsp;&nbsp;&nbsp;f_truncate
</UL>

<P><STRONG><a name="[27e]"></a>create_chain</STRONG> (Thumb, 158 bytes, Stack size 24 bytes, ff.o(.text))
<BR><BR>[Stack]<UL><LI>Max Depth = 244<LI>Call Chain = create_chain &rArr; put_fat &rArr; move_window &rArr; disk_write &rArr; SD_WriteMultiBlocks &rArr; SD_LowLevel_DMA_TxConfig &rArr; DMA_DeInit
</UL>
<BR>[Calls]<UL><LI><a href="#[27c]">&gt;&gt;</a>&nbsp;&nbsp;&nbsp;put_fat
<LI><a href="#[27b]">&gt;&gt;</a>&nbsp;&nbsp;&nbsp;get_fat
</UL>
<BR>[Called By]<UL><LI><a href="#[1b2]">&gt;&gt;</a>&nbsp;&nbsp;&nbsp;f_write
<LI><a href="#[1b1]">&gt;&gt;</a>&nbsp;&nbsp;&nbsp;f_lseek
<LI><a href="#[297]">&gt;&gt;</a>&nbsp;&nbsp;&nbsp;f_mkdir
<LI><a href="#[281]">&gt;&gt;</a>&nbsp;&nbsp;&nbsp;dir_next
</UL>

<P><STRONG><a name="[27f]"></a>dir_sdi</STRONG> (Thumb, 140 bytes, Stack size 16 bytes, ff.o(.text))
<BR><BR>[Stack]<UL><LI>Max Depth = 228<LI>Call Chain = dir_sdi &rArr; get_fat &rArr; move_window &rArr; disk_write &rArr; SD_WriteMultiBlocks &rArr; SD_LowLevel_DMA_TxConfig &rArr; DMA_DeInit
</UL>
<BR>[Calls]<UL><LI><a href="#[27b]">&gt;&gt;</a>&nbsp;&nbsp;&nbsp;get_fat
<LI><a href="#[280]">&gt;&gt;</a>&nbsp;&nbsp;&nbsp;clust2sect
</UL>
<BR>[Called By]<UL><LI><a href="#[296]">&gt;&gt;</a>&nbsp;&nbsp;&nbsp;f_unlink
<LI><a href="#[292]">&gt;&gt;</a>&nbsp;&nbsp;&nbsp;f_readdir
<LI><a href="#[291]">&gt;&gt;</a>&nbsp;&nbsp;&nbsp;f_opendir
<LI><a href="#[28a]">&gt;&gt;</a>&nbsp;&nbsp;&nbsp;follow_path
<LI><a href="#[287]">&gt;&gt;</a>&nbsp;&nbsp;&nbsp;dir_remove
<LI><a href="#[285]">&gt;&gt;</a>&nbsp;&nbsp;&nbsp;dir_register
<LI><a href="#[282]">&gt;&gt;</a>&nbsp;&nbsp;&nbsp;dir_find
</UL>

<P><STRONG><a name="[281]"></a>dir_next</STRONG> (Thumb, 260 bytes, Stack size 24 bytes, ff.o(.text))
<BR><BR>[Stack]<UL><LI>Max Depth = 268<LI>Call Chain = dir_next &rArr; create_chain &rArr; put_fat &rArr; move_window &rArr; disk_write &rArr; SD_WriteMultiBlocks &rArr; SD_LowLevel_DMA_TxConfig &rArr; DMA_DeInit
</UL>
<BR>[Calls]<UL><LI><a href="#[27b]">&gt;&gt;</a>&nbsp;&nbsp;&nbsp;get_fat
<LI><a href="#[280]">&gt;&gt;</a>&nbsp;&nbsp;&nbsp;clust2sect
<LI><a href="#[27e]">&gt;&gt;</a>&nbsp;&nbsp;&nbsp;create_chain
<LI><a href="#[277]">&gt;&gt;</a>&nbsp;&nbsp;&nbsp;move_window
<LI><a href="#[279]">&gt;&gt;</a>&nbsp;&nbsp;&nbsp;mem_set
</UL>
<BR>[Called By]<UL><LI><a href="#[292]">&gt;&gt;</a>&nbsp;&nbsp;&nbsp;f_readdir
<LI><a href="#[285]">&gt;&gt;</a>&nbsp;&nbsp;&nbsp;dir_register
<LI><a href="#[284]">&gt;&gt;</a>&nbsp;&nbsp;&nbsp;dir_read
<LI><a href="#[282]">&gt;&gt;</a>&nbsp;&nbsp;&nbsp;dir_find
</UL>

<P><STRONG><a name="[282]"></a>dir_find</STRONG> (Thumb, 72 bytes, Stack size 16 bytes, ff.o(.text))
<BR><BR>[Stack]<UL><LI>Max Depth = 284<LI>Call Chain = dir_find &rArr; dir_next &rArr; create_chain &rArr; put_fat &rArr; move_window &rArr; disk_write &rArr; SD_WriteMultiBlocks &rArr; SD_LowLevel_DMA_TxConfig &rArr; DMA_DeInit
</UL>
<BR>[Calls]<UL><LI><a href="#[281]">&gt;&gt;</a>&nbsp;&nbsp;&nbsp;dir_next
<LI><a href="#[27f]">&gt;&gt;</a>&nbsp;&nbsp;&nbsp;dir_sdi
<LI><a href="#[277]">&gt;&gt;</a>&nbsp;&nbsp;&nbsp;move_window
<LI><a href="#[283]">&gt;&gt;</a>&nbsp;&nbsp;&nbsp;mem_cmp
</UL>
<BR>[Called By]<UL><LI><a href="#[28a]">&gt;&gt;</a>&nbsp;&nbsp;&nbsp;follow_path
</UL>

<P><STRONG><a name="[284]"></a>dir_read</STRONG> (Thumb, 68 bytes, Stack size 8 bytes, ff.o(.text), UNUSED)
<BR><BR>[Calls]<UL><LI><a href="#[281]">&gt;&gt;</a>&nbsp;&nbsp;&nbsp;dir_next
<LI><a href="#[277]">&gt;&gt;</a>&nbsp;&nbsp;&nbsp;move_window
</UL>
<BR>[Called By]<UL><LI><a href="#[296]">&gt;&gt;</a>&nbsp;&nbsp;&nbsp;f_unlink
<LI><a href="#[292]">&gt;&gt;</a>&nbsp;&nbsp;&nbsp;f_readdir
</UL>

<P><STRONG><a name="[285]"></a>dir_register</STRONG> (Thumb, 98 bytes, Stack size 16 bytes, ff.o(.text))
<BR><BR>[Stack]<UL><LI>Max Depth = 284<LI>Call Chain = dir_register &rArr; dir_next &rArr; create_chain &rArr; put_fat &rArr; move_window &rArr; disk_write &rArr; SD_WriteMultiBlocks &rArr; SD_LowLevel_DMA_TxConfig &rArr; DMA_DeInit
</UL>
<BR>[Calls]<UL><LI><a href="#[281]">&gt;&gt;</a>&nbsp;&nbsp;&nbsp;dir_next
<LI><a href="#[27f]">&gt;&gt;</a>&nbsp;&nbsp;&nbsp;dir_sdi
<LI><a href="#[277]">&gt;&gt;</a>&nbsp;&nbsp;&nbsp;move_window
<LI><a href="#[279]">&gt;&gt;</a>&nbsp;&nbsp;&nbsp;mem_set
<LI><a href="#[286]">&gt;&gt;</a>&nbsp;&nbsp;&nbsp;mem_cpy
</UL>
<BR>[Called By]<UL><LI><a href="#[1ae]">&gt;&gt;</a>&nbsp;&nbsp;&nbsp;f_open
<LI><a href="#[29a]">&gt;&gt;</a>&nbsp;&nbsp;&nbsp;f_rename
<LI><a href="#[297]">&gt;&gt;</a>&nbsp;&nbsp;&nbsp;f_mkdir
</UL>

<P><STRONG><a name="[287]"></a>dir_remove</STRONG> (Thumb, 42 bytes, Stack size 8 bytes, ff.o(.text), UNUSED)
<BR><BR>[Calls]<UL><LI><a href="#[27f]">&gt;&gt;</a>&nbsp;&nbsp;&nbsp;dir_sdi
<LI><a href="#[277]">&gt;&gt;</a>&nbsp;&nbsp;&nbsp;move_window
</UL>
<BR>[Called By]<UL><LI><a href="#[29a]">&gt;&gt;</a>&nbsp;&nbsp;&nbsp;f_rename
<LI><a href="#[296]">&gt;&gt;</a>&nbsp;&nbsp;&nbsp;f_unlink
</UL>

<P><STRONG><a name="[288]"></a>create_name</STRONG> (Thumb, 298 bytes, Stack size 40 bytes, ff.o(.text))
<BR><BR>[Stack]<UL><LI>Max Depth = 40<LI>Call Chain = create_name
</UL>
<BR>[Calls]<UL><LI><a href="#[289]">&gt;&gt;</a>&nbsp;&nbsp;&nbsp;chk_chr
<LI><a href="#[279]">&gt;&gt;</a>&nbsp;&nbsp;&nbsp;mem_set
</UL>
<BR>[Called By]<UL><LI><a href="#[28a]">&gt;&gt;</a>&nbsp;&nbsp;&nbsp;follow_path
</UL>

<P><STRONG><a name="[293]"></a>get_fileinfo</STRONG> (Thumb, 120 bytes, Stack size 12 bytes, ff.o(.text), UNUSED)
<BR><BR>[Called By]<UL><LI><a href="#[294]">&gt;&gt;</a>&nbsp;&nbsp;&nbsp;f_stat
<LI><a href="#[292]">&gt;&gt;</a>&nbsp;&nbsp;&nbsp;f_readdir
</UL>

<P><STRONG><a name="[28a]"></a>follow_path</STRONG> (Thumb, 120 bytes, Stack size 24 bytes, ff.o(.text))
<BR><BR>[Stack]<UL><LI>Max Depth = 308<LI>Call Chain = follow_path &rArr; dir_find &rArr; dir_next &rArr; create_chain &rArr; put_fat &rArr; move_window &rArr; disk_write &rArr; SD_WriteMultiBlocks &rArr; SD_LowLevel_DMA_TxConfig &rArr; DMA_DeInit
</UL>
<BR>[Calls]<UL><LI><a href="#[288]">&gt;&gt;</a>&nbsp;&nbsp;&nbsp;create_name
<LI><a href="#[282]">&gt;&gt;</a>&nbsp;&nbsp;&nbsp;dir_find
<LI><a href="#[27f]">&gt;&gt;</a>&nbsp;&nbsp;&nbsp;dir_sdi
</UL>
<BR>[Called By]<UL><LI><a href="#[1ae]">&gt;&gt;</a>&nbsp;&nbsp;&nbsp;f_open
<LI><a href="#[29a]">&gt;&gt;</a>&nbsp;&nbsp;&nbsp;f_rename
<LI><a href="#[299]">&gt;&gt;</a>&nbsp;&nbsp;&nbsp;f_utime
<LI><a href="#[298]">&gt;&gt;</a>&nbsp;&nbsp;&nbsp;f_chmod
<LI><a href="#[297]">&gt;&gt;</a>&nbsp;&nbsp;&nbsp;f_mkdir
<LI><a href="#[296]">&gt;&gt;</a>&nbsp;&nbsp;&nbsp;f_unlink
<LI><a href="#[294]">&gt;&gt;</a>&nbsp;&nbsp;&nbsp;f_stat
<LI><a href="#[291]">&gt;&gt;</a>&nbsp;&nbsp;&nbsp;f_opendir
</UL>

<P><STRONG><a name="[28b]"></a>check_fs</STRONG> (Thumb, 124 bytes, Stack size 8 bytes, ff.o(.text))
<BR><BR>[Stack]<UL><LI>Max Depth = 172<LI>Call Chain = check_fs &rArr; disk_read &rArr; SD_ReadMultiBlocks &rArr; SD_LowLevel_DMA_RxConfig &rArr; DMA_DeInit
</UL>
<BR>[Calls]<UL><LI><a href="#[275]">&gt;&gt;</a>&nbsp;&nbsp;&nbsp;disk_read
</UL>
<BR>[Called By]<UL><LI><a href="#[28c]">&gt;&gt;</a>&nbsp;&nbsp;&nbsp;chk_mounted
</UL>

<P><STRONG><a name="[28c]"></a>chk_mounted</STRONG> (Thumb, 768 bytes, Stack size 32 bytes, ff.o(.text))
<BR><BR>[Stack]<UL><LI>Max Depth = 204<LI>Call Chain = chk_mounted &rArr; check_fs &rArr; disk_read &rArr; SD_ReadMultiBlocks &rArr; SD_LowLevel_DMA_RxConfig &rArr; DMA_DeInit
</UL>
<BR>[Calls]<UL><LI><a href="#[28b]">&gt;&gt;</a>&nbsp;&nbsp;&nbsp;check_fs
<LI><a href="#[275]">&gt;&gt;</a>&nbsp;&nbsp;&nbsp;disk_read
<LI><a href="#[28d]">&gt;&gt;</a>&nbsp;&nbsp;&nbsp;disk_status
<LI><a href="#[273]">&gt;&gt;</a>&nbsp;&nbsp;&nbsp;disk_initialize
</UL>
<BR>[Called By]<UL><LI><a href="#[1ae]">&gt;&gt;</a>&nbsp;&nbsp;&nbsp;f_open
<LI><a href="#[1b0]">&gt;&gt;</a>&nbsp;&nbsp;&nbsp;f_getfree
<LI><a href="#[29a]">&gt;&gt;</a>&nbsp;&nbsp;&nbsp;f_rename
<LI><a href="#[299]">&gt;&gt;</a>&nbsp;&nbsp;&nbsp;f_utime
<LI><a href="#[298]">&gt;&gt;</a>&nbsp;&nbsp;&nbsp;f_chmod
<LI><a href="#[297]">&gt;&gt;</a>&nbsp;&nbsp;&nbsp;f_mkdir
<LI><a href="#[296]">&gt;&gt;</a>&nbsp;&nbsp;&nbsp;f_unlink
<LI><a href="#[294]">&gt;&gt;</a>&nbsp;&nbsp;&nbsp;f_stat
<LI><a href="#[291]">&gt;&gt;</a>&nbsp;&nbsp;&nbsp;f_opendir
</UL>

<P><STRONG><a name="[28e]"></a>validate</STRONG> (Thumb, 38 bytes, Stack size 8 bytes, ff.o(.text))
<BR><BR>[Stack]<UL><LI>Max Depth = 8<LI>Call Chain = validate
</UL>
<BR>[Calls]<UL><LI><a href="#[28d]">&gt;&gt;</a>&nbsp;&nbsp;&nbsp;disk_status
</UL>
<BR>[Called By]<UL><LI><a href="#[1b2]">&gt;&gt;</a>&nbsp;&nbsp;&nbsp;f_write
<LI><a href="#[1b3]">&gt;&gt;</a>&nbsp;&nbsp;&nbsp;f_read
<LI><a href="#[1b1]">&gt;&gt;</a>&nbsp;&nbsp;&nbsp;f_lseek
<LI><a href="#[295]">&gt;&gt;</a>&nbsp;&nbsp;&nbsp;f_truncate
<LI><a href="#[292]">&gt;&gt;</a>&nbsp;&nbsp;&nbsp;f_readdir
<LI><a href="#[290]">&gt;&gt;</a>&nbsp;&nbsp;&nbsp;f_sync
</UL>

<P><STRONG><a name="[2f5]"></a>_fp_digits</STRONG> (Thumb, 326 bytes, Stack size 56 bytes, printfa.o(i._fp_digits), UNUSED)
<BR><BR>[Calls]<UL><LI><a href="#[2f6]">&gt;&gt;</a>&nbsp;&nbsp;&nbsp;__aeabi_cdrcmple
<LI><a href="#[108]">&gt;&gt;</a>&nbsp;&nbsp;&nbsp;__aeabi_dadd
<LI><a href="#[cf]">&gt;&gt;</a>&nbsp;&nbsp;&nbsp;__aeabi_dmul
<LI><a href="#[eb]">&gt;&gt;</a>&nbsp;&nbsp;&nbsp;__aeabi_ddiv
<LI><a href="#[2ec]">&gt;&gt;</a>&nbsp;&nbsp;&nbsp;__aeabi_uldivmod
<LI><a href="#[2ee]">&gt;&gt;</a>&nbsp;&nbsp;&nbsp;__aeabi_d2ulz
</UL>
<BR>[Called By]<UL><LI><a href="#[2f2]">&gt;&gt;</a>&nbsp;&nbsp;&nbsp;_printf_core
</UL>

<P><STRONG><a name="[2f2]"></a>_printf_core</STRONG> (Thumb, 1762 bytes, Stack size 136 bytes, printfa.o(i._printf_core), UNUSED)
<BR><BR>[Calls]<UL><LI><a href="#[2ec]">&gt;&gt;</a>&nbsp;&nbsp;&nbsp;__aeabi_uldivmod
<LI><a href="#[2f9]">&gt;&gt;</a>&nbsp;&nbsp;&nbsp;__aeabi_uidivmod
<LI><a href="#[2f7]">&gt;&gt;</a>&nbsp;&nbsp;&nbsp;_printf_pre_padding
<LI><a href="#[2f8]">&gt;&gt;</a>&nbsp;&nbsp;&nbsp;_printf_post_padding
<LI><a href="#[2f5]">&gt;&gt;</a>&nbsp;&nbsp;&nbsp;_fp_digits
</UL>
<BR>[Called By]<UL><LI><a href="#[2f4]">&gt;&gt;</a>&nbsp;&nbsp;&nbsp;__0vsprintf
<LI><a href="#[2f3]">&gt;&gt;</a>&nbsp;&nbsp;&nbsp;__0sprintf
<LI><a href="#[2f1]">&gt;&gt;</a>&nbsp;&nbsp;&nbsp;__0printf
</UL>

<P><STRONG><a name="[2f8]"></a>_printf_post_padding</STRONG> (Thumb, 38 bytes, Stack size 24 bytes, printfa.o(i._printf_post_padding), UNUSED)
<BR><BR>[Called By]<UL><LI><a href="#[2f2]">&gt;&gt;</a>&nbsp;&nbsp;&nbsp;_printf_core
</UL>

<P><STRONG><a name="[2f7]"></a>_printf_pre_padding</STRONG> (Thumb, 48 bytes, Stack size 24 bytes, printfa.o(i._printf_pre_padding), UNUSED)
<BR><BR>[Called By]<UL><LI><a href="#[2f2]">&gt;&gt;</a>&nbsp;&nbsp;&nbsp;_printf_core
</UL>

<P><STRONG><a name="[8b]"></a>_sputc</STRONG> (Thumb, 10 bytes, Stack size 0 bytes, printfa.o(i._sputc))
<BR><BR>[Called By]<UL><LI><a href="#[2f4]">&gt;&gt;</a>&nbsp;&nbsp;&nbsp;__0vsprintf
<LI><a href="#[2f3]">&gt;&gt;</a>&nbsp;&nbsp;&nbsp;__0sprintf
</UL>
<BR>[Address Reference Count : 2]<UL><LI> printfa.o(i.__0sprintf)
<LI> printfa.o(i.__0vsprintf)
</UL><P>
<H3>
Undefined Global Symbols
</H3><HR></body></html>
