ARM Linker, 5.03 [Build 69] [MDK-ARM Standard]

==============================================================================

Section Cross References

    main.o(.text) refers to queue.o(.text) for xQueueGenericReceive
    main.o(.text) refers to int_stm32f4_debug.o(.text) for printDebug
    main.o(.text) refers to f2d.o(.text) for __aeabi_f2d
    main.o(.text) refers to memcpya.o(.text) for __aeabi_memcpy
    main.o(.text) refers to main.o(.data) for .data
    main.o(.text) refers to int_stm32f4_debug.o(.data) for xSemaphore
    main.o(.text) refers to main.o(.constdata) for .constdata
    main.o(.text) refers to int_stm32f4_24lc512.o(.text) for EEPROM_WriteBuf
    main.o(.text) refers to main.o(.bss) for .bss
    main.o(.text) refers to int_stm32f4_configsd.o(.constdata) for SEN420CONF_BASEADDR
    main.o(.text) refers to int_stm32f4_configsd.o(.constdata) for SENADCCONF_BASEADDR
    main.o(.text) refers to int_stm32f4_configsd.o(.constdata) for DIGItIN_BASEADDR
    main.o(.text) refers to int_stm32f4_configsd.o(.constdata) for SEN420ALARMn_BASEADDR
    main.o(.text) refers to int_stm32f4_configsd.o(.constdata) for SENADCALARMn_BASEADDR
    main.o(.text) refers to int_stm32f4_configsd.o(.constdata) for SEN420CHnCAL_BASEADDR
    main.o(.text) refers to stm32f4xx_rcc.o(.text) for RCC_AHB1PeriphClockCmd
    main.o(.text) refers to stm32f4xx_gpio.o(.text) for GPIO_Init
    main.o(.text) refers to stm32f4xx_syscfg.o(.text) for SYSCFG_EXTILineConfig
    main.o(.text) refers to stm32f4xx_exti.o(.text) for EXTI_Init
    main.o(.text) refers to misc.o(.text) for NVIC_Init
    main.o(.text) refers to int_stm32f4_usart.o(.text) for vUSART_Initial
    main.o(.text) refers to int_stm32f4_onewire.o(.text) for vONEWIRE_Init
    main.o(.text) refers to int_stm32f4_timer.o(.text) for vTIMER_initialTimer3
    main.o(.text) refers to int_stm32f4_rtc.o(.text) for ucRTC_Initial
    main.o(.text) refers to int_stm32f4_420rclick.o(.text) for v420RCLICK_InitialSPI1
    main.o(.text) refers to tm_stm32f4_adc.o(.text) for TM_ADC_Init
    main.o(.text) refers to stm32f4_sdcard.o(.text) for xSDCARD_Initial
    main.o(.text) refers to memcmp.o(.text) for memcmp
    main.o(.text) refers to int_stm32f4_timer.o(.data) for _buzzer_2hz
    main.o(.text) refers to manager_task.o(.text) for ucMNG_ReadDS1820
    main.o(.text) refers to tasks.o(.text) for xTaskGenericCreate
    main.o(.text) refers to stm32f4xx_usart.o(.text) for USART_SendData
    main.o(.text) refers to data_task.o(.text) for vDataBuf_Task
    main.o(.text) refers to log_task.o(.text) for vLog_Task
    main.o(.text) refers to sd_task.o(.text) for vSDnMB_Task
    main.o(.text) refers to gsm_task.o(.text) for vGSM_Task
    main.o(.text) refers to sensors_task.o(.text) for vSensors_Task
    main.o(.text) refers to modbus_task.o(.text) for vModbus_Task
    system_stm32f4xx.o(.text) refers to system_stm32f4xx.o(.data) for .data
    stm32f4xx_it.o(.text) refers to int_stm32f4_debug.o(.text) for printDebug_Semphr
    stm32f4xx_it.o(.text) refers to stm32f4_discovery_sdio_sd.o(.text) for SD_ProcessIRQSrc
    stm32f4xx_it.o(.text) refers to stm32f4xx_tim.o(.text) for TIM_GetITStatus
    stm32f4xx_it.o(.text) refers to int_stm32f4_watchdog.o(.data) for _CaptureNumber
    stm32f4xx_it.o(.text) refers to stm32f4xx_it.o(.data) for .data
    tester.o(.text) refers to int_stm32f4_debug.o(.text) for printDebug_Semphr
    tester.o(.text) refers to queue.o(.text) for xQueueGenericReceive
    tester.o(.text) refers to int_stm32f4_protocolparser.o(.text) for ucPTCPARSER_getFrameType
    tester.o(.text) refers to main.o(.data) for Queue_PacketToGSM
    tester.o(.text) refers to int_stm32f4_debug.o(.data) for xSemaphore
    manager_task.o(.text) refers to int_stm32f4_onewire.o(.text) for ucONEWIRE_Reset
    manager_task.o(.text) refers to main.o(.text) for delay_ms
    manager_task.o(.text) refers to dfltui.o(.text) for __aeabi_ui2d
    manager_task.o(.text) refers to dmul.o(.text) for __aeabi_dmul
    manager_task.o(.text) refers to d2f.o(.text) for __aeabi_d2f
    manager_task.o(.text) refers to int_stm32f4_timer.o(.text) for cTIMER_CheckTimerExceed
    manager_task.o(.text) refers to int_stm32f4_debug.o(.text) for printDebug_Semphr
    manager_task.o(.text) refers to int_stm32f4_rtc.o(.text) for uiRTC_GetEpochTime
    manager_task.o(.text) refers to int_stm32f4_dataqueue.o(.text) for ucDATAQUEUE_AddEvent
    manager_task.o(.text) refers to sensors_task.o(.data) for _DataStatus_420mA
    manager_task.o(.text) refers to main.o(.bss) for struct_Config420SensorAlarm
    manager_task.o(.text) refers to manager_task.o(.data) for .data
    manager_task.o(.text) refers to manager_task.o(.bss) for .bss
    manager_task.o(.text) refers to main.o(.data) for _BatteryStatus
    manager_task.o(.text) refers to main.o(.data) for _BatteryStat_old
    manager_task.o(.text) refers to main.o(.data) for flag_HaveMemEvent
    manager_task.o(.text) refers to main.o(.data) for _MemoryStatus
[...]
    EEPROM_Read                              0x0801927b   Thumb Code   312  int_stm32f4_24lc512.o(.text)
    vListInitialise                          0x080193b3   Thumb Code    22  list.o(.text)
    vListInitialiseItem                      0x080193c9   Thumb Code     6  list.o(.text)
    vListInsertEnd                           0x080193cf   Thumb Code    24  list.o(.text)
    vListInsert                              0x080193e7   Thumb Code    48  list.o(.text)
    uxListRemove                             0x08019417   Thumb Code    36  list.o(.text)
    xQueueGenericReset                       0x0801943b   Thumb Code    98  queue.o(.text)
    xQueueGenericCreate                      0x0801949d   Thumb Code    72  queue.o(.text)
    xQueueGenericSend                        0x080195d1   Thumb Code   202  queue.o(.text)
    xQueueCreateMutex                        0x0801969b   Thumb Code    74  queue.o(.text)
    xQueueCreateCountingSemaphore            0x080196e5   Thumb Code    20  queue.o(.text)
    xQueueGenericSendFromISR                 0x080196f9   Thumb Code    96  queue.o(.text)
    xQueueGenericReceive                     0x0801979b   Thumb Code   252  queue.o(.text)
    xQueueReceiveFromISR                     0x08019897   Thumb Code    90  queue.o(.text)
    xQueuePeekFromISR                        0x080198f1   Thumb Code    46  queue.o(.text)
    uxQueueMessagesWaiting                   0x0801991f   Thumb Code    18  queue.o(.text)
    uxQueueSpacesAvailable                   0x08019931   Thumb Code    22  queue.o(.text)
    uxQueueMessagesWaitingFromISR            0x08019947   Thumb Code     4  queue.o(.text)
    vQueueDelete                             0x0801994b   Thumb Code    24  queue.o(.text)
    uxQueueGetQueueNumber                    0x08019963   Thumb Code     4  queue.o(.text)
    vQueueSetQueueNumber                     0x08019967   Thumb Code     4  queue.o(.text)
    ucQueueGetQueueType                      0x0801996b   Thumb Code     6  queue.o(.text)
    xQueueIsQueueEmptyFromISR                0x08019971   Thumb Code    14  queue.o(.text)
    xQueueIsQueueFullFromISR                 0x0801997f   Thumb Code    16  queue.o(.text)
    xTaskGenericCreate                       0x08019a53   Thumb Code   200  tasks.o(.text)
    vTaskDelete                              0x08019b39   Thumb Code    96  tasks.o(.text)
    xTaskIncrementTick                       0x08019b99   Thumb Code   174  tasks.o(.text)
    xTaskResumeAll                           0x08019c47   Thumb Code   150  tasks.o(.text)
    vTaskSuspendAll                          0x08019d0f   Thumb Code    10  tasks.o(.text)
    vTaskDelay                               0x08019d19   Thumb Code    52  tasks.o(.text)
    uxTaskPriorityGet                        0x08019d4d   Thumb Code    24  tasks.o(.text)
    vTaskPrioritySet                         0x08019d65   Thumb Code   156  tasks.o(.text)
    vTaskStartScheduler                      0x08019e73   Thumb Code    50  tasks.o(.text)
    vTaskEndScheduler                        0x08019ea5   Thumb Code    20  tasks.o(.text)
    xTaskGetTickCount                        0x08019eb9   Thumb Code    18  tasks.o(.text)
    xTaskGetTickCountFromISR                 0x08019ecb   Thumb Code    18  tasks.o(.text)
    uxTaskGetNumberOfTasks                   0x08019edd   Thumb Code     6  tasks.o(.text)
    uxTaskGetSystemState                     0x08019f67   Thumb Code   124  tasks.o(.text)
    vTaskSwitchContext                       0x08019fe3   Thumb Code   102  tasks.o(.text)
    vTaskPlaceOnEventList                    0x0801a049   Thumb Code    32  tasks.o(.text)
    vTaskPlaceOnUnorderedEventList           0x0801a069   Thumb Code    40  tasks.o(.text)
    xTaskRemoveFromEventList                 0x0801a091   Thumb Code    88  tasks.o(.text)
    xTaskRemoveFromUnorderedEventList        0x0801a0e9   Thumb Code    70  tasks.o(.text)
    vTaskSetTimeOutState                     0x0801a12f   Thumb Code    12  tasks.o(.text)
    xTaskCheckForTimeOut                     0x0801a13b   Thumb Code    66  tasks.o(.text)
    vTaskMissedYield                         0x0801a17d   Thumb Code     8  tasks.o(.text)
    uxTaskGetTaskNumber                      0x0801a185   Thumb Code    12  tasks.o(.text)
    vTaskSetTaskNumber                       0x0801a191   Thumb Code     8  tasks.o(.text)
    xTaskGetCurrentTaskHandle                0x0801a199   Thumb Code     6  tasks.o(.text)
    vTaskPriorityInherit                     0x0801a19f   Thumb Code   124  tasks.o(.text)
    vTaskPriorityDisinherit                  0x0801a21b   Thumb Code    72  tasks.o(.text)
    uxTaskResetEventItemValue                0x0801a263   Thumb Code    20  tasks.o(.text)
    pvPortMalloc                             0x0801a29d   Thumb Code   156  heap_2.o(.text)
    vPortFree                                0x0801a339   Thumb Code    58  heap_2.o(.text)
    xPortGetFreeHeapSize                     0x0801a373   Thumb Code     8  heap_2.o(.text)
    vPortInitialiseBlocks                    0x0801a37b   Thumb Code     2  heap_2.o(.text)
    pxPortInitialiseStack                    0x0801a38f   Thumb Code    28  port.o(.text)
    vPortSetupTimerInterrupt                 0x0801a3ab   Thumb Code    14  port.o(.text)
    xPortStartScheduler                      0x0801a3b9   Thumb Code    52  port.o(.text)
    vPortEndScheduler                        0x0801a3ed   Thumb Code     2  port.o(.text)
    vPortYield                               0x0801a3ef   Thumb Code    20  port.o(.text)
    vPortEnterCritical                       0x0801a403   Thumb Code    24  port.o(.text)
    vPortExitCritical                        0x0801a41b   Thumb Code    18  port.o(.text)
    xPortSysTickHandler                      0x0801a42d   Thumb Code    32  port.o(.text)
    Reset_Handler                            0x0801a461   Thumb Code     8  startup_stm32f4xx.o(.text)
    ADC_IRQHandler                           0x0801a47b   Thumb Code     0  startup_stm32f4xx.o(.text)
    CAN1_RX0_IRQHandler                      0x0801a47b   Thumb Code     0  startup_stm32f4xx.o(.text)
    CAN1_RX1_IRQHandler                      0x0801a47b   Thumb Code     0  startup_stm32f4xx.o(.text)
    CAN1_SCE_IRQHandler                      0x0801a47b   Thumb Code     0  startup_stm32f4xx.o(.text)
    CAN1_TX_IRQHandler                       0x0801a47b   Thumb Code     0  startup_stm32f4xx.o(.text)
    CAN2_RX0_IRQHandler                      0x0801a47b   Thumb Code     0  startup_stm32f4xx.o(.text)
    CAN2_RX1_IRQHandler                      0x0801a47b   Thumb Code     0  startup_stm32f4xx.o(.text)
    CAN2_SCE_IRQHandler                      0x0801a47b   Thumb Code     0  startup_stm32f4xx.o(.text)
    CAN2_TX_IRQHandler                       0x0801a47b   Thumb Code     0  startup_stm32f4xx.o(.text)
    CRYP_IRQHandler                          0x0801a47b   Thumb Code     0  startup_stm32f4xx.o(.text)
    DCMI_IRQHandler                          0x0801a47b   Thumb Code     0  startup_stm32f4xx.o(.text)
    DMA1_Stream0_IRQHandler                  0x0801a47b   Thumb Code     0  startup_stm32f4xx.o(.text)
    DMA1_Stream1_IRQHandler                  0x0801a47b   Thumb Code     0  startup_stm32f4xx.o(.text)
    DMA1_Stream2_IRQHandler                  0x0801a47b   Thumb Code     0  startup_stm32f4xx.o(.text)
    DMA1_Stream3_IRQHandler                  0x0801a47b   Thumb Code     0  startup_stm32f4xx.o(.text)
    DMA1_Stream4_IRQHandler                  0x0801a47b   Thumb Code     0  startup_stm32f4xx.o(.text)
    DMA1_Stream5_IRQHandler                  0x0801a47b   Thumb Code     0  startup_stm32f4xx.o(.text)
    DMA1_Stream6_IRQHandler                  0x0801a47b   Thumb Code     0  startup_stm32f4xx.o(.text)
    DMA1_Stream7_IRQHandler                  0x0801a47b   Thumb Code     0  startup_stm32f4xx.o(.text)
    DMA2_Stream0_IRQHandler                  0x0801a47b   Thumb Code     0  startup_stm32f4xx.o(.text)
    DMA2_Stream1_IRQHandler                  0x0801a47b   Thumb Code     0  startup_stm32f4xx.o(.text)
    DMA2_Stream2_IRQHandler                  0x0801a47b   Thumb Code     0  startup_stm32f4xx.o(.text)
    DMA2_Stream4_IRQHandler                  0x0801a47b   Thumb Code     0  startup_stm32f4xx.o(.text)
    DMA2_Stream5_IRQHandler                  0x0801a47b   Thumb Code     0  startup_stm32f4xx.o(.text)
    DMA2_Stream6_IRQHandler                  0x0801a47b   Thumb Code     0  startup_stm32f4xx.o(.text)
    DMA2_Stream7_IRQHandler                  0x0801a47b   Thumb Code     0  startup_stm32f4xx.o(.text)
    ETH_IRQHandler                           0x0801a47b   Thumb Code     0  startup_stm32f4xx.o(.text)
    ETH_WKUP_IRQHandler                      0x0801a47b   Thumb Code     0  startup_stm32f4xx.o(.text)
    EXTI0_IRQHandler                         0x0801a47b   Thumb Code     0  startup_stm32f4xx.o(.text)
    EXTI15_10_IRQHandler                     0x0801a47b   Thumb Code     0  startup_stm32f4xx.o(.text)
    EXTI1_IRQHandler                         0x0801a47b   Thumb Code     0  startup_stm32f4xx.o(.text)
    EXTI2_IRQHandler                         0x0801a47b   Thumb Code     0  startup_stm32f4xx.o(.text)
    EXTI4_IRQHandler                         0x0801a47b   Thumb Code     0  startup_stm32f4xx.o(.text)
    EXTI9_5_IRQHandler                       0x0801a47b   Thumb Code     0  startup_stm32f4xx.o(.text)
    FLASH_IRQHandler                         0x0801a47b   Thumb Code     0  startup_stm32f4xx.o(.text)
    FPU_IRQHandler                           0x0801a47b   Thumb Code     0  startup_stm32f4xx.o(.text)
    FSMC_IRQHandler                          0x0801a47b   Thumb Code     0  startup_stm32f4xx.o(.text)
    HASH_RNG_IRQHandler                      0x0801a47b   Thumb Code     0  startup_stm32f4xx.o(.text)
    I2C1_ER_IRQHandler                       0x0801a47b   Thumb Code     0  startup_stm32f4xx.o(.text)
    I2C1_EV_IRQHandler                       0x0801a47b   Thumb Code     0  startup_stm32f4xx.o(.text)
    I2C2_ER_IRQHandler                       0x0801a47b   Thumb Code     0  startup_stm32f4xx.o(.text)
    I2C2_EV_IRQHandler                       0x0801a47b   Thumb Code     0  startup_stm32f4xx.o(.text)
    I2C3_ER_IRQHandler                       0x0801a47b   Thumb Code     0  startup_stm32f4xx.o(.text)
    I2C3_EV_IRQHandler                       0x0801a47b   Thumb Code     0  startup_stm32f4xx.o(.text)
    OTG_FS_IRQHandler                        0x0801a47b   Thumb Code     0  startup_stm32f4xx.o(.text)
    OTG_FS_WKUP_IRQHandler                   0x0801a47b   Thumb Code     0  startup_stm32f4xx.o(.text)
    OTG_HS_EP1_IN_IRQHandler                 0x0801a47b   Thumb Code     0  startup_stm32f4xx.o(.text)
    OTG_HS_EP1_OUT_IRQHandler                0x0801a47b   Thumb Code     0  startup_stm32f4xx.o(.text)
    OTG_HS_IRQHandler                        0x0801a47b   Thumb Code     0  startup_stm32f4xx.o(.text)
    OTG_HS_WKUP_IRQHandler                   0x0801a47b   Thumb Code     0  startup_stm32f4xx.o(.text)
    PVD_IRQHandler                           0x0801a47b   Thumb Code     0  startup_stm32f4xx.o(.text)
    RCC_IRQHandler                           0x0801a47b   Thumb Code     0  startup_stm32f4xx.o(.text)
    RTC_Alarm_IRQHandler                     0x0801a47b   Thumb Code     0  startup_stm32f4xx.o(.text)
    RTC_WKUP_IRQHandler                      0x0801a47b   Thumb Code     0  startup_stm32f4xx.o(.text)
    SPI1_IRQHandler                          0x0801a47b   Thumb Code     0  startup_stm32f4xx.o(.text)
    SPI2_IRQHandler                          0x0801a47b   Thumb Code     0  startup_stm32f4xx.o(.text)
    SPI3_IRQHandler                          0x0801a47b   Thumb Code     0  startup_stm32f4xx.o(.text)
    TAMP_STAMP_IRQHandler                    0x0801a47b   Thumb Code     0  startup_stm32f4xx.o(.text)
    TIM1_BRK_TIM9_IRQHandler                 0x0801a47b   Thumb Code     0  startup_stm32f4xx.o(.text)
    TIM1_CC_IRQHandler                       0x0801a47b   Thumb Code     0  startup_stm32f4xx.o(.text)
    TIM1_TRG_COM_TIM11_IRQHandler            0x0801a47b   Thumb Code     0  startup_stm32f4xx.o(.text)
    TIM1_UP_TIM10_IRQHandler                 0x0801a47b   Thumb Code     0  startup_stm32f4xx.o(.text)
    TIM6_DAC_IRQHandler                      0x0801a47b   Thumb Code     0  startup_stm32f4xx.o(.text)
    TIM7_IRQHandler                          0x0801a47b   Thumb Code     0  startup_stm32f4xx.o(.text)
    TIM8_CC_IRQHandler                       0x0801a47b   Thumb Code     0  startup_stm32f4xx.o(.text)
    TIM8_TRG_COM_TIM14_IRQHandler            0x0801a47b   Thumb Code     0  startup_stm32f4xx.o(.text)
    TIM8_UP_TIM13_IRQHandler                 0x0801a47b   Thumb Code     0  startup_stm32f4xx.o(.text)
    UART4_IRQHandler                         0x0801a47b   Thumb Code     0  startup_stm32f4xx.o(.text)
    UART5_IRQHandler                         0x0801a47b   Thumb Code     0  startup_stm32f4xx.o(.text)
    WWDG_IRQHandler                          0x0801a47b   Thumb Code     0  startup_stm32f4xx.o(.text)
    disk_initialize                          0x0801a485   Thumb Code    44  diskio.o(.text)
    disk_status                              0x0801a4b1   Thumb Code    12  diskio.o(.text)
    disk_read                                0x0801a4bd   Thumb Code    38  diskio.o(.text)
    disk_write                               0x0801a4e3   Thumb Code    38  diskio.o(.text)
    get_fattime                              0x0801a509   Thumb Code     4  diskio.o(.text)
    disk_ioctl                               0x0801a50d   Thumb Code    36  diskio.o(.text)
    clust2sect                               0x0801a6a3   Thumb Code    24  ff.o(.text)
    get_fat                                  0x0801a6bb   Thumb Code   200  ff.o(.text)
    put_fat                                  0x0801a783   Thumb Code   246  ff.o(.text)
    f_mount                                  0x0801b1df   Thumb Code    30  ff.o(.text)
    f_open                                   0x0801b1fd   Thumb Code   354  ff.o(.text)
    f_read                                   0x0801b35f   Thumb Code   378  ff.o(.text)
    f_write                                  0x0801b4d9   Thumb Code   454  ff.o(.text)
    f_sync                                   0x0801b69f   Thumb Code   164  ff.o(.text)
    f_close                                  0x0801b743   Thumb Code    20  ff.o(.text)
    f_lseek                                  0x0801b757   Thumb Code   378  ff.o(.text)
    f_opendir                                0x0801b8d1   Thumb Code    96  ff.o(.text)
    f_readdir                                0x0801b931   Thumb Code    82  ff.o(.text)
    f_stat                                   0x0801b983   Thumb Code    58  ff.o(.text)
    f_getfree                                0x0801b9bd   Thumb Code   224  ff.o(.text)
    f_truncate                               0x0801ba9d   Thumb Code   142  ff.o(.text)
    f_unlink                                 0x0801bb2b   Thumb Code   164  ff.o(.text)
    f_mkdir                                  0x0801bbcf   Thumb Code   386  ff.o(.text)
    f_chmod                                  0x0801bd51   Thumb Code    74  ff.o(.text)
    f_utime                                  0x0801bd9b   Thumb Code    80  ff.o(.text)
    f_rename                                 0x0801bdeb   Thumb Code   276  ff.o(.text)
    eMBInit                                  0x0801bf01   Thumb Code   108  mb.o(.text)
    eMBRegisterCB                            0x0801bf6d   Thumb Code   100  mb.o(.text)
    eMBClose                                 0x0801bfd1   Thumb Code    28  mb.o(.text)
    eMBEnable                                0x0801bfed   Thumb Code    28  mb.o(.text)
    eMBDisable                               0x0801c009   Thumb Code    34  mb.o(.text)
    eMBMasterPoll                            0x0801c02b   Thumb Code   160  mb.o(.text)
    eMBDefinitionReadCoils                   0x0801c0cb   Thumb Code    46  mb.o(.text)
    eMBDefinitionWriteSingleCoil             0x0801c0f9   Thumb Code    58  mb.o(.text)
    eMBDefinitionReadInputRegister           0x0801c133   Thumb Code    54  mb.o(.text)
    eMBDefinitionWriteHoldingRegister        0x0801c169   Thumb Code    56  mb.o(.text)
    eMBDefinitionWriteMultipleHoldingRegister 0x0801c1a1   Thumb Code   110  mb.o(.text)
    eMBDefinitionReadHoldingRegister         0x0801c20f   Thumb Code    54  mb.o(.text)
    eMBRegHoldingCB                          0x0801c245   Thumb Code    98  mb.o(.text)
    eMBRegCoilsCB                            0x0801c2a7   Thumb Code   334  mb.o(.text)
    eMBRegDiscreteCB                         0x0801c3f5   Thumb Code     4  mb.o(.text)
    eMBRegInputCB                            0x0801c3f9   Thumb Code    66  mb.o(.text)
    eMBFuncReadCoils                         0x0801c471   Thumb Code   162  mbfunccoils.o(.text)
    eMBFuncWriteCoil                         0x0801c513   Thumb Code   148  mbfunccoils.o(.text)
    eMBFuncWriteMultipleCoils                0x0801c5a7   Thumb Code    78  mbfunccoils.o(.text)
    eMBFuncReadDiscreteInputs                0x0801c63d   Thumb Code   120  mbfuncdisc.o(.text)
    eMBFuncWriteHoldingRegister              0x0801c6b5   Thumb Code    74  mbfuncholding.o(.text)
    eMBFuncWriteMultipleHoldingRegister      0x0801c6ff   Thumb Code   136  mbfuncholding.o(.text)
    eMBFuncReadHoldingRegister               0x0801c787   Thumb Code   192  mbfuncholding.o(.text)
    eMBFuncReadWriteMultipleHoldingRegister  0x0801c847   Thumb Code   154  mbfuncholding.o(.text)
    eMBFuncReadInputRegister                 0x0801c8e1   Thumb Code   102  mbfuncinput.o(.text)
    eMBSetSlaveID                            0x0801c94d   Thumb Code    74  mbfuncother.o(.text)
    eMBFuncReportSlaveID                     0x0801c997   Thumb Code    26  mbfuncother.o(.text)
    xMBUtilSetBits                           0x0801c9b9   Thumb Code    42  mbutils.o(.text)
    xMBUtilGetBits                           0x0801c9e3   Thumb Code    34  mbutils.o(.text)
    prveMBError2Exception                    0x0801ca05   Thumb Code    28  mbutils.o(.text)
    usMBCRC16                                0x0801ca21   Thumb Code    42  mbcrc.o(.text)
    eMBRTUInit                               0x0801ca51   Thumb Code    62  mbrtu.o(.text)
    eMBRTUStart                              0x0801ca8f   Thumb Code    26  mbrtu.o(.text)
    eMBRTUStop                               0x0801caa9   Thumb Code    20  mbrtu.o(.text)
    eMBRTUReceive                            0x0801cabd   Thumb Code   108  mbrtu.o(.text)
    eMBRTUSend                               0x0801cb29   Thumb Code   140  mbrtu.o(.text)
    xMBRTUReceiveFSM                         0x0801cbb5   Thumb Code   102  mbrtu.o(.text)
    xMBRTUTransmitFSM                        0x0801cc1b   Thumb Code    84  mbrtu.o(.text)
    xMBRTUTimerT35Expired                    0x0801cc6f   Thumb Code    48  mbrtu.o(.text)
    xMBPortEventInit                         0x0801ccf1   Thumb Code    10  portevent.o(.text)
    xMBPortEventPost                         0x0801ccfb   Thumb Code    12  portevent.o(.text)
    xMBPortEventGet                          0x0801cd07   Thumb Code    24  portevent.o(.text)
    vMBPortSerialEnable                      0x0801cd25   Thumb Code    62  portserial.o(.text)
    xMBPortSerialInit                        0x0801cd63   Thumb Code   212  portserial.o(.text)
    xMBPortSerialPutByte                     0x0801ce37   Thumb Code    14  portserial.o(.text)
    xMBPortSerialGetByte                     0x0801ce45   Thumb Code    16  portserial.o(.text)
    xMBPortSerialClearByte                   0x0801ce55   Thumb Code     8  portserial.o(.text)
    USART6_IRQHandler                        0x0801ce5d   Thumb Code    68  portserial.o(.text)
    xMBPortTimersInit                        0x0801cead   Thumb Code   110  porttimer.o(.text)
    vMBPortTimersEnable                      0x0801cf1b   Thumb Code    26  porttimer.o(.text)
    vMBPortTimersDisable                     0x0801cf35   Thumb Code    10  porttimer.o(.text)
    TIM2_IRQHandler                          0x0801cf3f   Thumb Code    36  porttimer.o(.text)
    eMBSlaveInit                             0x0801cf69   Thumb Code    98  mbslave.o(.text)
    eMBSlaveRegisterCB                       0x0801cfcb   Thumb Code   100  mbslave.o(.text)
    eMBSlaveClose                            0x0801d02f   Thumb Code    28  mbslave.o(.text)
    eMBSlaveEnable                           0x0801d04b   Thumb Code    28  mbslave.o(.text)
    eMBSlaveDisable                          0x0801d067   Thumb Code    34  mbslave.o(.text)
    eMBSlavePoll                             0x0801d089   Thumb Code   166  mbslave.o(.text)
    eMBSlaveFuncReadCoils                    0x0801d151   Thumb Code   124  mbslavefunccoils.o(.text)
    eMBSlaveFuncWriteCoil                    0x0801d1cd   Thumb Code    90  mbslavefunccoils.o(.text)
    eMBSlaveFuncWriteMultipleCoils           0x0801d227   Thumb Code   100  mbslavefunccoils.o(.text)
    eMBSlaveFuncReadDiscreteInputs           0x0801d28b   Thumb Code   120  mbslavefuncdisc.o(.text)
    eMBSlaveFuncWriteHoldingRegister         0x0801d303   Thumb Code    50  mbslavefuncholding.o(.text)
    eMBSlaveFuncWriteMultipleHoldingRegister 0x0801d335   Thumb Code    82  mbslavefuncholding.o(.text)
    eMBSlaveFuncReadHoldingRegister          0x0801d387   Thumb Code    96  mbslavefuncholding.o(.text)
    eMBSlaveFuncReadWriteMultipleHoldingRegister 0x0801d3e7   Thumb Code   156  mbslavefuncholding.o(.text)
    eMBSlaveFuncReadInputRegister            0x0801d483   Thumb Code   100  mbslavefuncinput.o(.text)
    eMBSlaveSetSlaveID                       0x0801d4e9   Thumb Code    74  mbslavefuncother.o(.text)
    eMBSlaveFuncReportSlaveID                0x0801d533   Thumb Code    26  mbslavefuncother.o(.text)
    xMBSlaveUtilSetBits                      0x0801d555   Thumb Code    42  mbslaveutils.o(.text)
    xMBSlaveUtilGetBits                      0x0801d57f   Thumb Code    34  mbslaveutils.o(.text)
    prveMBSlaveError2Exception               0x0801d5a1   Thumb Code    28  mbslaveutils.o(.text)
    usMBSlaveCRC16                           0x0801d5bd   Thumb Code    42  mbslavecrc.o(.text)
    eMBSlaveRTUInit                          0x0801d5ed   Thumb Code    62  mbslavertu.o(.text)
    eMBSlaveRTUStart                         0x0801d62b   Thumb Code    26  mbslavertu.o(.text)
    eMBSlaveRTUStop                          0x0801d645   Thumb Code    20  mbslavertu.o(.text)
    eMBSlaveRTUReceive                       0x0801d659   Thumb Code    64  mbslavertu.o(.text)
    eMBSlaveRTUSend                          0x0801d699   Thumb Code    80  mbslavertu.o(.text)
    xMBSlaveRTUReceiveFSM                    0x0801d6e9   Thumb Code   102  mbslavertu.o(.text)
    xMBSlaveRTUTransmitFSM                   0x0801d74f   Thumb Code    78  mbslavertu.o(.text)
    xMBSlaveRTUTimerT35Expired               0x0801d79d   Thumb Code    48  mbslavertu.o(.text)
    xMBSlavePortEventInit                    0x0801d7d9   Thumb Code    10  porteventslave.o(.text)
    xMBSlavePortEventPost                    0x0801d7e3   Thumb Code    12  porteventslave.o(.text)
    xMBSlavePortEventGet                     0x0801d7ef   Thumb Code    24  porteventslave.o(.text)
    vMBSlavePortSerialEnable                 0x0801d80d   Thumb Code    62  portserialslave.o(.text)
    xMBSlavePortSerialInit                   0x0801d84b   Thumb Code   212  portserialslave.o(.text)
    xMBSlavePortSerialPutByte                0x0801d91f   Thumb Code    14  portserialslave.o(.text)
    xMBSlavePortSerialGetByte                0x0801d92d   Thumb Code    16  portserialslave.o(.text)
    USART2_IRQHandler                        0x0801d93d   Thumb Code    68  portserialslave.o(.text)
    xMBSlavePortTimersInit                   0x0801d98d   Thumb Code   108  porttimerslave.o(.text)
    vMBSlavePortTimersEnable                 0x0801d9f9   Thumb Code    24  porttimerslave.o(.text)
    vMBSlavePortTimersDisable                0x0801da11   Thumb Code     8  porttimerslave.o(.text)
    TIM4_IRQHandler                          0x0801da19   Thumb Code    36  porttimerslave.o(.text)
    TM_ADC_InitADC                           0x0801da45   Thumb Code   122  tm_stm32f4_adc.o(.text)
    TM_ADC_INT_InitPin                       0x0801dabf   Thumb Code    44  tm_stm32f4_adc.o(.text)
    TM_ADC_INT_Channel_15_Init               0x0801daeb   Thumb Code    36  tm_stm32f4_adc.o(.text)
    TM_ADC_INT_Channel_14_Init               0x0801db0f   Thumb Code    36  tm_stm32f4_adc.o(.text)
    TM_ADC_INT_Channel_13_Init               0x0801db33   Thumb Code     8  tm_stm32f4_adc.o(.text)
    TM_ADC_INT_Channel_12_Init               0x0801db3b   Thumb Code     8  tm_stm32f4_adc.o(.text)
    TM_ADC_INT_Channel_11_Init               0x0801db43   Thumb Code     8  tm_stm32f4_adc.o(.text)
    TM_ADC_INT_Channel_10_Init               0x0801db4b   Thumb Code     8  tm_stm32f4_adc.o(.text)
    TM_ADC_INT_Channel_9_Init                0x0801db53   Thumb Code    36  tm_stm32f4_adc.o(.text)
    TM_ADC_INT_Channel_8_Init                0x0801db77   Thumb Code    36  tm_stm32f4_adc.o(.text)
    TM_ADC_INT_Channel_7_Init                0x0801db9b   Thumb Code    36  tm_stm32f4_adc.o(.text)
    TM_ADC_INT_Channel_6_Init                0x0801dbbf   Thumb Code    36  tm_stm32f4_adc.o(.text)
    TM_ADC_INT_Channel_5_Init                0x0801dbe3   Thumb Code    36  tm_stm32f4_adc.o(.text)
    TM_ADC_INT_Channel_4_Init                0x0801dc07   Thumb Code    36  tm_stm32f4_adc.o(.text)
    TM_ADC_INT_Channel_3_Init                0x0801dc2b   Thumb Code     8  tm_stm32f4_adc.o(.text)
    TM_ADC_INT_Channel_2_Init                0x0801dc33   Thumb Code     8  tm_stm32f4_adc.o(.text)
    TM_ADC_INT_Channel_1_Init                0x0801dc3b   Thumb Code     8  tm_stm32f4_adc.o(.text)
    TM_ADC_INT_Channel_0_Init                0x0801dc43   Thumb Code     8  tm_stm32f4_adc.o(.text)
    TM_ADC_Init                              0x0801dc4b   Thumb Code   204  tm_stm32f4_adc.o(.text)
    TM_ADC_Read                              0x0801dd17   Thumb Code    42  tm_stm32f4_adc.o(.text)
    TM_ADC_EnableVbat                        0x0801dd41   Thumb Code    16  tm_stm32f4_adc.o(.text)
    TM_ADC_DisableVbat                       0x0801dd51   Thumb Code    16  tm_stm32f4_adc.o(.text)
    TM_ADC_ReadVbat                          0x0801dd61   Thumb Code    58  tm_stm32f4_adc.o(.text)
    SysTick_Handler                          0x0801ddbd   Thumb Code    34  tm_stm32f4_delay.o(.text)
    TM_DELAY_Init                            0x0801dddf   Thumb Code    70  tm_stm32f4_delay.o(.text)
    TM_DELAY_EnableDelayTimer                0x0801de25   Thumb Code    22  tm_stm32f4_delay.o(.text)
    TM_DELAY_DisableDelayTimer               0x0801de3b   Thumb Code    14  tm_stm32f4_delay.o(.text)
    TM_BKPSRAM_Init                          0x0801de59   Thumb Code    46  tm_stm32f4_bkpsram.o(.text)
    __rt_ctype_table                         0x0801de91   Thumb Code     4  ctype_o.o(.text)
    rand                                     0x0801de99   Thumb Code    20  rand.o(.text)
    srand                                    0x0801dead   Thumb Code     6  rand.o(.text)
    __aeabi_memcpy                           0x0801debd   Thumb Code    36  memcpya.o(.text)
    __aeabi_memcpy4                          0x0801debd   Thumb Code     0  memcpya.o(.text)
    __aeabi_memcpy8                          0x0801debd   Thumb Code     0  memcpya.o(.text)
    __aeabi_memset                           0x0801dee1   Thumb Code    14  memseta.o(.text)
    __aeabi_memset4                          0x0801dee1   Thumb Code     0  memseta.o(.text)
    __aeabi_memset8                          0x0801dee1   Thumb Code     0  memseta.o(.text)
    __aeabi_memclr                           0x0801deef   Thumb Code     4  memseta.o(.text)
    __aeabi_memclr4                          0x0801deef   Thumb Code     0  memseta.o(.text)
    __aeabi_memclr8                          0x0801deef   Thumb Code     0  memseta.o(.text)
    _memset$wrapper                          0x0801def3   Thumb Code    18  memseta.o(.text)
    strstr                                   0x0801df05   Thumb Code    36  strstr.o(.text)
    strlen                                   0x0801df29   Thumb Code    14  strlen.o(.text)
    memcmp                                   0x0801df37   Thumb Code    26  memcmp.o(.text)
    strtok                                   0x0801df51   Thumb Code    62  strtok.o(.text)
    strcspn                                  0x0801df95   Thumb Code    34  strcspn.o(.text)
    atoi                                     0x0801dfb7   Thumb Code    26  atoi.o(.text)
    __aeabi_dadd                             0x0801dfd1   Thumb Code   322  dadd.o(.text)
    __aeabi_dsub                             0x0801e113   Thumb Code     6  dadd.o(.text)
    __aeabi_drsub                            0x0801e119   Thumb Code     6  dadd.o(.text)
    __aeabi_dmul                             0x0801e11f   Thumb Code   228  dmul.o(.text)
    __aeabi_ddiv                             0x0801e203   Thumb Code   222  ddiv.o(.text)
    __aeabi_ui2d                             0x0801e2e1   Thumb Code    26  dfltui.o(.text)
    __aeabi_d2uiz                            0x0801e2fb   Thumb Code    50  dfixui.o(.text)
    __aeabi_f2d                              0x0801e32d   Thumb Code    38  f2d.o(.text)
    __aeabi_cdrcmple                         0x0801e355   Thumb Code    38  cdrcmple.o(.text)
    __aeabi_d2f                              0x0801e37d   Thumb Code    56  d2f.o(.text)
    __aeabi_uidiv                            0x0801e3b5   Thumb Code     0  uidiv.o(.text)
    __aeabi_uidivmod                         0x0801e3b5   Thumb Code    44  uidiv.o(.text)
    __aeabi_uldivmod                         0x0801e3e1   Thumb Code    98  uldiv.o(.text)
    __aeabi_llsl                             0x0801e443   Thumb Code    30  llshl.o(.text)
    _ll_shift_l                              0x0801e443   Thumb Code     0  llshl.o(.text)
    __aeabi_llsr                             0x0801e461   Thumb Code    32  llushr.o(.text)
    _ll_ushift_r                             0x0801e461   Thumb Code     0  llushr.o(.text)
    __aeabi_lasr                             0x0801e481   Thumb Code    36  llsshr.o(.text)
    _ll_sshift_r                             0x0801e481   Thumb Code     0  llsshr.o(.text)
    strtol                                   0x0801e4a5   Thumb Code   112  strtol.o(.text)
    __I$use$fp                               0x0801e515   Thumb Code     0  iusefp.o(.text)
    _float_round                             0x0801e515   Thumb Code    18  fepilogue.o(.text)
    _float_epilogue                          0x0801e527   Thumb Code    90  fepilogue.o(.text)
    _double_round                            0x0801e581   Thumb Code    26  depilogue.o(.text)
    _double_epilogue                         0x0801e59b   Thumb Code   164  depilogue.o(.text)
    __aeabi_d2ulz                            0x0801e63f   Thumb Code    48  dfixul.o(.text)
    __scatterload                            0x0801e671   Thumb Code    28  init.o(.text)
    __scatterload_rt2                        0x0801e671   Thumb Code     0  init.o(.text)
    _strtoul                                 0x0801e695   Thumb Code   158  _strtoul.o(.text)
    _chval                                   0x0801e733   Thumb Code    28  _chval.o(.text)
    __decompress                             0x0801e74f   Thumb Code     0  __dczerorl2.o(.text)
    __decompress1                            0x0801e74f   Thumb Code    92  __dczerorl2.o(.text)
    __0printf                                0x0801e7ad   Thumb Code    22  printfa.o(i.__0printf)
    __1printf                                0x0801e7ad   Thumb Code     0  printfa.o(i.__0printf)
    __2printf                                0x0801e7ad   Thumb Code     0  printfa.o(i.__0printf)
    __c89printf                              0x0801e7ad   Thumb Code     0  printfa.o(i.__0printf)
    printf                                   0x0801e7ad   Thumb Code     0  printfa.o(i.__0printf)
    __0sprintf                               0x0801e7cd   Thumb Code    34  printfa.o(i.__0sprintf)
    __1sprintf                               0x0801e7cd   Thumb Code     0  printfa.o(i.__0sprintf)
    __2sprintf                               0x0801e7cd   Thumb Code     0  printfa.o(i.__0sprintf)
    __c89sprintf                             0x0801e7cd   Thumb Code     0  printfa.o(i.__0sprintf)
    sprintf                                  0x0801e7cd   Thumb Code     0  printfa.o(i.__0sprintf)
    __0vsprintf                              0x0801e7f5   Thumb Code    30  printfa.o(i.__0vsprintf)
    __1vsprintf                              0x0801e7f5   Thumb Code     0  printfa.o(i.__0vsprintf)
    __2vsprintf                              0x0801e7f5   Thumb Code     0  printfa.o(i.__0vsprintf)
    __c89vsprintf                            0x0801e7f5   Thumb Code     0  printfa.o(i.__0vsprintf)
    vsprintf                                 0x0801e7f5   Thumb Code     0  printfa.o(i.__0vsprintf)
    __aeabi_errno_addr                       0x0801e819   Thumb Code     4  errno.o(i.__aeabi_errno_addr)
    __rt_errno_addr                          0x0801e819   Thumb Code     0  errno.o(i.__aeabi_errno_addr)
    __scatterload_copy                       0x0801e821   Thumb Code    14  handlers.o(i.__scatterload_copy)
    __scatterload_null                       0x0801e82f   Thumb Code     2  handlers.o(i.__scatterload_null)
    __scatterload_zeroinit                   0x0801e831   Thumb Code    14  handlers.o(i.__scatterload_zeroinit)
    DOUTn_PIN                                0x0801f0ec   Data           8  main.o(.constdata)
    firmware_version                         0x0801f0f4   Data          12  main.o(.constdata)
    DINn_PORT                                0x0801f100   Data          48  main.o(.constdata)
    DINn_PIN                                 0x0801f130   Data          24  main.o(.constdata)
    DOUTn_PORT                               0x0801f148   Data          16  main.o(.constdata)
    BUTTON_PORT_SOURCE                       0x08020098   Data           1  stm32f4_discovery.o(.constdata)
    BUTTON_PIN_SOURCE                        0x08020099   Data           1  stm32f4_discovery.o(.constdata)
    BUTTON_IRQn                              0x0802009a   Data           1  stm32f4_discovery.o(.constdata)
    BUTTON_PIN                               0x0802009c   Data           2  stm32f4_discovery.o(.constdata)
    BUTTON_EXTI_LINE                         0x0802009e   Data           2  stm32f4_discovery.o(.constdata)
    BUTTON_CLK                               0x080200a0   Data           4  stm32f4_discovery.o(.constdata)
    GPIO_PIN                                 0x080200a4   Data           8  stm32f4_discovery.o(.constdata)
    GPIO_CLK                                 0x080200ac   Data          16  stm32f4_discovery.o(.constdata)
    COM_USART_CLK                            0x080200bc   Data          24  stm32f4_discovery.o(.constdata)
    COM_TX_PORT_CLK                          0x080200d4   Data          24  stm32f4_discovery.o(.constdata)
    COM_RX_PORT_CLK                          0x080200ec   Data          24  stm32f4_discovery.o(.constdata)
    COM_TX_PIN                               0x08020104   Data          12  stm32f4_discovery.o(.constdata)
    COM_RX_PIN                               0x08020110   Data          12  stm32f4_discovery.o(.constdata)
    COM_TX_PIN_SOURCE                        0x0802011c   Data          12  stm32f4_discovery.o(.constdata)
    COM_RX_PIN_SOURCE                        0x08020128   Data          12  stm32f4_discovery.o(.constdata)
    COM_TX_AF                                0x08020134   Data          12  stm32f4_discovery.o(.constdata)
    COM_RX_AF                                0x08020140   Data          12  stm32f4_discovery.o(.constdata)
    CONF_CNFG_420SENSORn                     0x0802014c   Data           6  int_stm32f4_protocolcomm.o(.constdata)
    CONF_CNFG_ADCSENSORn                     0x08020152   Data           2  int_stm32f4_protocolcomm.o(.constdata)
    CONF_CNFG_420SENsALn                     0x08020154   Data           6  int_stm32f4_protocolcomm.o(.constdata)
    CONF_CNFG_ADCSENsALn                     0x0802015a   Data           2  int_stm32f4_protocolcomm.o(.constdata)
    CONF_CNFG_DINn                           0x0802015c   Data          12  int_stm32f4_protocolcomm.o(.constdata)
    RCLICK_PORT_CSn                          0x0802026c   Data          24  int_stm32f4_420rclick.o(.constdata)
    RCLICK_PIN_CSn                           0x08020284   Data          12  int_stm32f4_420rclick.o(.constdata)
    SEN420CONF_BASEADDR                      0x08020378   Data          24  int_stm32f4_configsd.o(.constdata)
    SENADCCONF_BASEADDR                      0x08020390   Data           8  int_stm32f4_configsd.o(.constdata)
    DIGItIN_BASEADDR                         0x08020398   Data          48  int_stm32f4_configsd.o(.constdata)
    SEN420ALARMn_BASEADDR                    0x080203c8   Data          24  int_stm32f4_configsd.o(.constdata)
    SENADCALARMn_BASEADDR                    0x080203e0   Data           8  int_stm32f4_configsd.o(.constdata)
    SEN420CHnCAL_BASEADDR                    0x080203e8   Data          24  int_stm32f4_configsd.o(.constdata)
    _Private_Key                             0x08020490   Data          16  int_stm32f4_aes128.o(.constdata)
    sbox                                     0x080204a0   Data         256  int_stm32f4_aes128.o(.constdata)
    rsbox                                    0x080205a0   Data         256  int_stm32f4_aes128.o(.constdata)
    Rcon                                     0x080206a0   Data          11  int_stm32f4_aes128.o(.constdata)
    __ctype_table                            0x08020aab   Data         129  ctype_o.o(.constdata)
    Region$$Table$$Base                      0x08020b30   Number         0  anon$$obj.o(Region$$Table)
    Region$$Table$$Limit                     0x08020b50   Number         0  anon$$obj.o(Region$$Table)
    flag_HaveDataLog                         0x20000000   Data           1  main.o(.data)
    flag_HaveConfigLog                       0x20000001   Data           1  main.o(.data)
    flag_HaveEventLog                        0x20000002   Data           1  main.o(.data)
    flag_isSDInstall                         0x20000003   Data           1  main.o(.data)
    struct_ConfigOperating                   0x20000004   Data           2  main.o(.data)
    Queue_PacketHTTPToGSM                    0x20000008   Data           4  main.o(.data)
    Queue_PacketToGSM                        0x2000000c   Data           4  main.o(.data)
    Queue_PacketFromGSM                      0x20000010   Data           4  main.o(.data)
    Queue_CMDToGSM                           0x20000014   Data           4  main.o(.data)
    Queue_DataToSD                           0x20000018   Data           4  main.o(.data)
    Queue_DataFromSD                         0x2000001c   Data           4  main.o(.data)
    Queue_DataLogToSD                        0x20000020   Data           4  main.o(.data)
    Queue_DataLogFromSD                      0x20000024   Data           4  main.o(.data)
    Queue_EventLogToSD                       0x20000028   Data           4  main.o(.data)
    Queue_EventLogFromSD                     0x2000002c   Data           4  main.o(.data)
    Queue_ConfigLogToSD                      0x20000030   Data           4  main.o(.data)
    Queue_ConfigLogFromSD                    0x20000034   Data           4  main.o(.data)
    Queue_DebugToSD                          0x20000038   Data           4  main.o(.data)
    Queue_CopyFromSD                         0x2000003c   Data           4  main.o(.data)
    Queue_SDTaskWDG                          0x20000040   Data           4  main.o(.data)
    Queue_CtrlValve                          0x20000044   Data           4  main.o(.data)
    Queue_CtrlValveMB                        0x20000048   Data           4  main.o(.data)
    _ms_counter                              0x2000004c   Data           4  main.o(.data)
    _us_counter                              0x20000050   Data           4  main.o(.data)
    struct_ConfigPulseADJ                    0x20000054   Data           4  main.o(.data)
    struct_ConfigPulseSensor                 0x20000058   Data           6  main.o(.data)
    struct_ConfigMODBUSSensor                0x2000005e   Data           7  main.o(.data)
    struct_ConfigValve                       0x20000065   Data           7  main.o(.data)
    _BatteryRemain                           0x2000006c   Data           4  main.o(.data)
    flag_HaveMemEvent                        0x20000070   Data           1  main.o(.data)
    _Communication_Status                    0x20000071   Data           1  main.o(.data)
    _OperatingMode                           0x20000072   Data           1  main.o(.data)
    _BatteryStatus                           0x20000073   Data           1  main.o(.data)
    _BatteryStat_old                         0x20000074   Data           1  main.o(.data)
    _MemoryStatus                            0x20000075   Data           1  main.o(.data)
    _ConfigCmdACK                            0x20000076   Data           1  main.o(.data)
    _ConfigCmdFID                            0x20000077   Data           1  main.o(.data)
    _index_pulseData                         0x20000078   Data           1  main.o(.data)
    _PulseData_Counter                       0x20000079   Data           1  main.o(.data)
    _LED_SAMP_ON                             0x2000007a   Data           1  main.o(.data)
    _LED_SENT_ON                             0x2000007b   Data           1  main.o(.data)
    _LED_SD_ON                               0x2000007c   Data           1  main.o(.data)
    _LED_ERR_ON                              0x2000007d   Data           1  main.o(.data)
    rx_wr_index3                             0x2000007e   Data           2  main.o(.data)
    rx_rd_index3                             0x20000080   Data           2  main.o(.data)
    rx_counter3                              0x20000082   Data           2  main.o(.data)
    _GSMCounter                              0x20000084   Data           4  main.o(.data)
    _Transmit_Period                         0x20000088   Data           4  main.o(.data)
    _SDWDGCounter                            0x2000008c   Data           4  main.o(.data)
    flag_GSMReady                            0x20000090   Data           1  main.o(.data)
    SystemCoreClock                          0x20000094   Data           4  system_stm32f4xx.o(.data)
    AHBPrescTable                            0x20000098   Data          16  system_stm32f4xx.o(.data)
    tmpCC4                                   0x200000a8   Data           4  stm32f4xx_it.o(.data)
    _heartbeatCounter                        0x200000ac   Data           1  manager_task.o(.data)
    _SendJoinCounter                         0x200000ad   Data           1  manager_task.o(.data)
    _JoinPendingTimeout                      0x200000b4   Data           4  manager_task.o(.data)
    _din_status                              0x200000c4   Data          12  manager_task.o(.data)
    _SendRegisCounter                        0x200000e8   Data           1  manager_task.o(.data)
    _RegisPendingTimeout                     0x200000ec   Data           4  manager_task.o(.data)
    ucGSM_RSSI                               0x200000f0   Data           1  gsm_task.o(.data)
    flag_1sec_sensTask                       0x200000f4   Data           1  sensors_task.o(.data)
    _DataStatus_MBFlow                       0x200000f5   Data           1  sensors_task.o(.data)
    _DataStatus_PULSEFlow                    0x200000f6   Data           1  sensors_task.o(.data)
    _DataStatus_ADC                          0x200000ff   Data           2  sensors_task.o(.data)
    _adc420mA_inputVal                       0x20000102   Data           2  sensors_task.o(.data)
    _PulseCounter                            0x2000010c   Data           4  sensors_task.o(.data)
    _PulsePeriod                             0x20000110   Data           4  sensors_task.o(.data)
    _ValveStatus                             0x20000114   Data           4  sensors_task.o(.data)
    _Valve_mA                                0x20000118   Data           4  sensors_task.o(.data)
    _SensorStatus_420mA                      0x2000012c   Data           6  sensors_task.o(.data)
    _DataStatus_420mA                        0x20000132   Data           6  sensors_task.o(.data)
    _DINStatus                               0x20000168   Data          12  sensors_task.o(.data)
    MBValve_connectstatus                    0x20000180   Data           1  modbus_task.o(.data)
    MBFlow_connectstatus                     0x20000181   Data           1  modbus_task.o(.data)
    flag_1sec_DataTask                       0x20000184   Data           1  data_task.o(.data)
    BUTTON_PORT                              0x2000018c   Data           4  stm32f4_discovery.o(.data)
    GPIO_PORT                                0x20000190   Data          16  stm32f4_discovery.o(.data)
    COM_USART                                0x200001a0   Data          24  stm32f4_discovery.o(.data)
    COM_TX_PORT                              0x200001b8   Data          24  stm32f4_discovery.o(.data)
    COM_RX_PORT                              0x200001d0   Data          24  stm32f4_discovery.o(.data)
    TransferError                            0x200001e8   Data           1  stm32f4_discovery_sdio_sd.o(.data)
    StopCondition                            0x200001f4   Data           4  stm32f4_discovery_sdio_sd.o(.data)
    TransferEnd                              0x200001f8   Data           4  stm32f4_discovery_sdio_sd.o(.data)
    DMAEndOfTransfer                         0x200001fc   Data           4  stm32f4_discovery_sdio_sd.o(.data)
    pFilesystem                              0x20000210   Data           4  stm32f4_sdcard.o(.data)
    _buzzer_2hz                              0x20000214   Data           1  int_stm32f4_timer.o(.data)
    capture                                  0x20000216   Data           2  int_stm32f4_timer.o(.data)
    tim12_CCR1_Val                           0x20000218   Data           2  int_stm32f4_timer.o(.data)
    tim3_CCR1_Val                            0x2000021a   Data           2  int_stm32f4_timer.o(.data)
    tim3_CCR2_Val                            0x2000021c   Data           2  int_stm32f4_timer.o(.data)
    tim3_CCR3_Val                            0x2000021e   Data           2  int_stm32f4_timer.o(.data)
    baseCounter                              0x20000224   Data           4  int_stm32f4_timer.o(.data)
    _ms_counter_pulse                        0x20000228   Data           4  int_stm32f4_timer.o(.data)
    IN420MA_CH                               0x2000022c   Data           6  int_stm32f4_protocolcomm.o(.data)
    _DataLog_WaitID                          0x20000232   Data           1  int_stm32f4_protocolcomm.o(.data)
    _EventLog_WaitID                         0x20000233   Data           1  int_stm32f4_protocolcomm.o(.data)
    _ConfigLog_WaitID                        0x20000234   Data           1  int_stm32f4_protocolcomm.o(.data)
    _PENDING_ID                              0x20000235   Data           8  int_stm32f4_protocolcomm.o(.data)
    _ADC_TClick                              0x20000240   Data           4  int_stm32f4_420rclick.o(.data)
    _Queue_counter                           0x20000244   Data           1  int_stm32f4_packetqueue.o(.data)
    dataStatQ_count                          0x20000245   Data           1  int_stm32f4_dataqueue.o(.data)
    write_dataStatQ                          0x20000246   Data           1  int_stm32f4_dataqueue.o(.data)
    read_dataStatQ                           0x20000247   Data           1  int_stm32f4_dataqueue.o(.data)
    eventQ_count                             0x20000248   Data           1  int_stm32f4_dataqueue.o(.data)
    write_eventQ                             0x20000249   Data           1  int_stm32f4_dataqueue.o(.data)
    read_eventQ                              0x2000024a   Data           1  int_stm32f4_dataqueue.o(.data)
    configQ_count                            0x2000024b   Data           1  int_stm32f4_dataqueue.o(.data)
    write_configQ                            0x2000024c   Data           1  int_stm32f4_dataqueue.o(.data)
    read_configQ                             0x2000024d   Data           1  int_stm32f4_dataqueue.o(.data)
    flag_dataLogOverflow                     0x2000024e   Data           1  int_stm32f4_log.o(.data)
    flag_eventLogOverflow                    0x2000024f   Data           1  int_stm32f4_log.o(.data)
    flag_configLogOverflow                   0x20000250   Data           1  int_stm32f4_log.o(.data)
    xSemaphore                               0x20000254   Data           4  int_stm32f4_debug.o(.data)
    flag_isConfPropUpdate                    0x20000258   Data           1  int_stm32f4_protocolhandle.o(.data)
    flag_isConfOperUpdate                    0x20000259   Data           1  int_stm32f4_protocolhandle.o(.data)
    flag_isConfBuzzUpdate                    0x2000025a   Data           1  int_stm32f4_protocolhandle.o(.data)
    flag_isConfWorkUpdate                    0x2000025b   Data           1  int_stm32f4_protocolhandle.o(.data)
    flag_isConfNetwUpdate                    0x2000025c   Data           1  int_stm32f4_protocolhandle.o(.data)
    flag_isConfMODBUSSensUpdate              0x2000025d   Data           1  int_stm32f4_protocolhandle.o(.data)
    flag_isConfPulsSensUpdate                0x2000025e   Data           1  int_stm32f4_protocolhandle.o(.data)
    flag_isConfMODBUSAlamUpdate              0x2000025f   Data           1  int_stm32f4_protocolhandle.o(.data)
    flag_isConfPulsAlamUpdate                0x20000260   Data           1  int_stm32f4_protocolhandle.o(.data)
    flag_isConfValveUpdate                   0x20000261   Data           1  int_stm32f4_protocolhandle.o(.data)
    flag_isConfADCSensUpdate                 0x20000262   Data           2  int_stm32f4_protocolhandle.o(.data)
    flag_isConfADCAlamUpdate                 0x20000264   Data           2  int_stm32f4_protocolhandle.o(.data)
    flag_isConf420SensUpdate                 0x20000266   Data           6  int_stm32f4_protocolhandle.o(.data)
    flag_isConf420AlamUpdate                 0x2000026c   Data           6  int_stm32f4_protocolhandle.o(.data)
    DOUTn_BASEADDR                           0x20000274   Data          16  int_stm32f4_protocolhandle.o(.data)
    rx_wr_index1                             0x20000284   Data           2  int_stm32f4_usart.o(.data)
    rx_rd_index1                             0x20000286   Data           2  int_stm32f4_usart.o(.data)
    rx_counter1                              0x20000288   Data           2  int_stm32f4_usart.o(.data)
    LsiFreq                                  0x2000028c   Data           4  int_stm32f4_watchdog.o(.data)
    _CaptureNumber                           0x20000290   Data           4  int_stm32f4_watchdog.o(.data)
    _PeriodValue                             0x20000294   Data           4  int_stm32f4_watchdog.o(.data)
    _OneWire_LastDiscrepancy                 0x20000298   Data           1  int_stm32f4_onewire.o(.data)
    _OneWire_LastFamilyDiscrepancy           0x20000299   Data           1  int_stm32f4_onewire.o(.data)
    _OneWire_LastDeviceFlag                  0x2000029a   Data           1  int_stm32f4_onewire.o(.data)
    OneWire_GPIO_InitDef                     0x2000029c   Data           8  int_stm32f4_onewire.o(.data)
    _OneWire_ROM_NO                          0x200002a4   Data           8  int_stm32f4_onewire.o(.data)
    pxCurrentTCB                             0x200002ac   Data           4  tasks.o(.data)
    usRegMasterHoldingStart                  0x20000310   Data           2  mb.o(.data)
    usRegMasterCoilsStart                    0x20000312   Data           2  mb.o(.data)
    usRegMasterInputStart                    0x20000314   Data           2  mb.o(.data)
    pxMBFrameCBByteReceived                  0x20000330   Data           4  mb.o(.data)
    pxMBFrameCBTransmitterEmpty              0x20000334   Data           4  mb.o(.data)
    pxMBPortCBTimerExpired                   0x20000338   Data           4  mb.o(.data)
    DebugLv                                  0x200003c0   Data           1  mbrtu.o(.data)
    pxMBSlaveFrameCBByteReceived             0x200003f0   Data           4  mbslave.o(.data)
    pxMBSlaveFrameCBTransmitterEmpty         0x200003f4   Data           4  mbslave.o(.data)
    pxMBSlavePortCBTimerExpired              0x200003f8   Data           4  mbslave.o(.data)
    vbatEnabled                              0x2000048e   Data           1  tm_stm32f4_adc.o(.data)
    TM_DELAY_Initialized                     0x20000490   Data           1  tm_stm32f4_delay.o(.data)
    TM_Time                                  0x20000494   Data           4  tm_stm32f4_delay.o(.data)
    TM_Time2                                 0x20000498   Data           4  tm_stm32f4_delay.o(.data)
    mult                                     0x2000049c   Data           4  tm_stm32f4_delay.o(.data)
    __stdout                                 0x200004a8   Data           4  stdout.o(.data)
    RCC_Clocks                               0x200004b0   Data          16  main.o(.bss)
    struct_info                              0x200004c0   Data          97  main.o(.bss)
    struct_Status                            0x20000521   Data           9  main.o(.bss)
    struct_DevConfig                         0x2000052a   Data          11  main.o(.bss)
    struct_ConfigProperties                  0x20000535   Data         161  main.o(.bss)
    struct_ConfigBuzzer                      0x200005d6   Data          27  main.o(.bss)
    struct_ConfigWorking                     0x200005f1   Data          17  main.o(.bss)
    struct_ConfigNetwork                     0x20000602   Data         104  main.o(.bss)
    struct_Config420Sensor                   0x2000066a   Data         414  main.o(.bss)
    struct_ConfigADCSensor                   0x20000808   Data         138  main.o(.bss)
    struct_ConfigDIN                         0x20000892   Data          48  main.o(.bss)
    struct_Config420SensorAlarm              0x200008c2   Data         126  main.o(.bss)
    struct_ConfigADCSensorAlarm              0x20000940   Data          42  main.o(.bss)
    struct_ConfigMODBUSSensorAlarm           0x2000096a   Data          21  main.o(.bss)
    struct_ConfigPulseSensorAlarm            0x2000097f   Data          21  main.o(.bss)
    struct_Config420Cal                      0x20000994   Data          78  main.o(.bss)
    struct_Config420ValveInCal               0x200009e2   Data          13  main.o(.bss)
    struct_Config420ValveOutCal              0x200009ef   Data          13  main.o(.bss)
    _Sensor_Data                             0x200009fc   Data          52  main.o(.bss)
    _adc420mA_sensor                         0x20000a6c   Data          12  sensors_task.o(.bss)
    _val420mA_sensor                         0x20000a78   Data          24  sensors_task.o(.bss)
    SDCardInfo                               0x20000b78   Data          80  stm32f4_discovery_sdio_sd.o(.bss)
    SDIO_InitStructure                       0x20000bc8   Data          24  stm32f4_discovery_sdio_sd.o(.bss)
    SDIO_CmdInitStructure                    0x20000be0   Data          20  stm32f4_discovery_sdio_sd.o(.bss)
    SDIO_DataInitStructure                   0x20000bf4   Data          24  stm32f4_discovery_sdio_sd.o(.bss)
    filesystem                               0x20000c0c   Data         560  stm32f4_sdcard.o(.bss)
    ADCValue                                 0x20000e3c   Data          20  int_stm32f4_adc.o(.bss)
    packet_Queue                             0x20000e50   Data        3180  int_stm32f4_packetqueue.o(.bss)
    dataStat_Queue                           0x20001abc   Data        2220  int_stm32f4_dataqueue.o(.bss)
    event_Queue                              0x20002368   Data          60  int_stm32f4_dataqueue.o(.bss)
    config_Queue                             0x200023a4   Data         860  int_stm32f4_dataqueue.o(.bss)
    flag_isConfDINUpdate                     0x20002700   Data          12  int_stm32f4_protocolhandle.o(.bss)
    rx_buffer1                               0x2000270c   Data         256  int_stm32f4_usart.o(.bss)
    rx_buffer3                               0x2000280c   Data         600  int_stm32f4_usart.o(.bss)
    usRegMasterHoldingBuf                    0x2001e32c   Data        3072  mb.o(.bss)
    xRegMasterCoils                          0x2001ef2c   Data          32  mb.o(.bss)
    usRegMasterInputBuf                      0x2001ef4c   Data         128  mb.o(.bss)
    ucRTUBuf                                 0x2001f0eb   Data         256  mbrtu.o(.bss)
    ucRTUSlaveBuf                            0x2001f20b   Data         256  mbslavertu.o(.bss)
    __initial_sp                             0x2001f710   Data           0  startup_stm32f4xx.o(STACK)



==============================================================================

Memory Map of the image

  Image Entry point : 0x08000189

  Load Region LR_IROM1 (Base: 0x08000000, Size: 0x00021000, Max: 0x00100000, ABSOLUTE, COMPRESSED[0x00020c50])

    Execution Region ER_IROM1 (Base: 0x08000000, Size: 0x00020b50, Max: 0x00100000, ABSOLUTE)

    Base Addr    Size         Type   Attr      Idx    E Section Name        Object

    0x08000000   0x00000188   Data   RO         1883    RESET               startup_stm32f4xx.o
    0x08000188   0x00000000   Code   RO         2571  * .ARM.Collect$$$$00000000  mc_w.l(entry.o)
    0x08000188   0x00000004   Code   RO         2908    .ARM.Collect$$$$00000001  mc_w.l(entry2.o)
    0x0800018c   0x00000004   Code   RO         2911    .ARM.Collect$$$$00000004  mc_w.l(entry5.o)
    0x08000190   0x00000000   Code   RO         2913    .ARM.Collect$$$$00000008  mc_w.l(entry7b.o)
    0x08000190   0x00000000   Code   RO         2915    .ARM.Collect$$$$0000000A  mc_w.l(entry8b.o)
    0x08000190   0x00000008   Code   RO         2916    .ARM.Collect$$$$0000000B  mc_w.l(entry9a.o)
    0x08000198   0x00000000   Code   RO         2918    .ARM.Collect$$$$0000000D  mc_w.l(entry10a.o)
    0x08000198   0x00000000   Code   RO         2920    .ARM.Collect$$$$0000000F  mc_w.l(entry11a.o)
    0x08000198   0x00000004   Code   RO         2909    .ARM.Collect$$$$00002712  mc_w.l(entry2.o)
    0x0800019c   0x000000c2   Code   RO         1863    .emb_text           port.o
    0x0800025e   0x00000002   PAD
    0x08000260   0x00004e2c   Code   RO            2    .text               main.o
    0x0800508c   0x00000190   Code   RO          322    .text               system_stm32f4xx.o
    0x0800521c   0x000001e4   Code   RO          441    .text               stm32f4xx_it.o
    0x08005400   0x00001c2c   Code   RO          557    .text               manager_task.o
    0x0800702c   0x00000364   Code   RO          606    .text               gsm_task.o
    0x08007390   0x00001e18   Code   RO          664    .text               sensors_task.o
    0x080091a8   0x000006e4   Code   RO          696    .text               log_task.o
    0x0800988c   0x00000830   Code   RO          737    .text               modbus_task.o
    0x0800a0bc   0x00001fdc   Code   RO          781    .text               sd_task.o
    0x0800c098   0x00000d24   Code   RO          808    .text               data_task.o
    0x0800cdbc   0x00000444   Code   RO          867    .text               stm32f4_discovery.o
    0x0800d200   0x000014a0   Code   RO          888    .text               stm32f4_discovery_sdio_sd.o
    0x0800e6a0   0x000003b4   Code   RO          908    .text               stm32f4xx_usart.o
    0x0800ea54   0x000000bc   Code   RO          924    .text               misc.o
    0x0800eb10   0x000003ac   Code   RO          940    .text               stm32f4xx_adc.o
    0x0800eebc   0x00000348   Code   RO          956    .text               stm32f4xx_dma.o
    0x0800f204   0x000000ec   Code   RO          972    .text               stm32f4xx_exti.o
    0x0800f2f0   0x00000224   Code   RO         1004    .text               stm32f4xx_gpio.o
    0x0800f514   0x00000434   Code   RO         1020    .text               stm32f4xx_rcc.o
    0x0800f948   0x000001c4   Code   RO         1038    .text               stm32f4xx_sdio.o
    0x0800fb0c   0x0000006c   Code   RO         1054    .text               stm32f4xx_syscfg.o
    0x0800fb78   0x00000b10   Code   RO         1070    .text               stm32f4xx_rtc.o
    0x08010688   0x000000d8   Code   RO         1086    .text               stm32f4xx_pwr.o
    0x08010760   0x00000ac2   Code   RO         1102    .text               stm32f4xx_tim.o
    0x08011222   0x00000002   PAD
    0x08011224   0x00000334   Code   RO         1118    .text               stm32f4xx_spi.o
    0x08011558   0x0000003c   Code   RO         1134    .text               stm32f4xx_iwdg.o
    0x08011594   0x000003b4   Code   RO         1150    .text               stm32f4xx_i2c.o
    0x08011948   0x000000b8   Code   RO         1166    .text               stm32f4_sdcard.o
    0x08011a00   0x000002d0   Code   RO         1186    .text               int_stm32f4_timer.o
    0x08011cd0   0x000002b0   Code   RO         1210    .text               int_stm32f4_rtc.o
    0x08011f80   0x000001dc   Code   RO         1251    .text               int_stm32f4_protocolparser.o
    0x0801215c   0x000017cc   Code   RO         1276    .text               int_stm32f4_protocolcomm.o
    0x08013928   0x000003a4   Code   RO         1315    .text               int_stm32f4_420rclick.o
    0x08013ccc   0x0000067c   Code   RO         1338    .text               int_stm32f4_packetqueue.o
    0x08014348   0x00000008   Code   RO         1369    .text               int_stm32f4_configsd.o
    0x08014350   0x0000027c   Code   RO         1392    .text               int_stm32f4_dataqueue.o
    0x080145cc   0x00000b74   Code   RO         1409    .text               int_stm32f4_log.o
    0x08015140   0x000001e4   Code   RO         1433    .text               int_stm32f4_debug.o
    0x08015324   0x00001558   Code   RO         1462    .text               int_stm32f4_protocolhandle.o
    0x0801687c   0x00000260   Code   RO         1484    .text               int_stm32f4_usart.o
    0x08016adc   0x000000fc   Code   RO         1508    .text               int_stm32f4_watchdog.o
    0x08016bd8   0x000012c8   Code   RO         1530    .text               int_stm32f4_gsm.o
    0x08017ea0   0x000009ae   Code   RO         1549    .text               int_stm32f4_aes128.o
    0x0801884e   0x00000002   PAD
    0x08018850   0x000000a0   Code   RO         1613    .text               int_stm32f4_flowmb.o
    0x080188f0   0x00000328   Code   RO         1652    .text               int_stm32f4_valvemb.o
    0x08018c18   0x00000358   Code   RO         1675    .text               int_stm32f4_onewire.o
    0x08018f70   0x00000442   Code   RO         1694    .text               int_stm32f4_24lc512.o
    0x080193b2   0x00000088   Code   RO         1772    .text               list.o
    0x0801943a   0x00000554   Code   RO         1790    .text               queue.o
    0x0801998e   0x00000002   PAD
    0x08019990   0x000008f0   Code   RO         1805    .text               tasks.o
    0x0801a280   0x00000108   Code   RO         1848    .text               heap_2.o
    0x0801a388   0x000000d8   Code   RO         1864    .text               port.o
    0x0801a460   0x00000024   Code   RO         1884    .text               startup_stm32f4xx.o
    0x0801a484   0x000000b0   Code   RO         1889    .text               diskio.o
    0x0801a534   0x000019ca   Code   RO         1907    .text               ff.o
    0x0801befe   0x00000002   PAD
    0x0801bf00   0x00000570   Code   RO         1922    .text               mb.o
    0x0801c470   0x000001cc   Code   RO         1963    .text               mbfunccoils.o
    0x0801c63c   0x00000078   Code   RO         1982    .text               mbfuncdisc.o
    0x0801c6b4   0x0000022c   Code   RO         1998    .text               mbfuncholding.o
    0x0801c8e0   0x0000006c   Code   RO         2014    .text               mbfuncinput.o
    0x0801c94c   0x0000006c   Code   RO         2031    .text               mbfuncother.o
    0x0801c9b8   0x00000068   Code   RO         2050    .text               mbutils.o
    0x0801ca20   0x00000030   Code   RO         2066    .text               mbcrc.o
    0x0801ca50   0x000002a0   Code   RO         2084    .text               mbrtu.o
    0x0801ccf0   0x00000034   Code   RO         2120    .text               portevent.o
    0x0801cd24   0x00000188   Code   RO         2138    .text               portserial.o
    0x0801ceac   0x000000bc   Code   RO         2154    .text               porttimer.o
    0x0801cf68   0x000001e8   Code   RO         2174    .text               mbslave.o
    0x0801d150   0x0000013a   Code   RO         2216    .text               mbslavefunccoils.o
    0x0801d28a   0x00000078   Code   RO         2235    .text               mbslavefuncdisc.o
    0x0801d302   0x00000180   Code   RO         2251    .text               mbslavefuncholding.o
    0x0801d482   0x00000064   Code   RO         2267    .text               mbslavefuncinput.o
    0x0801d4e6   0x00000002   PAD
    0x0801d4e8   0x0000006c   Code   RO         2283    .text               mbslavefuncother.o
    0x0801d554   0x00000068   Code   RO         2302    .text               mbslaveutils.o
    0x0801d5bc   0x00000030   Code   RO         2318    .text               mbslavecrc.o
    0x0801d5ec   0x000001ec   Code   RO         2336    .text               mbslavertu.o
    0x0801d7d8   0x00000034   Code   RO         2359    .text               porteventslave.o
    0x0801d80c   0x00000180   Code   RO         2377    .text               portserialslave.o
    0x0801d98c   0x000000b8   Code   RO         2393    .text               porttimerslave.o
    0x0801da44   0x00000378   Code   RO         2409    .text               tm_stm32f4_adc.o
    0x0801ddbc   0x0000009c   Code   RO         2498    .text               tm_stm32f4_delay.o
    0x0801de58   0x00000038   Code   RO         2547    .text               tm_stm32f4_bkpsram.o
    0x0801de90   0x00000008   Code   RO         2574    .text               mc_w.l(ctype_o.o)
    0x0801de98   0x00000024   Code   RO         2602    .text               mc_w.l(rand.o)
    0x0801debc   0x00000024   Code   RO         2605    .text               mc_w.l(memcpya.o)
    0x0801dee0   0x00000024   Code   RO         2607    .text               mc_w.l(memseta.o)
    0x0801df04   0x00000024   Code   RO         2609    .text               mc_w.l(strstr.o)
    0x0801df28   0x0000000e   Code   RO         2611    .text               mc_w.l(strlen.o)
    0x0801df36   0x0000001a   Code   RO         2613    .text               mc_w.l(memcmp.o)
    0x0801df50   0x00000044   Code   RO         2615    .text               mc_w.l(strtok.o)
    0x0801df94   0x00000022   Code   RO         2621    .text               mc_w.l(strcspn.o)
    0x0801dfb6   0x0000001a   Code   RO         2886    .text               mc_w.l(atoi.o)
    0x0801dfd0   0x0000014e   Code   RO         2888    .text               mf_w.l(dadd.o)
    0x0801e11e   0x000000e4   Code   RO         2890    .text               mf_w.l(dmul.o)
    0x0801e202   0x000000de   Code   RO         2892    .text               mf_w.l(ddiv.o)
    0x0801e2e0   0x0000001a   Code   RO         2896    .text               mf_w.l(dfltui.o)
    0x0801e2fa   0x00000032   Code   RO         2898    .text               mf_w.l(dfixui.o)
    0x0801e32c   0x00000026   Code   RO         2900    .text               mf_w.l(f2d.o)
    0x0801e352   0x00000002   PAD
    0x0801e354   0x00000028   Code   RO         2904    .text               mf_w.l(cdrcmple.o)
    0x0801e37c   0x00000038   Code   RO         2906    .text               mf_w.l(d2f.o)
    0x0801e3b4   0x0000002c   Code   RO         2923    .text               mc_w.l(uidiv.o)
    0x0801e3e0   0x00000062   Code   RO         2925    .text               mc_w.l(uldiv.o)
    0x0801e442   0x0000001e   Code   RO         2927    .text               mc_w.l(llshl.o)
    0x0801e460   0x00000020   Code   RO         2929    .text               mc_w.l(llushr.o)
    0x0801e480   0x00000024   Code   RO         2931    .text               mc_w.l(llsshr.o)
    0x0801e4a4   0x00000070   Code   RO         2942    .text               mc_w.l(strtol.o)
    0x0801e514   0x00000000   Code   RO         2944    .text               mc_w.l(iusefp.o)
    0x0801e514   0x0000006c   Code   RO         2945    .text               mf_w.l(fepilogue.o)
    0x0801e580   0x000000be   Code   RO         2947    .text               mf_w.l(depilogue.o)
    0x0801e63e   0x00000030   Code   RO         2949    .text               mf_w.l(dfixul.o)
    0x0801e66e   0x00000002   PAD
    0x0801e670   0x00000024   Code   RO         2951    .text               mc_w.l(init.o)
    0x0801e694   0x0000009e   Code   RO         2961    .text               mc_w.l(_strtoul.o)
    0x0801e732   0x0000001c   Code   RO         2966    .text               mc_w.l(_chval.o)
    0x0801e74e   0x0000005c   Code   RO         2978    .text               mc_w.l(__dczerorl2.o)
    0x0801e7aa   0x00000002   PAD
    0x0801e7ac   0x00000020   Code   RO         2858    i.__0printf         mc_w.l(printfa.o)
    0x0801e7cc   0x00000028   Code   RO         2860    i.__0sprintf        mc_w.l(printfa.o)
    0x0801e7f4   0x00000024   Code   RO         2864    i.__0vsprintf       mc_w.l(printfa.o)
    0x0801e818   0x00000008   Code   RO         2933    i.__aeabi_errno_addr  mc_w.l(errno.o)
    0x0801e820   0x0000000e   Code   RO         2972    i.__scatterload_copy  mc_w.l(handlers.o)
    0x0801e82e   0x00000002   Code   RO         2973    i.__scatterload_null  mc_w.l(handlers.o)
    0x0801e830   0x0000000e   Code   RO         2974    i.__scatterload_zeroinit  mc_w.l(handlers.o)
    0x0801e83e   0x00000002   PAD
    0x0801e840   0x0000015c   Code   RO         2865    i._fp_digits        mc_w.l(printfa.o)
    0x0801e99c   0x000006f0   Code   RO         2866    i._printf_core      mc_w.l(printfa.o)
    0x0801f08c   0x00000026   Code   RO         2867    i._printf_post_padding  mc_w.l(printfa.o)
    0x0801f0b2   0x00000030   Code   RO         2868    i._printf_pre_padding  mc_w.l(printfa.o)
    0x0801f0e2   0x0000000a   Code   RO         2870    i._sputc            mc_w.l(printfa.o)
    0x0801f0ec   0x000001d5   Data   RO            4    .constdata          main.o
    0x0801f2c1   0x00000003   PAD
    0x0801f2c4   0x0000008e   Data   RO          559    .constdata          manager_task.o
    0x0801f352   0x00000002   PAD
    0x0801f354   0x000000b8   Data   RO          666    .constdata          sensors_task.o
    0x0801f40c   0x00000c89   Data   RO          782    .constdata          sd_task.o
    0x08020095   0x00000003   PAD
    0x08020098   0x000000b4   Data   RO          868    .constdata          stm32f4_discovery.o
    0x0802014c   0x00000006   Data   RO         1277    .constdata          int_stm32f4_protocolcomm.o
    0x08020152   0x00000002   Data   RO         1278    .constdata          int_stm32f4_protocolcomm.o
    0x08020154   0x00000006   Data   RO         1280    .constdata          int_stm32f4_protocolcomm.o
    0x0802015a   0x00000002   Data   RO         1281    .constdata          int_stm32f4_protocolcomm.o
    0x0802015c   0x0000000c   Data   RO         1282    .constdata          int_stm32f4_protocolcomm.o
    0x08020168   0x00000102   Data   RO         1283    .constdata          int_stm32f4_protocolcomm.o
    0x0802026a   0x00000002   PAD
    0x0802026c   0x00000024   Data   RO         1316    .constdata          int_stm32f4_420rclick.o
    0x08020290   0x000000e5   Data   RO         1340    .constdata          int_stm32f4_packetqueue.o
    0x08020375   0x00000003   PAD
    0x08020378   0x00000018   Data   RO         1370    .constdata          int_stm32f4_configsd.o
    0x08020390   0x00000008   Data   RO         1371    .constdata          int_stm32f4_configsd.o
    0x08020398   0x00000030   Data   RO         1372    .constdata          int_stm32f4_configsd.o
    0x080203c8   0x00000018   Data   RO         1373    .constdata          int_stm32f4_configsd.o
    0x080203e0   0x00000008   Data   RO         1374    .constdata          int_stm32f4_configsd.o
    0x080203e8   0x00000018   Data   RO         1375    .constdata          int_stm32f4_configsd.o
    0x08020400   0x00000090   Data   RO         1464    .constdata          int_stm32f4_protocolhandle.o
    0x08020490   0x00000010   Data   RO         1550    .constdata          int_stm32f4_aes128.o
    0x080204a0   0x0000020b   Data   RO         1551    .constdata          int_stm32f4_aes128.o
    0x080206ab   0x00000200   Data   RO         2067    .constdata          mbcrc.o
    0x080208ab   0x00000200   Data   RO         2319    .constdata          mbslavecrc.o
    0x08020aab   0x00000081   Data   RO         2575    .constdata          mc_w.l(ctype_o.o)
    0x08020b2c   0x00000004   Data   RO         2576    .constdata          mc_w.l(ctype_o.o)
    0x08020b30   0x00000020   Data   RO         2970    Region$$Table       anon$$obj.o


    Execution Region RW_IRAM1 (Base: 0x20000000, Size: 0x0001f710, Max: 0x00020000, ABSOLUTE, COMPRESSED[0x00000100])

    Base Addr    Size         Type   Attr      Idx    E Section Name        Object

    0x20000000   0x0000006c   Data   RW            5    .data               main.o
    0x2000006c   0x00000004   Data   RW            6    .data               main.o
    0x20000070   0x00000001   Data   RW            7    .data               main.o
    0x20000071   0x00000001   Data   RW            9    .data               main.o
    0x20000072   0x00000001   Data   RW           10    .data               main.o
    0x20000073   0x00000001   Data   RW           11    .data               main.o
    0x20000074   0x00000001   Data   RW           12    .data               main.o
    0x20000075   0x00000001   Data   RW           13    .data               main.o
    0x20000076   0x00000001   Data   RW           14    .data               main.o
    0x20000077   0x00000001   Data   RW           15    .data               main.o
    0x20000078   0x00000001   Data   RW           16    .data               main.o
    0x20000079   0x00000001   Data   RW           17    .data               main.o
    0x2000007a   0x00000001   Data   RW           18    .data               main.o
    0x2000007b   0x00000001   Data   RW           19    .data               main.o
    0x2000007c   0x00000001   Data   RW           20    .data               main.o
    0x2000007d   0x00000001   Data   RW           21    .data               main.o
    0x2000007e   0x00000002   Data   RW           22    .data               main.o
    0x20000080   0x00000002   Data   RW           23    .data               main.o
    0x20000082   0x00000002   Data   RW           24    .data               main.o
    0x20000084   0x00000004   Data   RW           25    .data               main.o
    0x20000088   0x00000004   Data   RW           26    .data               main.o
    0x2000008c   0x00000004   Data   RW           27    .data               main.o
    0x20000090   0x00000001   Data   RW           29    .data               main.o
    0x20000091   0x00000003   PAD
    0x20000094   0x00000014   Data   RW          323    .data               system_stm32f4xx.o
    0x200000a8   0x00000004   Data   RW          442    .data               stm32f4xx_it.o
    0x200000ac   0x0000003c   Data   RW          560    .data               manager_task.o
    0x200000e8   0x00000001   Data   RW          561    .data               manager_task.o
    0x200000e9   0x00000003   PAD
    0x200000ec   0x00000004   Data   RW          562    .data               manager_task.o
    0x200000f0   0x00000001   Data   RW          614    .data               gsm_task.o
    0x200000f1   0x00000003   PAD
    0x200000f4   0x0000008c   Data   RW          667    .data               sensors_task.o
    0x20000180   0x00000004   Data   RW          739    .data               modbus_task.o
    0x20000184   0x00000008   Data   RW          809    .data               data_task.o
    0x2000018c   0x0000005c   Data   RW          869    .data               stm32f4_discovery.o
    0x200001e8   0x00000018   Data   RW          890    .data               stm32f4_discovery_sdio_sd.o
    0x20000200   0x00000010   Data   RW         1021    .data               stm32f4xx_rcc.o
    0x20000210   0x00000004   Data   RW         1168    .data               stm32f4_sdcard.o
    0x20000214   0x00000018   Data   RW         1187    .data               int_stm32f4_timer.o
    0x2000022c   0x00000006   Data   RW         1284    .data               int_stm32f4_protocolcomm.o
    0x20000232   0x0000000b   Data   RW         1285    .data               int_stm32f4_protocolcomm.o
    0x2000023d   0x00000003   PAD
    0x20000240   0x00000004   Data   RW         1317    .data               int_stm32f4_420rclick.o
    0x20000244   0x00000001   Data   RW         1341    .data               int_stm32f4_packetqueue.o
    0x20000245   0x00000009   Data   RW         1394    .data               int_stm32f4_dataqueue.o
    0x2000024e   0x00000003   Data   RW         1412    .data               int_stm32f4_log.o
    0x20000251   0x00000003   PAD
    0x20000254   0x00000004   Data   RW         1434    .data               int_stm32f4_debug.o
    0x20000258   0x0000002c   Data   RW         1465    .data               int_stm32f4_protocolhandle.o
    0x20000284   0x00000006   Data   RW         1486    .data               int_stm32f4_usart.o
    0x2000028a   0x00000002   PAD
    0x2000028c   0x0000000c   Data   RW         1509    .data               int_stm32f4_watchdog.o
    0x20000298   0x00000014   Data   RW         1676    .data               int_stm32f4_onewire.o
    0x200002ac   0x00000038   Data   RW         1807    .data               tasks.o
    0x200002e4   0x00000018   Data   RW         1850    .data               heap_2.o
    0x200002fc   0x00000004   Data   RW         1865    .data               port.o
    0x20000300   0x00000008   Data   RW         1908    .data               ff.o
    0x20000308   0x000000b4   Data   RW         1924    .data               mb.o
    0x200003bc   0x00000002   Data   RW         2015    .data               mbfuncinput.o
    0x200003be   0x00000002   Data   RW         2033    .data               mbfuncother.o
    0x200003c0   0x0000000c   Data   RW         2086    .data               mbrtu.o
    0x200003cc   0x00000002   Data   RW         2121    .data               portevent.o
    0x200003ce   0x00000002   PAD
    0x200003d0   0x000000ac   Data   RW         2175    .data               mbslave.o
    0x2000047c   0x00000002   Data   RW         2285    .data               mbslavefuncother.o
    0x2000047e   0x00000002   PAD
    0x20000480   0x0000000c   Data   RW         2338    .data               mbslavertu.o
    0x2000048c   0x00000002   Data   RW         2360    .data               porteventslave.o
    0x2000048e   0x00000001   Data   RW         2410    .data               tm_stm32f4_adc.o
    0x2000048f   0x00000001   PAD
    0x20000490   0x00000010   Data   RW         2500    .data               tm_stm32f4_delay.o
    0x200004a0   0x00000004   Data   RW         2603    .data               mc_w.l(rand.o)
    0x200004a4   0x00000004   Data   RW         2616    .data               mc_w.l(strtok.o)
    0x200004a8   0x00000004   Data   RW         2922    .data               mc_w.l(stdout.o)
    0x200004ac   0x00000004   Data   RW         2936    .data               mc_w.l(errno.o)
    0x200004b0   0x00000580   Zero   RW            3    .bss                main.o
    0x20000a30   0x0000003c   Zero   RW          558    .bss                manager_task.o
    0x20000a6c   0x0000006c   Zero   RW          665    .bss                sensors_task.o
    0x20000ad8   0x0000006e   Zero   RW          738    .bss                modbus_task.o
    0x20000b46   0x00000002   PAD
    0x20000b48   0x000000c4   Zero   RW          889    .bss                stm32f4_discovery_sdio_sd.o
    0x20000c0c   0x00000230   Zero   RW         1167    .bss                stm32f4_sdcard.o
    0x20000e3c   0x00000014   Zero   RW         1230    .bss                int_stm32f4_adc.o
    0x20000e50   0x00000c6c   Zero   RW         1339    .bss                int_stm32f4_packetqueue.o
    0x20001abc   0x00000c44   Zero   RW         1393    .bss                int_stm32f4_dataqueue.o
    0x20002700   0x0000000c   Zero   RW         1463    .bss                int_stm32f4_protocolhandle.o
    0x2000270c   0x00000358   Zero   RW         1485    .bss                int_stm32f4_usart.o
    0x20002a64   0x000000c8   Zero   RW         1806    .bss                tasks.o
    0x20002b2c   0x0001b800   Zero   RW         1849    .bss                heap_2.o
    0x2001e32c   0x00000d9f   Zero   RW         1923    .bss                mb.o
    0x2001f0cb   0x00000020   Zero   RW         2032    .bss                mbfuncother.o
    0x2001f0eb   0x00000100   Zero   RW         2085    .bss                mbrtu.o
    0x2001f1eb   0x00000020   Zero   RW         2284    .bss                mbslavefuncother.o
    0x2001f20b   0x00000100   Zero   RW         2337    .bss                mbslavertu.o
    0x2001f30b   0x00000005   PAD
    0x2001f310   0x00000400   Zero   RW         1881    STACK               startup_stm32f4xx.o


==============================================================================

Image component sizes


      Code (inc. data)   RO Data    RW Data    ZI Data      Debug   Object Name

      3364       1020          0          8          0       5671   data_task.o
       176          4          0          0          0       3486   diskio.o
      6602         36          0          8          0      23376   ff.o
       868        326          0          1          0       7823   gsm_task.o
       264         12          0         24     112640       3496   heap_2.o
      1090         16          0          0          0       4929   int_stm32f4_24lc512.o
       932        162         36          4          0       3248   int_stm32f4_420rclick.o
         0          0          0          0         20        627   int_stm32f4_adc.o
      2478         10        539          0          0       5183   int_stm32f4_aes128.o
         8          0        136          0          0       2082   int_stm32f4_configsd.o
       636         12          0          9       3140       4843   int_stm32f4_dataqueue.o
       484         44          0          4          0       4526   int_stm32f4_debug.o
       160          6          0          0          0       5543   int_stm32f4_flowmb.o
      4808       2130          0          0          0       9670   int_stm32f4_gsm.o
      2932        612          0          3          0       9925   int_stm32f4_log.o
       856          8          0         20          0       5660   int_stm32f4_onewire.o
      1660        676        229          1       3180       8708   int_stm32f4_packetqueue.o
      6092       2156        286         17          0      24470   int_stm32f4_protocolcomm.o
      5464       1998        144         44         12       9042   int_stm32f4_protocolhandle.o
       476         14          0          0          0       4950   int_stm32f4_protocolparser.o
       688         32          0          0          0       3844   int_stm32f4_rtc.o
       720         52          0         24          0       4027   int_stm32f4_timer.o
       608        114          0          6        856       3050   int_stm32f4_usart.o
       808        382          0          0          0       3009   int_stm32f4_valvemb.o
       252         14          0         12          0       1834   int_stm32f4_watchdog.o
       136          0          0          0          0       3394   list.o
      1764        914          0          0          0       3257   log_task.o
     20012      10008        469        145       1408     353118   main.o
      7212       2420        142         65         60      16307   manager_task.o
      1392        244          0        180       3487      10987   mb.o
        48          6        512          0          0       1432   mbcrc.o
       460         72          0          0          0       4098   mbfunccoils.o
       120          0          0          0          0       1916   mbfuncdisc.o
       556          0          0          0          0       5773   mbfuncholding.o
       108          6          0          2          0       2055   mbfuncinput.o
       108          8          0          2         32       2017   mbfuncother.o
       672         82          0         12        256       5778   mbrtu.o
       488         34          0        172          0       7909   mbslave.o
        48          6        512          0          0       1461   mbslavecrc.o
       314          0          0          0          0       3585   mbslavefunccoils.o
       120          0          0          0          0       1961   mbslavefuncdisc.o
       384          0          0          0          0       4685   mbslavefuncholding.o
       100          0          0          0          0       1932   mbslavefuncinput.o
       108          8          0          2         32       2079   mbslavefuncother.o
       492         12          0         12        256       4190   mbslavertu.o
       104          0          0          0          0       2285   mbslaveutils.o
       104          0          0          0          0       2234   mbutils.o
       188         18          0          0          0       2249   misc.o
      2096        692          0          4        110       5959   modbus_task.o
       410         38          0          4          0       5079   port.o
        52          6          0          2          0       1816   portevent.o
        52          6          0          2          0       1875   porteventslave.o
       392         12          0          0          0       2847   portserial.o
       384         12          0          0          0       2588   portserialslave.o
       188          6          0          0          0       2025   porttimer.o
       184          8          0          0          0       1240   porttimerslave.o
      1364          0          0          0          0       9963   queue.o
      8156       3078       3209          0          0       8829   sd_task.o
      7704        428        184        140        108      10274   sensors_task.o
        36          8        392          0       1024        840   startup_stm32f4xx.o
      1092         28        180         92          0       5175   stm32f4_discovery.o
      5280         90          0         24        196      19592   stm32f4_discovery_sdio_sd.o
       184          8          0          4        560       3093   stm32f4_sdcard.o
       940         24          0          0          0      11578   stm32f4xx_adc.o
       840         34          0          0          0       7169   stm32f4xx_dma.o
       236         10          0          0          0       2695   stm32f4xx_exti.o
       548         36          0          0          0       4845   stm32f4xx_gpio.o
       948         20          0          0          0       9251   stm32f4xx_i2c.o
       484        328          0          4          0      32509   stm32f4xx_it.o
        60          6          0          0          0       1449   stm32f4xx_iwdg.o
       216         20          0          0          0       2768   stm32f4xx_pwr.o
      1076         44          0         16          0      12039   stm32f4xx_rcc.o
      2832         38          0          0          0      16324   stm32f4xx_rtc.o
       452         30          0          0          0       7832   stm32f4xx_sdio.o
       820         20          0          0          0       7729   stm32f4xx_spi.o
       108         12          0          0          0       1823   stm32f4xx_syscfg.o
      2754         60          0          0          0      25060   stm32f4xx_tim.o
       948         24          0          0          0       8864   stm32f4xx_usart.o
       400         36          0         20          0     326271   system_stm32f4xx.o
      2288         40          0         56        200      15303   tasks.o
         0          0          0          0          0       6916   tester.o
       888         34          0          1          0       5345   tm_stm32f4_adc.o
        56         10          0          0          0        554   tm_stm32f4_bkpsram.o
       156         16          0         16          0      20276   tm_stm32f4_delay.o

    ----------------------------------------------------------------------
    122100      28936       7015       1184     127584    1215519   Object Totals
         0          0         32          0          0          0   (incl. Generated)
        12          0         13         22          7          0   (incl. Padding)

    ----------------------------------------------------------------------

      Code (inc. data)   RO Data    RW Data    ZI Data      Debug   Library Member Name

        92          0          0          0          0          0   __dczerorl2.o
        28          0          0          0          0         68   _chval.o
       158          0          0          0          0         92   _strtoul.o
        26          0          0          0          0         80   atoi.o
         8          4        133          0          0         68   ctype_o.o
         0          0          0          0          0          0   entry.o
         0          0          0          0          0          0   entry10a.o
         0          0          0          0          0          0   entry11a.o
         8          4          0          0          0          0   entry2.o
         4          0          0          0          0          0   entry5.o
         0          0          0          0          0          0   entry7b.o
         0          0          0          0          0          0   entry8b.o
         8          4          0          0          0          0   entry9a.o
         8          4          0          4          0         68   errno.o
        30          0          0          0          0          0   handlers.o
        36          8          0          0          0         68   init.o
         0          0          0          0          0          0   iusefp.o
        30          0          0          0          0         68   llshl.o
        36          0          0          0          0         68   llsshr.o
        32          0          0          0          0         68   llushr.o
        26          0          0          0          0         80   memcmp.o
        36          0          0          0          0         68   memcpya.o
        36          0          0          0          0        108   memseta.o
      2328        102          0          0          0        676   printfa.o
        36         10          0          4          0        136   rand.o
         0          0          0          4          0          0   stdout.o
        34          0          0          0          0         80   strcspn.o
        14          0          0          0          0         68   strlen.o
        36          0          0          0          0         80   strstr.o
        68          6          0          4          0         80   strtok.o
       112          0          0          0          0         88   strtol.o
        44          0          0          0          0         80   uidiv.o
        98          0          0          0          0         92   uldiv.o
        40          2          0          0          0         68   cdrcmple.o
        56          0          0          0          0         88   d2f.o
       334          0          0          0          0        148   dadd.o
       222          0          0          0          0        100   ddiv.o
       190          0          0          0          0        176   depilogue.o
        50          0          0          0          0         76   dfixui.o
        48          0          0          0          0         68   dfixul.o
        26          0          0          0          0         76   dfltui.o
       228          0          0          0          0         96   dmul.o
        38          0          0          0          0         68   f2d.o
       108          0          0          0          0        168   fepilogue.o

    ----------------------------------------------------------------------
      4720        144        133         16          0       3416   Library Totals
         8          0          0          0          0          0   (incl. Padding)

    ----------------------------------------------------------------------

      Code (inc. data)   RO Data    RW Data    ZI Data      Debug   Library Name

      3372        142        133         16          0       2284   mc_w.l
      1340          2          0          0          0       1132   mf_w.l

    ----------------------------------------------------------------------
      4720        144        133         16          0       3416   Library Totals

    ----------------------------------------------------------------------

==============================================================================


      Code (inc. data)   RO Data    RW Data    ZI Data      Debug   

    126820      29080       7148       1200     127584    1198863   Grand Totals
    126820      29080       7148        256     127584    1198863   ELF Image Totals (compressed)
    126820      29080       7148        256          0          0   ROM Totals

==============================================================================

    Total RO  Size (Code + RO Data)               133968 ( 130.83kB)
    Total RW  Size (RW Data + ZI Data)            128784 ( 125.77kB)
    Total ROM Size (Code + RO Data + RW Data)     134224 ( 131.08kB)

==============================================================================

