RAM Allocation
Variable                                                          Address   Size
--------------------------------------------------------------------------------
prtc_get_time                                                     0x0F0A       4
prtc_get_date                                                     0x0F0E       4
flag_PackageTerminate3                                            0x0F12       1
rxPackage3                                                        0x0F13      64
rx_buffer0                                                        0x0F53       2
rx0Buffer                                                         0x0F55     400
rxBeginCount                                                      0x10E5       2
rx_rd_index0                                                      0x10E7       2
rx_counter0                                                       0x10E9       2
index0Buffer                                                      0x10EB       2
hwCalId                                                           0x10ED       2
pviQueueSensorToMang                                              0x10EF       2
pviQueueMangToConfig                                              0x10F1       2
pviQueueDeviceToMang                                              0x10F3       2
viRXData                                                          0x10F5     302
viDataReport                                                      0x1223     102
viStatusReport                                                    0x1289     102
viEventReport                                                     0x12EF     102
baseCounter                                                       0x1355       4
countTimerIntpTask                                                0x1359       2
ETH_current_mode                                                  0x135B       1
viDataReportBuff                                                  0x135C      49
viStatusReportBuff                                                0x138D       6
pviUart0TimeOut                                                   0x1393       2
wiz100srSetTimer                                                  0x1395       2
iWizRXMode                                                        0x1397       1
iWizData                                                          0x1398       4
iHTTPStatus                                                       0x139C       4
sdFreeSpace                                                       0x13A0       4
viFolderDataName                                                  0x13A4       7
viFolderErrorName                                                 0x13AB       6
viFolderConfigName                                                0x13B1       7
viDirDataPath                                                     0x13B8      10
viDirErrorPath                                                    0x13C2       9
viDirConfigPath                                                   0x13CB      10
viDataFName                                                       0x13D5      16
viConfigFName                                                     0x13E5      15
raw_rtc                                                           0x13F4       4
adcData                                                           0x13F8      20
LOGFILE_DATA                                                      0x140C       9
LOGFILE_EVENT                                                     0x1415      10
LOGFILE_ERROR                                                     0x141F      10
LOG_INIT_STR                                                      0x1429      16
isDataLogEmpty                                                    0x1439       1
isEventLogEmpty                                                   0x143A       1
adcBatt                                                           0x143B       4
sensorCalConfig                                                   0x143F      12
pfCalibrate                                                       0x144B       4
dhtDevice                                                         0x144F      10
dataQ                                                             0x1459     100
last_wr_dataQ                                                     0x14BD       2
last_rd_dataQ                                                     0x14BF       2
dataQ_len                                                         0x14C1       2
eventQ                                                            0x14C3     120
last_wr_eventQ                                                    0x153B       2
last_rd_eventQ                                                    0x153D       2
eventQ_len                                                        0x153F       2
fat                                                               0x1541     562
pfat                                                              0x1773       2
root_path                                                         0x1775       4
eventLogQueue                                                     0x1779     140
eventLogQCount                                                    0x1805       1
dataLogQueue                                                      0x1806     110
dataLogQCount                                                     0x1874       1
n                                                                 0x1875       2
a                                                                 0x1877      48
iPTC_RX                                                           0x18A7      22
viMangQueue                                                       0x18BD      18
task_count_g                                                      0x18CF       2
pviTaskList                                                       0x18D1      12
iWiz100srConfig                                                   0x18DD      89
pfiWiz100rs                                                       0x1936       4
viDataConfig                                                      0x193A       7
status                                                            0x1941       1
timer1                                                            0x1942       1
timer2                                                            0x1943       1
card_type                                                         0x1944       1
pv_S100000B000                                                    0x1945       1
FatFs                                                             0x1946       2
Fsid                                                              0x1948       2
Drive                                                             0x194A       1
_seed                                                             0x194B       4
p_S1040026000                                                     0x194F       2

EEPROM Allocation
Variable                                                          Address   Size
--------------------------------------------------------------------------------
DEVICE_SERIAL                                                     0x0000       8
viFlagTerInit                                                     0x0008       1
viLineID                                                          0x0009       2
viDVConfigUpdate                                                  0x000B     397
eep_vref_val                                                      0x0198       4
sensorCalulate                                                    0x019C     130
viDate_e                                                          0x021E       4

Register Allocation
Variable                                                          Register  Size
--------------------------------------------------------------------------------
pviQueueData1                                                     R4,R5        2
piDeviceTask                                                      R6,R7        2
flag_oled_ack                                                     GPIOR0.0  1bit
rx_buffer_overflow0                                               GPIOR0.1  1bit
rxPackageIndex3                                                   R9           1
rxPackageIndexCount3                                              R8           1
flagCountStart0                                                   R10,R11      2
rx0IndexWriteConn                                                 R12,R13      2
timer_1sec_flag                                                   GPIOR0.2  1bit
buzzer_on                                                         GPIOR0.3  1bit
toggle                                                            GPIOR0.4  1bit
