RAM Allocation
Variable                                                          Address   Size
--------------------------------------------------------------------------------
prtc_get_time                                                     0x0EFA       4
prtc_get_date                                                     0x0EFE       4
flag_PackageTerminate3                                            0x0F02       1
rxPackage3                                                        0x0F03      64
rx_buffer0                                                        0x0F43       2
rx0Buffer                                                         0x0F45     400
rxBeginCount                                                      0x10D5       2
rx_rd_index0                                                      0x10D7       2
rx_counter0                                                       0x10D9       2
index0Buffer                                                      0x10DB       2
hwCalId                                                           0x10DD       2
pviQueueSensorToMang                                              0x10DF       2
pviQueueMangToConfig                                              0x10E1       2
pviQueueDeviceToMang                                              0x10E3       2
viRXData                                                          0x10E5     302
viDataReport                                                      0x1213     102
viStatusReport                                                    0x1279     102
viEventReport                                                     0x12DF     102
baseCounter                                                       0x1345       4
countTimerIntpTask                                                0x1349       2
ETH_current_mode                                                  0x134B       1
viDataReportBuff                                                  0x134C      49
viStatusReportBuff                                                0x137D       6
pviUart0TimeOut                                                   0x1383       2
wiz100srSetTimer                                                  0x1385       2
iWizRXMode                                                        0x1387       1
iWizData                                                          0x1388       4
iHTTPStatus                                                       0x138C       4
sdFreeSpace                                                       0x1390       4
viFolderDataName                                                  0x1394       7
viFolderDataLogName                                               0x139B       4
viFolderEventName                                                 0x139F       6
viFolderStatusName                                                0x13A5       7
viFolderErrorName                                                 0x13AC       6
viFolderConfigName                                                0x13B2       7
viDirDataPath                                                     0x13B9      10
viDirDataLogPath                                                  0x13C3       7
viDirEventPath                                                    0x13CA       9
viDirStatusPath                                                   0x13D3      10
viDirErrorPath                                                    0x13DD       9
viDirConfigPath                                                   0x13E6      10
viDataFName                                                       0x13F0      16
raw_rtc                                                           0x1400       4
adcData                                                           0x1404      20
LOGFILE_DATA                                                      0x1418       9
LOGFILE_EVENT                                                     0x1421      10
LOGFILE_ERROR                                                     0x142B      10
LOG_INIT_STR                                                      0x1435      16
isDataLogEmpty                                                    0x1445       1
isEventLogEmpty                                                   0x1446       1
adcBatt                                                           0x1447       4
sensorCalConfig                                                   0x144B      12
pfCalibrate                                                       0x1457       4
dhtDevice                                                         0x145B      10
dataQ                                                             0x1465     100
last_wr_dataQ                                                     0x14C9       2
last_rd_dataQ                                                     0x14CB       2
dataQ_len                                                         0x14CD       2
eventQ                                                            0x14CF     120
last_wr_eventQ                                                    0x1547       2
last_rd_eventQ                                                    0x1549       2
eventQ_len                                                        0x154B       2
fat                                                               0x154D     562
pfat                                                              0x177F       2
root_path                                                         0x1781       4
eventLogQueue                                                     0x1785     140
eventLogQCount                                                    0x1811       1
dataLogQueue                                                      0x1812     110
dataLogQCount                                                     0x1880       1
n                                                                 0x1881       2
a                                                                 0x1883      48
iPTC_RX                                                           0x18B3      22
viMangQueue                                                       0x18C9      18
task_count_g                                                      0x18DB       2
pviTaskList                                                       0x18DD      12
iWiz100srConfig                                                   0x18E9      89
pfiWiz100rs                                                       0x1942       4
viDataConfig                                                      0x1946       7
status                                                            0x194D       1
timer1                                                            0x194E       1
timer2                                                            0x194F       1
card_type                                                         0x1950       1
pv_S100000B000                                                    0x1951       1
FatFs                                                             0x1952       2
Fsid                                                              0x1954       2
Drive                                                             0x1956       1
_seed                                                             0x1957       4
p_S1040026000                                                     0x195B       2

EEPROM Allocation
Variable                                                          Address   Size
--------------------------------------------------------------------------------
DEVICE_SERIAL                                                     0x0000       8
viFlagTerInit                                                     0x0008       1
viLineID                                                          0x0009       2
viDVConfigUpdate                                                  0x000B     397
eep_vref_val                                                      0x0198       4
sensorCalulate                                                    0x019C     130
viDate_e                                                          0x021E       4

Register Allocation
Variable                                                          Register  Size
--------------------------------------------------------------------------------
pviQueueData1                                                     R4,R5        2
piDeviceTask                                                      R6,R7        2
flag_oled_ack                                                     GPIOR0.0  1bit
rx_buffer_overflow0                                               GPIOR0.1  1bit
rxPackageIndex3                                                   R9           1
rxPackageIndexCount3                                              R8           1
flagCountStart0                                                   R10,R11      2
rx0IndexWriteConn                                                 R12,R13      2
timer_1sec_flag                                                   GPIOR0.2  1bit
buzzer_on                                                         GPIOR0.3  1bit
toggle                                                            GPIOR0.4  1bit
