RAM Allocation
Variable                                                          Address   Size
--------------------------------------------------------------------------------
prtc_get_time                                                     0x0EE6       4
prtc_get_date                                                     0x0EEA       4
flag_PackageTerminate3                                            0x0EEE       1
rxPackage3                                                        0x0EEF      64
rx_buffer0                                                        0x0F2F       2
rx0Buffer                                                         0x0F31     400
rxBeginCount                                                      0x10C1       2
rx_rd_index0                                                      0x10C3       2
rx_counter0                                                       0x10C5       2
index0Buffer                                                      0x10C7       2
hwCalId                                                           0x10C9       2
pviQueueSensorToMang                                              0x10CB       2
pviQueueMangToConfig                                              0x10CD       2
pviQueueDeviceToMang                                              0x10CF       2
viRXData                                                          0x10D1     302
viDataReport                                                      0x11FF     102
viStatusReport                                                    0x1265     102
viEventReport                                                     0x12CB     102
baseCounter                                                       0x1331       4
countTimerIntpTask                                                0x1335       2
ETH_current_mode                                                  0x1337       1
viDataReportBuff                                                  0x1338      49
viStatusReportBuff                                                0x1369       6
pviUart0TimeOut                                                   0x136F       2
wiz100srSetTimer                                                  0x1371       2
iWizRXMode                                                        0x1373       1
iWizData                                                          0x1374       4
iHTTPStatus                                                       0x1378       4
sdFreeSpace                                                       0x137C       4
viFolderDataName                                                  0x1380       5
viFolderDataLogName                                               0x1385       9
viFolderEventName                                                 0x138E       6
viFolderStatusName                                                0x1394       7
viFolderErrorName                                                 0x139B       6
viFolderConfigName                                                0x13A1       7
viDirDataPath                                                     0x13A8       8
viDirDataLogPath                                                  0x13B0      12
viDirEventPath                                                    0x13BC       9
viDirStatusPath                                                   0x13C5      10
viDirErrorPath                                                    0x13CF       9
viDirConfigPath                                                   0x13D8      10
viDataFName                                                       0x13E2      13
viDataLogFName                                                    0x13EF      16
raw_rtc                                                           0x13FF       4
adcData                                                           0x1403      20
LOGFILE_DATA                                                      0x1417       9
LOGFILE_EVENT                                                     0x1420      10
LOGFILE_ERROR                                                     0x142A      10
LOG_INIT_STR                                                      0x1434      16
isDataLogEmpty                                                    0x1444       1
isEventLogEmpty                                                   0x1445       1
adcBatt                                                           0x1446       4
sensorCalConfig                                                   0x144A      12
pfCalibrate                                                       0x1456       4
dhtDevice                                                         0x145A      10
dataQ                                                             0x1464     100
last_wr_dataQ                                                     0x14C8       2
last_rd_dataQ                                                     0x14CA       2
dataQ_len                                                         0x14CC       2
eventQ                                                            0x14CE     120
last_wr_eventQ                                                    0x1546       2
last_rd_eventQ                                                    0x1548       2
eventQ_len                                                        0x154A       2
fat                                                               0x154C     562
pfat                                                              0x177E       2
root_path                                                         0x1780       4
eventLogQueue                                                     0x1784     140
eventLogQCount                                                    0x1810       1
dataLogQueue                                                      0x1811     110
dataLogQCount                                                     0x187F       1
n                                                                 0x1880       2
a                                                                 0x1882      48
iPTC_RX                                                           0x18B2      22
viMangQueue                                                       0x18C8      35
task_count_g                                                      0x18EB       2
pviTaskList                                                       0x18ED      12
iWiz100srConfig                                                   0x18F9      89
pfiWiz100rs                                                       0x1952       4
viDataConfig                                                      0x1956       7
file_info                                                         0x195D      22
status                                                            0x1973       1
timer1                                                            0x1974       1
timer2                                                            0x1975       1
card_type                                                         0x1976       1
pv_S100000B000                                                    0x1977       1
FatFs                                                             0x1978       2
Fsid                                                              0x197A       2
Drive                                                             0x197C       1
_seed                                                             0x197D       4
p_S1040026000                                                     0x1981       2

EEPROM Allocation
Variable                                                          Address   Size
--------------------------------------------------------------------------------
DEVICE_SERIAL                                                     0x0000       8
viFlagTerInit                                                     0x0008       1
viDVConfigUpdate                                                  0x0009     397
eep_vref_val                                                      0x0196       4
sensorCalulate                                                    0x019A     130

Register Allocation
Variable                                                          Register  Size
--------------------------------------------------------------------------------
pviQueueData1                                                     R4,R5        2
piDeviceTask                                                      R6,R7        2
flag_oled_ack                                                     GPIOR0.0  1bit
rx_buffer_overflow0                                               GPIOR0.1  1bit
rxPackageIndex3                                                   R9           1
rxPackageIndexCount3                                              R8           1
flagCountStart0                                                   R10,R11      2
rx0IndexWriteConn                                                 R12,R13      2
timer_1sec_flag                                                   GPIOR0.2  1bit
buzzer_on                                                         GPIOR0.3  1bit
toggle                                                            GPIOR0.4  1bit
