ARM Linker, 5.03 [Build 69] [MDK-ARM Standard]

==============================================================================

Section Cross References

    main.o(.text) refers to queue.o(.text) for xQueueGenericReceive
    main.o(.text) refers to int_stm32f4_debug.o(.text) for printDebug
    main.o(.text) refers to f2d.o(.text) for __aeabi_f2d
    main.o(.text) refers to memcpya.o(.text) for __aeabi_memcpy
    main.o(.text) refers to main.o(.data) for .data
    main.o(.text) refers to int_stm32f4_debug.o(.data) for xSemaphore
    main.o(.text) refers to main.o(.constdata) for .constdata
    main.o(.text) refers to int_stm32f4_24lc512.o(.text) for EEPROM_WriteBuf
    main.o(.text) refers to main.o(.bss) for .bss
    main.o(.text) refers to int_stm32f4_configsd.o(.constdata) for SEN420CONF_BASEADDR
    main.o(.text) refers to int_stm32f4_configsd.o(.constdata) for SENADCCONF_BASEADDR
    main.o(.text) refers to int_stm32f4_configsd.o(.constdata) for DIGItIN_BASEADDR
    main.o(.text) refers to int_stm32f4_configsd.o(.constdata) for SEN420ALARMn_BASEADDR
    main.o(.text) refers to int_stm32f4_configsd.o(.constdata) for SENADCALARMn_BASEADDR
    main.o(.text) refers to int_stm32f4_configsd.o(.constdata) for SEN420CHnCAL_BASEADDR
    main.o(.text) refers to stm32f4xx_rcc.o(.text) for RCC_AHB1PeriphClockCmd
    main.o(.text) refers to stm32f4xx_gpio.o(.text) for GPIO_Init
    main.o(.text) refers to stm32f4xx_syscfg.o(.text) for SYSCFG_EXTILineConfig
    main.o(.text) refers to stm32f4xx_exti.o(.text) for EXTI_Init
    main.o(.text) refers to misc.o(.text) for NVIC_Init
    main.o(.text) refers to int_stm32f4_usart.o(.text) for vUSART_Initial
    main.o(.text) refers to int_stm32f4_onewire.o(.text) for vONEWIRE_Init
    main.o(.text) refers to int_stm32f4_timer.o(.text) for vTIMER_initialTimer3
    main.o(.text) refers to int_stm32f4_rtc.o(.text) for ucRTC_Initial
    main.o(.text) refers to int_stm32f4_420rclick.o(.text) for v420RCLICK_InitialSPI1
    main.o(.text) refers to tm_stm32f4_adc.o(.text) for TM_ADC_Init
    main.o(.text) refers to stm32f4_sdcard.o(.text) for xSDCARD_Initial
    main.o(.text) refers to memcmp.o(.text) for memcmp
    main.o(.text) refers to int_stm32f4_timer.o(.data) for _buzzer_2hz
    main.o(.text) refers to manager_task.o(.text) for ucMNG_ReadDS1820
    main.o(.text) refers to tasks.o(.text) for xTaskGenericCreate
    main.o(.text) refers to stm32f4xx_usart.o(.text) for USART_SendData
    main.o(.text) refers to data_task.o(.text) for vDataBuf_Task
    main.o(.text) refers to log_task.o(.text) for vLog_Task
    main.o(.text) refers to sd_task.o(.text) for vSDnMB_Task
    main.o(.text) refers to gsm_task.o(.text) for vGSM_Task
    main.o(.text) refers to sensors_task.o(.text) for vSensors_Task
    main.o(.text) refers to modbus_task.o(.text) for vModbus_Task
    system_stm32f4xx.o(.text) refers to system_stm32f4xx.o(.data) for .data
    stm32f4xx_it.o(.text) refers to int_stm32f4_debug.o(.text) for printDebug_Semphr
    stm32f4xx_it.o(.text) refers to stm32f4_discovery_sdio_sd.o(.text) for SD_ProcessIRQSrc
    stm32f4xx_it.o(.text) refers to stm32f4xx_tim.o(.text) for TIM_GetITStatus
    stm32f4xx_it.o(.text) refers to int_stm32f4_watchdog.o(.data) for _CaptureNumber
    stm32f4xx_it.o(.text) refers to stm32f4xx_it.o(.data) for .data
    tester.o(.text) refers to int_stm32f4_debug.o(.text) for printDebug_Semphr
    tester.o(.text) refers to queue.o(.text) for xQueueGenericReceive
    tester.o(.text) refers to int_stm32f4_protocolparser.o(.text) for ucPTCPARSER_getFrameType
    tester.o(.text) refers to main.o(.data) for Queue_PacketToGSM
    tester.o(.text) refers to int_stm32f4_debug.o(.data) for xSemaphore
    manager_task.o(.text) refers to int_stm32f4_onewire.o(.text) for ucONEWIRE_Reset
    manager_task.o(.text) refers to main.o(.text) for delay_ms
    manager_task.o(.text) refers to dfltui.o(.text) for __aeabi_ui2d
    manager_task.o(.text) refers to dmul.o(.text) for __aeabi_dmul
    manager_task.o(.text) refers to d2f.o(.text) for __aeabi_d2f
    manager_task.o(.text) refers to int_stm32f4_timer.o(.text) for cTIMER_CheckTimerExceed
    manager_task.o(.text) refers to int_stm32f4_debug.o(.text) for printDebug_Semphr
    manager_task.o(.text) refers to int_stm32f4_rtc.o(.text) for uiRTC_GetEpochTime
    manager_task.o(.text) refers to int_stm32f4_dataqueue.o(.text) for ucDATAQUEUE_AddEvent
    manager_task.o(.text) refers to sensors_task.o(.data) for _DataStatus_420mA
    manager_task.o(.text) refers to main.o(.bss) for struct_Config420SensorAlarm
    manager_task.o(.text) refers to manager_task.o(.data) for .data
    manager_task.o(.text) refers to manager_task.o(.bss) for .bss
    manager_task.o(.text) refers to main.o(.data) for _BatteryStatus
    manager_task.o(.text) refers to main.o(.data) for _BatteryStat_old
    manager_task.o(.text) refers to main.o(.data) for flag_HaveMemEvent
    manager_task.o(.text) refers to main.o(.data) for _MemoryStatus
[...]
    vListInitialiseItem                      0x08019355   Thumb Code     6  list.o(.text)
    vListInsertEnd                           0x0801935b   Thumb Code    24  list.o(.text)
    vListInsert                              0x08019373   Thumb Code    48  list.o(.text)
    uxListRemove                             0x080193a3   Thumb Code    36  list.o(.text)
    xQueueGenericReset                       0x080193c7   Thumb Code    98  queue.o(.text)
    xQueueGenericCreate                      0x08019429   Thumb Code    72  queue.o(.text)
    xQueueGenericSend                        0x0801955d   Thumb Code   202  queue.o(.text)
    xQueueCreateMutex                        0x08019627   Thumb Code    74  queue.o(.text)
    xQueueCreateCountingSemaphore            0x08019671   Thumb Code    20  queue.o(.text)
    xQueueGenericSendFromISR                 0x08019685   Thumb Code    96  queue.o(.text)
    xQueueGenericReceive                     0x08019727   Thumb Code   252  queue.o(.text)
    xQueueReceiveFromISR                     0x08019823   Thumb Code    90  queue.o(.text)
    xQueuePeekFromISR                        0x0801987d   Thumb Code    46  queue.o(.text)
    uxQueueMessagesWaiting                   0x080198ab   Thumb Code    18  queue.o(.text)
    uxQueueSpacesAvailable                   0x080198bd   Thumb Code    22  queue.o(.text)
    uxQueueMessagesWaitingFromISR            0x080198d3   Thumb Code     4  queue.o(.text)
    vQueueDelete                             0x080198d7   Thumb Code    24  queue.o(.text)
    uxQueueGetQueueNumber                    0x080198ef   Thumb Code     4  queue.o(.text)
    vQueueSetQueueNumber                     0x080198f3   Thumb Code     4  queue.o(.text)
    ucQueueGetQueueType                      0x080198f7   Thumb Code     6  queue.o(.text)
    xQueueIsQueueEmptyFromISR                0x080198fd   Thumb Code    14  queue.o(.text)
    xQueueIsQueueFullFromISR                 0x0801990b   Thumb Code    16  queue.o(.text)
    xTaskGenericCreate                       0x080199df   Thumb Code   200  tasks.o(.text)
    vTaskDelete                              0x08019ac5   Thumb Code    96  tasks.o(.text)
    xTaskIncrementTick                       0x08019b25   Thumb Code   174  tasks.o(.text)
    xTaskResumeAll                           0x08019bd3   Thumb Code   150  tasks.o(.text)
    vTaskSuspendAll                          0x08019c9b   Thumb Code    10  tasks.o(.text)
    vTaskDelay                               0x08019ca5   Thumb Code    52  tasks.o(.text)
    uxTaskPriorityGet                        0x08019cd9   Thumb Code    24  tasks.o(.text)
    vTaskPrioritySet                         0x08019cf1   Thumb Code   156  tasks.o(.text)
    vTaskStartScheduler                      0x08019dff   Thumb Code    50  tasks.o(.text)
    vTaskEndScheduler                        0x08019e31   Thumb Code    20  tasks.o(.text)
    xTaskGetTickCount                        0x08019e45   Thumb Code    18  tasks.o(.text)
    xTaskGetTickCountFromISR                 0x08019e57   Thumb Code    18  tasks.o(.text)
    uxTaskGetNumberOfTasks                   0x08019e69   Thumb Code     6  tasks.o(.text)
    uxTaskGetSystemState                     0x08019ef3   Thumb Code   124  tasks.o(.text)
    vTaskSwitchContext                       0x08019f6f   Thumb Code   102  tasks.o(.text)
    vTaskPlaceOnEventList                    0x08019fd5   Thumb Code    32  tasks.o(.text)
    vTaskPlaceOnUnorderedEventList           0x08019ff5   Thumb Code    40  tasks.o(.text)
    xTaskRemoveFromEventList                 0x0801a01d   Thumb Code    88  tasks.o(.text)
    xTaskRemoveFromUnorderedEventList        0x0801a075   Thumb Code    70  tasks.o(.text)
    vTaskSetTimeOutState                     0x0801a0bb   Thumb Code    12  tasks.o(.text)
    xTaskCheckForTimeOut                     0x0801a0c7   Thumb Code    66  tasks.o(.text)
    vTaskMissedYield                         0x0801a109   Thumb Code     8  tasks.o(.text)
    uxTaskGetTaskNumber                      0x0801a111   Thumb Code    12  tasks.o(.text)
    vTaskSetTaskNumber                       0x0801a11d   Thumb Code     8  tasks.o(.text)
    xTaskGetCurrentTaskHandle                0x0801a125   Thumb Code     6  tasks.o(.text)
    vTaskPriorityInherit                     0x0801a12b   Thumb Code   124  tasks.o(.text)
    vTaskPriorityDisinherit                  0x0801a1a7   Thumb Code    72  tasks.o(.text)
    uxTaskResetEventItemValue                0x0801a1ef   Thumb Code    20  tasks.o(.text)
    pvPortMalloc                             0x0801a229   Thumb Code   156  heap_2.o(.text)
    vPortFree                                0x0801a2c5   Thumb Code    58  heap_2.o(.text)
    xPortGetFreeHeapSize                     0x0801a2ff   Thumb Code     8  heap_2.o(.text)
    vPortInitialiseBlocks                    0x0801a307   Thumb Code     2  heap_2.o(.text)
    pxPortInitialiseStack                    0x0801a31b   Thumb Code    28  port.o(.text)
    vPortSetupTimerInterrupt                 0x0801a337   Thumb Code    14  port.o(.text)
    xPortStartScheduler                      0x0801a345   Thumb Code    52  port.o(.text)
    vPortEndScheduler                        0x0801a379   Thumb Code     2  port.o(.text)
    vPortYield                               0x0801a37b   Thumb Code    20  port.o(.text)
    vPortEnterCritical                       0x0801a38f   Thumb Code    24  port.o(.text)
    vPortExitCritical                        0x0801a3a7   Thumb Code    18  port.o(.text)
    xPortSysTickHandler                      0x0801a3b9   Thumb Code    32  port.o(.text)
    Reset_Handler                            0x0801a3ed   Thumb Code     8  startup_stm32f4xx.o(.text)
    ADC_IRQHandler                           0x0801a407   Thumb Code     0  startup_stm32f4xx.o(.text)
    CAN1_RX0_IRQHandler                      0x0801a407   Thumb Code     0  startup_stm32f4xx.o(.text)
    CAN1_RX1_IRQHandler                      0x0801a407   Thumb Code     0  startup_stm32f4xx.o(.text)
    CAN1_SCE_IRQHandler                      0x0801a407   Thumb Code     0  startup_stm32f4xx.o(.text)
    CAN1_TX_IRQHandler                       0x0801a407   Thumb Code     0  startup_stm32f4xx.o(.text)
    CAN2_RX0_IRQHandler                      0x0801a407   Thumb Code     0  startup_stm32f4xx.o(.text)
    CAN2_RX1_IRQHandler                      0x0801a407   Thumb Code     0  startup_stm32f4xx.o(.text)
    CAN2_SCE_IRQHandler                      0x0801a407   Thumb Code     0  startup_stm32f4xx.o(.text)
    CAN2_TX_IRQHandler                       0x0801a407   Thumb Code     0  startup_stm32f4xx.o(.text)
    CRYP_IRQHandler                          0x0801a407   Thumb Code     0  startup_stm32f4xx.o(.text)
    DCMI_IRQHandler                          0x0801a407   Thumb Code     0  startup_stm32f4xx.o(.text)
    DMA1_Stream0_IRQHandler                  0x0801a407   Thumb Code     0  startup_stm32f4xx.o(.text)
    DMA1_Stream1_IRQHandler                  0x0801a407   Thumb Code     0  startup_stm32f4xx.o(.text)
    DMA1_Stream2_IRQHandler                  0x0801a407   Thumb Code     0  startup_stm32f4xx.o(.text)
    DMA1_Stream3_IRQHandler                  0x0801a407   Thumb Code     0  startup_stm32f4xx.o(.text)
    DMA1_Stream4_IRQHandler                  0x0801a407   Thumb Code     0  startup_stm32f4xx.o(.text)
    DMA1_Stream5_IRQHandler                  0x0801a407   Thumb Code     0  startup_stm32f4xx.o(.text)
    DMA1_Stream6_IRQHandler                  0x0801a407   Thumb Code     0  startup_stm32f4xx.o(.text)
    DMA1_Stream7_IRQHandler                  0x0801a407   Thumb Code     0  startup_stm32f4xx.o(.text)
    DMA2_Stream0_IRQHandler                  0x0801a407   Thumb Code     0  startup_stm32f4xx.o(.text)
    DMA2_Stream1_IRQHandler                  0x0801a407   Thumb Code     0  startup_stm32f4xx.o(.text)
    DMA2_Stream2_IRQHandler                  0x0801a407   Thumb Code     0  startup_stm32f4xx.o(.text)
    DMA2_Stream4_IRQHandler                  0x0801a407   Thumb Code     0  startup_stm32f4xx.o(.text)
    DMA2_Stream5_IRQHandler                  0x0801a407   Thumb Code     0  startup_stm32f4xx.o(.text)
    DMA2_Stream6_IRQHandler                  0x0801a407   Thumb Code     0  startup_stm32f4xx.o(.text)
    DMA2_Stream7_IRQHandler                  0x0801a407   Thumb Code     0  startup_stm32f4xx.o(.text)
    ETH_IRQHandler                           0x0801a407   Thumb Code     0  startup_stm32f4xx.o(.text)
    ETH_WKUP_IRQHandler                      0x0801a407   Thumb Code     0  startup_stm32f4xx.o(.text)
    EXTI0_IRQHandler                         0x0801a407   Thumb Code     0  startup_stm32f4xx.o(.text)
    EXTI15_10_IRQHandler                     0x0801a407   Thumb Code     0  startup_stm32f4xx.o(.text)
    EXTI1_IRQHandler                         0x0801a407   Thumb Code     0  startup_stm32f4xx.o(.text)
    EXTI2_IRQHandler                         0x0801a407   Thumb Code     0  startup_stm32f4xx.o(.text)
    EXTI4_IRQHandler                         0x0801a407   Thumb Code     0  startup_stm32f4xx.o(.text)
    EXTI9_5_IRQHandler                       0x0801a407   Thumb Code     0  startup_stm32f4xx.o(.text)
    FLASH_IRQHandler                         0x0801a407   Thumb Code     0  startup_stm32f4xx.o(.text)
    FPU_IRQHandler                           0x0801a407   Thumb Code     0  startup_stm32f4xx.o(.text)
    FSMC_IRQHandler                          0x0801a407   Thumb Code     0  startup_stm32f4xx.o(.text)
    HASH_RNG_IRQHandler                      0x0801a407   Thumb Code     0  startup_stm32f4xx.o(.text)
    I2C1_ER_IRQHandler                       0x0801a407   Thumb Code     0  startup_stm32f4xx.o(.text)
    I2C1_EV_IRQHandler                       0x0801a407   Thumb Code     0  startup_stm32f4xx.o(.text)
    I2C2_ER_IRQHandler                       0x0801a407   Thumb Code     0  startup_stm32f4xx.o(.text)
    I2C2_EV_IRQHandler                       0x0801a407   Thumb Code     0  startup_stm32f4xx.o(.text)
    I2C3_ER_IRQHandler                       0x0801a407   Thumb Code     0  startup_stm32f4xx.o(.text)
    I2C3_EV_IRQHandler                       0x0801a407   Thumb Code     0  startup_stm32f4xx.o(.text)
    OTG_FS_IRQHandler                        0x0801a407   Thumb Code     0  startup_stm32f4xx.o(.text)
    OTG_FS_WKUP_IRQHandler                   0x0801a407   Thumb Code     0  startup_stm32f4xx.o(.text)
    OTG_HS_EP1_IN_IRQHandler                 0x0801a407   Thumb Code     0  startup_stm32f4xx.o(.text)
    OTG_HS_EP1_OUT_IRQHandler                0x0801a407   Thumb Code     0  startup_stm32f4xx.o(.text)
    OTG_HS_IRQHandler                        0x0801a407   Thumb Code     0  startup_stm32f4xx.o(.text)
    OTG_HS_WKUP_IRQHandler                   0x0801a407   Thumb Code     0  startup_stm32f4xx.o(.text)
    PVD_IRQHandler                           0x0801a407   Thumb Code     0  startup_stm32f4xx.o(.text)
    RCC_IRQHandler                           0x0801a407   Thumb Code     0  startup_stm32f4xx.o(.text)
    RTC_Alarm_IRQHandler                     0x0801a407   Thumb Code     0  startup_stm32f4xx.o(.text)
    RTC_WKUP_IRQHandler                      0x0801a407   Thumb Code     0  startup_stm32f4xx.o(.text)
    SPI1_IRQHandler                          0x0801a407   Thumb Code     0  startup_stm32f4xx.o(.text)
    SPI2_IRQHandler                          0x0801a407   Thumb Code     0  startup_stm32f4xx.o(.text)
    SPI3_IRQHandler                          0x0801a407   Thumb Code     0  startup_stm32f4xx.o(.text)
    TAMP_STAMP_IRQHandler                    0x0801a407   Thumb Code     0  startup_stm32f4xx.o(.text)
    TIM1_BRK_TIM9_IRQHandler                 0x0801a407   Thumb Code     0  startup_stm32f4xx.o(.text)
    TIM1_CC_IRQHandler                       0x0801a407   Thumb Code     0  startup_stm32f4xx.o(.text)
    TIM1_TRG_COM_TIM11_IRQHandler            0x0801a407   Thumb Code     0  startup_stm32f4xx.o(.text)
    TIM1_UP_TIM10_IRQHandler                 0x0801a407   Thumb Code     0  startup_stm32f4xx.o(.text)
    TIM6_DAC_IRQHandler                      0x0801a407   Thumb Code     0  startup_stm32f4xx.o(.text)
    TIM7_IRQHandler                          0x0801a407   Thumb Code     0  startup_stm32f4xx.o(.text)
    TIM8_CC_IRQHandler                       0x0801a407   Thumb Code     0  startup_stm32f4xx.o(.text)
    TIM8_TRG_COM_TIM14_IRQHandler            0x0801a407   Thumb Code     0  startup_stm32f4xx.o(.text)
    TIM8_UP_TIM13_IRQHandler                 0x0801a407   Thumb Code     0  startup_stm32f4xx.o(.text)
    UART4_IRQHandler                         0x0801a407   Thumb Code     0  startup_stm32f4xx.o(.text)
    UART5_IRQHandler                         0x0801a407   Thumb Code     0  startup_stm32f4xx.o(.text)
    WWDG_IRQHandler                          0x0801a407   Thumb Code     0  startup_stm32f4xx.o(.text)
    disk_initialize                          0x0801a411   Thumb Code    44  diskio.o(.text)
    disk_status                              0x0801a43d   Thumb Code    12  diskio.o(.text)
    disk_read                                0x0801a449   Thumb Code    38  diskio.o(.text)
    disk_write                               0x0801a46f   Thumb Code    38  diskio.o(.text)
    get_fattime                              0x0801a495   Thumb Code     4  diskio.o(.text)
    disk_ioctl                               0x0801a499   Thumb Code    36  diskio.o(.text)
    clust2sect                               0x0801a62f   Thumb Code    24  ff.o(.text)
    get_fat                                  0x0801a647   Thumb Code   200  ff.o(.text)
    put_fat                                  0x0801a70f   Thumb Code   246  ff.o(.text)
    f_mount                                  0x0801b16b   Thumb Code    30  ff.o(.text)
    f_open                                   0x0801b189   Thumb Code   354  ff.o(.text)
    f_read                                   0x0801b2eb   Thumb Code   378  ff.o(.text)
    f_write                                  0x0801b465   Thumb Code   454  ff.o(.text)
    f_sync                                   0x0801b62b   Thumb Code   164  ff.o(.text)
    f_close                                  0x0801b6cf   Thumb Code    20  ff.o(.text)
    f_lseek                                  0x0801b6e3   Thumb Code   378  ff.o(.text)
    f_opendir                                0x0801b85d   Thumb Code    96  ff.o(.text)
    f_readdir                                0x0801b8bd   Thumb Code    82  ff.o(.text)
    f_stat                                   0x0801b90f   Thumb Code    58  ff.o(.text)
    f_getfree                                0x0801b949   Thumb Code   224  ff.o(.text)
    f_truncate                               0x0801ba29   Thumb Code   142  ff.o(.text)
    f_unlink                                 0x0801bab7   Thumb Code   164  ff.o(.text)
    f_mkdir                                  0x0801bb5b   Thumb Code   386  ff.o(.text)
    f_chmod                                  0x0801bcdd   Thumb Code    74  ff.o(.text)
    f_utime                                  0x0801bd27   Thumb Code    80  ff.o(.text)
    f_rename                                 0x0801bd77   Thumb Code   276  ff.o(.text)
    eMBInit                                  0x0801be8d   Thumb Code   108  mb.o(.text)
    eMBRegisterCB                            0x0801bef9   Thumb Code   100  mb.o(.text)
    eMBClose                                 0x0801bf5d   Thumb Code    28  mb.o(.text)
    eMBEnable                                0x0801bf79   Thumb Code    28  mb.o(.text)
    eMBDisable                               0x0801bf95   Thumb Code    34  mb.o(.text)
    eMBMasterPoll                            0x0801bfb7   Thumb Code   160  mb.o(.text)
    eMBDefinitionReadCoils                   0x0801c057   Thumb Code    46  mb.o(.text)
    eMBDefinitionWriteSingleCoil             0x0801c085   Thumb Code    58  mb.o(.text)
    eMBDefinitionReadInputRegister           0x0801c0bf   Thumb Code    54  mb.o(.text)
    eMBDefinitionWriteHoldingRegister        0x0801c0f5   Thumb Code    56  mb.o(.text)
    eMBDefinitionWriteMultipleHoldingRegister 0x0801c12d   Thumb Code   110  mb.o(.text)
    eMBDefinitionReadHoldingRegister         0x0801c19b   Thumb Code    54  mb.o(.text)
    eMBRegHoldingCB                          0x0801c1d1   Thumb Code    98  mb.o(.text)
    eMBRegCoilsCB                            0x0801c233   Thumb Code   334  mb.o(.text)
    eMBRegDiscreteCB                         0x0801c381   Thumb Code     4  mb.o(.text)
    eMBRegInputCB                            0x0801c385   Thumb Code    66  mb.o(.text)
    eMBFuncReadCoils                         0x0801c3fd   Thumb Code   162  mbfunccoils.o(.text)
    eMBFuncWriteCoil                         0x0801c49f   Thumb Code   148  mbfunccoils.o(.text)
    eMBFuncWriteMultipleCoils                0x0801c533   Thumb Code    78  mbfunccoils.o(.text)
    eMBFuncReadDiscreteInputs                0x0801c5c9   Thumb Code   120  mbfuncdisc.o(.text)
    eMBFuncWriteHoldingRegister              0x0801c641   Thumb Code    74  mbfuncholding.o(.text)
    eMBFuncWriteMultipleHoldingRegister      0x0801c68b   Thumb Code   136  mbfuncholding.o(.text)
    eMBFuncReadHoldingRegister               0x0801c713   Thumb Code   192  mbfuncholding.o(.text)
    eMBFuncReadWriteMultipleHoldingRegister  0x0801c7d3   Thumb Code   154  mbfuncholding.o(.text)
    eMBFuncReadInputRegister                 0x0801c86d   Thumb Code   102  mbfuncinput.o(.text)
    eMBSetSlaveID                            0x0801c8d9   Thumb Code    74  mbfuncother.o(.text)
    eMBFuncReportSlaveID                     0x0801c923   Thumb Code    26  mbfuncother.o(.text)
    xMBUtilSetBits                           0x0801c945   Thumb Code    42  mbutils.o(.text)
    xMBUtilGetBits                           0x0801c96f   Thumb Code    34  mbutils.o(.text)
    prveMBError2Exception                    0x0801c991   Thumb Code    28  mbutils.o(.text)
    usMBCRC16                                0x0801c9ad   Thumb Code    42  mbcrc.o(.text)
    eMBRTUInit                               0x0801c9dd   Thumb Code    62  mbrtu.o(.text)
    eMBRTUStart                              0x0801ca1b   Thumb Code    26  mbrtu.o(.text)
    eMBRTUStop                               0x0801ca35   Thumb Code    20  mbrtu.o(.text)
    eMBRTUReceive                            0x0801ca49   Thumb Code   108  mbrtu.o(.text)
    eMBRTUSend                               0x0801cab5   Thumb Code   140  mbrtu.o(.text)
    xMBRTUReceiveFSM                         0x0801cb41   Thumb Code   102  mbrtu.o(.text)
    xMBRTUTransmitFSM                        0x0801cba7   Thumb Code    84  mbrtu.o(.text)
    xMBRTUTimerT35Expired                    0x0801cbfb   Thumb Code    48  mbrtu.o(.text)
    xMBPortEventInit                         0x0801cc7d   Thumb Code    10  portevent.o(.text)
    xMBPortEventPost                         0x0801cc87   Thumb Code    12  portevent.o(.text)
    xMBPortEventGet                          0x0801cc93   Thumb Code    24  portevent.o(.text)
    vMBPortSerialEnable                      0x0801ccb1   Thumb Code    62  portserial.o(.text)
    xMBPortSerialInit                        0x0801ccef   Thumb Code   212  portserial.o(.text)
    xMBPortSerialPutByte                     0x0801cdc3   Thumb Code    14  portserial.o(.text)
    xMBPortSerialGetByte                     0x0801cdd1   Thumb Code    16  portserial.o(.text)
    xMBPortSerialClearByte                   0x0801cde1   Thumb Code     8  portserial.o(.text)
    USART6_IRQHandler                        0x0801cde9   Thumb Code    68  portserial.o(.text)
    xMBPortTimersInit                        0x0801ce39   Thumb Code   110  porttimer.o(.text)
    vMBPortTimersEnable                      0x0801cea7   Thumb Code    26  porttimer.o(.text)
    vMBPortTimersDisable                     0x0801cec1   Thumb Code    10  porttimer.o(.text)
    TIM2_IRQHandler                          0x0801cecb   Thumb Code    36  porttimer.o(.text)
    eMBSlaveInit                             0x0801cef5   Thumb Code    98  mbslave.o(.text)
    eMBSlaveRegisterCB                       0x0801cf57   Thumb Code   100  mbslave.o(.text)
    eMBSlaveClose                            0x0801cfbb   Thumb Code    28  mbslave.o(.text)
    eMBSlaveEnable                           0x0801cfd7   Thumb Code    28  mbslave.o(.text)
    eMBSlaveDisable                          0x0801cff3   Thumb Code    34  mbslave.o(.text)
    eMBSlavePoll                             0x0801d015   Thumb Code   166  mbslave.o(.text)
    eMBSlaveFuncReadCoils                    0x0801d0dd   Thumb Code   124  mbslavefunccoils.o(.text)
    eMBSlaveFuncWriteCoil                    0x0801d159   Thumb Code    90  mbslavefunccoils.o(.text)
    eMBSlaveFuncWriteMultipleCoils           0x0801d1b3   Thumb Code   100  mbslavefunccoils.o(.text)
    eMBSlaveFuncReadDiscreteInputs           0x0801d217   Thumb Code   120  mbslavefuncdisc.o(.text)
    eMBSlaveFuncWriteHoldingRegister         0x0801d28f   Thumb Code    50  mbslavefuncholding.o(.text)
    eMBSlaveFuncWriteMultipleHoldingRegister 0x0801d2c1   Thumb Code    82  mbslavefuncholding.o(.text)
    eMBSlaveFuncReadHoldingRegister          0x0801d313   Thumb Code    96  mbslavefuncholding.o(.text)
    eMBSlaveFuncReadWriteMultipleHoldingRegister 0x0801d373   Thumb Code   156  mbslavefuncholding.o(.text)
    eMBSlaveFuncReadInputRegister            0x0801d40f   Thumb Code   100  mbslavefuncinput.o(.text)
    eMBSlaveSetSlaveID                       0x0801d475   Thumb Code    74  mbslavefuncother.o(.text)
    eMBSlaveFuncReportSlaveID                0x0801d4bf   Thumb Code    26  mbslavefuncother.o(.text)
    xMBSlaveUtilSetBits                      0x0801d4e1   Thumb Code    42  mbslaveutils.o(.text)
    xMBSlaveUtilGetBits                      0x0801d50b   Thumb Code    34  mbslaveutils.o(.text)
    prveMBSlaveError2Exception               0x0801d52d   Thumb Code    28  mbslaveutils.o(.text)
    usMBSlaveCRC16                           0x0801d549   Thumb Code    42  mbslavecrc.o(.text)
    eMBSlaveRTUInit                          0x0801d579   Thumb Code    62  mbslavertu.o(.text)
    eMBSlaveRTUStart                         0x0801d5b7   Thumb Code    26  mbslavertu.o(.text)
    eMBSlaveRTUStop                          0x0801d5d1   Thumb Code    20  mbslavertu.o(.text)
    eMBSlaveRTUReceive                       0x0801d5e5   Thumb Code    64  mbslavertu.o(.text)
    eMBSlaveRTUSend                          0x0801d625   Thumb Code    80  mbslavertu.o(.text)
    xMBSlaveRTUReceiveFSM                    0x0801d675   Thumb Code   102  mbslavertu.o(.text)
    xMBSlaveRTUTransmitFSM                   0x0801d6db   Thumb Code    78  mbslavertu.o(.text)
    xMBSlaveRTUTimerT35Expired               0x0801d729   Thumb Code    48  mbslavertu.o(.text)
    xMBSlavePortEventInit                    0x0801d765   Thumb Code    10  porteventslave.o(.text)
    xMBSlavePortEventPost                    0x0801d76f   Thumb Code    12  porteventslave.o(.text)
    xMBSlavePortEventGet                     0x0801d77b   Thumb Code    24  porteventslave.o(.text)
    vMBSlavePortSerialEnable                 0x0801d799   Thumb Code    62  portserialslave.o(.text)
    xMBSlavePortSerialInit                   0x0801d7d7   Thumb Code   212  portserialslave.o(.text)
    xMBSlavePortSerialPutByte                0x0801d8ab   Thumb Code    14  portserialslave.o(.text)
    xMBSlavePortSerialGetByte                0x0801d8b9   Thumb Code    16  portserialslave.o(.text)
    USART2_IRQHandler                        0x0801d8c9   Thumb Code    68  portserialslave.o(.text)
    xMBSlavePortTimersInit                   0x0801d919   Thumb Code   108  porttimerslave.o(.text)
    vMBSlavePortTimersEnable                 0x0801d985   Thumb Code    24  porttimerslave.o(.text)
    vMBSlavePortTimersDisable                0x0801d99d   Thumb Code     8  porttimerslave.o(.text)
    TIM4_IRQHandler                          0x0801d9a5   Thumb Code    36  porttimerslave.o(.text)
    TM_ADC_InitADC                           0x0801d9d1   Thumb Code   122  tm_stm32f4_adc.o(.text)
    TM_ADC_INT_InitPin                       0x0801da4b   Thumb Code    44  tm_stm32f4_adc.o(.text)
    TM_ADC_INT_Channel_15_Init               0x0801da77   Thumb Code    36  tm_stm32f4_adc.o(.text)
    TM_ADC_INT_Channel_14_Init               0x0801da9b   Thumb Code    36  tm_stm32f4_adc.o(.text)
    TM_ADC_INT_Channel_13_Init               0x0801dabf   Thumb Code     8  tm_stm32f4_adc.o(.text)
    TM_ADC_INT_Channel_12_Init               0x0801dac7   Thumb Code     8  tm_stm32f4_adc.o(.text)
    TM_ADC_INT_Channel_11_Init               0x0801dacf   Thumb Code     8  tm_stm32f4_adc.o(.text)
    TM_ADC_INT_Channel_10_Init               0x0801dad7   Thumb Code     8  tm_stm32f4_adc.o(.text)
    TM_ADC_INT_Channel_9_Init                0x0801dadf   Thumb Code    36  tm_stm32f4_adc.o(.text)
    TM_ADC_INT_Channel_8_Init                0x0801db03   Thumb Code    36  tm_stm32f4_adc.o(.text)
    TM_ADC_INT_Channel_7_Init                0x0801db27   Thumb Code    36  tm_stm32f4_adc.o(.text)
    TM_ADC_INT_Channel_6_Init                0x0801db4b   Thumb Code    36  tm_stm32f4_adc.o(.text)
    TM_ADC_INT_Channel_5_Init                0x0801db6f   Thumb Code    36  tm_stm32f4_adc.o(.text)
    TM_ADC_INT_Channel_4_Init                0x0801db93   Thumb Code    36  tm_stm32f4_adc.o(.text)
    TM_ADC_INT_Channel_3_Init                0x0801dbb7   Thumb Code     8  tm_stm32f4_adc.o(.text)
    TM_ADC_INT_Channel_2_Init                0x0801dbbf   Thumb Code     8  tm_stm32f4_adc.o(.text)
    TM_ADC_INT_Channel_1_Init                0x0801dbc7   Thumb Code     8  tm_stm32f4_adc.o(.text)
    TM_ADC_INT_Channel_0_Init                0x0801dbcf   Thumb Code     8  tm_stm32f4_adc.o(.text)
    TM_ADC_Init                              0x0801dbd7   Thumb Code   204  tm_stm32f4_adc.o(.text)
    TM_ADC_Read                              0x0801dca3   Thumb Code    42  tm_stm32f4_adc.o(.text)
    TM_ADC_EnableVbat                        0x0801dccd   Thumb Code    16  tm_stm32f4_adc.o(.text)
    TM_ADC_DisableVbat                       0x0801dcdd   Thumb Code    16  tm_stm32f4_adc.o(.text)
    TM_ADC_ReadVbat                          0x0801dced   Thumb Code    58  tm_stm32f4_adc.o(.text)
    SysTick_Handler                          0x0801dd49   Thumb Code    34  tm_stm32f4_delay.o(.text)
    TM_DELAY_Init                            0x0801dd6b   Thumb Code    70  tm_stm32f4_delay.o(.text)
    TM_DELAY_EnableDelayTimer                0x0801ddb1   Thumb Code    22  tm_stm32f4_delay.o(.text)
    TM_DELAY_DisableDelayTimer               0x0801ddc7   Thumb Code    14  tm_stm32f4_delay.o(.text)
    TM_BKPSRAM_Init                          0x0801dde5   Thumb Code    46  tm_stm32f4_bkpsram.o(.text)
    __rt_ctype_table                         0x0801de1d   Thumb Code     4  ctype_o.o(.text)
    rand                                     0x0801de25   Thumb Code    20  rand.o(.text)
    srand                                    0x0801de39   Thumb Code     6  rand.o(.text)
    __aeabi_memcpy                           0x0801de49   Thumb Code    36  memcpya.o(.text)
    __aeabi_memcpy4                          0x0801de49   Thumb Code     0  memcpya.o(.text)
    __aeabi_memcpy8                          0x0801de49   Thumb Code     0  memcpya.o(.text)
    __aeabi_memset                           0x0801de6d   Thumb Code    14  memseta.o(.text)
    __aeabi_memset4                          0x0801de6d   Thumb Code     0  memseta.o(.text)
    __aeabi_memset8                          0x0801de6d   Thumb Code     0  memseta.o(.text)
    __aeabi_memclr                           0x0801de7b   Thumb Code     4  memseta.o(.text)
    __aeabi_memclr4                          0x0801de7b   Thumb Code     0  memseta.o(.text)
    __aeabi_memclr8                          0x0801de7b   Thumb Code     0  memseta.o(.text)
    _memset$wrapper                          0x0801de7f   Thumb Code    18  memseta.o(.text)
    strstr                                   0x0801de91   Thumb Code    36  strstr.o(.text)
    strlen                                   0x0801deb5   Thumb Code    14  strlen.o(.text)
    memcmp                                   0x0801dec3   Thumb Code    26  memcmp.o(.text)
    strtok                                   0x0801dedd   Thumb Code    62  strtok.o(.text)
    strcspn                                  0x0801df21   Thumb Code    34  strcspn.o(.text)
    atoi                                     0x0801df43   Thumb Code    26  atoi.o(.text)
    __aeabi_dadd                             0x0801df5d   Thumb Code   322  dadd.o(.text)
    __aeabi_dsub                             0x0801e09f   Thumb Code     6  dadd.o(.text)
    __aeabi_drsub                            0x0801e0a5   Thumb Code     6  dadd.o(.text)
    __aeabi_dmul                             0x0801e0ab   Thumb Code   228  dmul.o(.text)
    __aeabi_ddiv                             0x0801e18f   Thumb Code   222  ddiv.o(.text)
    __aeabi_ui2d                             0x0801e26d   Thumb Code    26  dfltui.o(.text)
    __aeabi_d2uiz                            0x0801e287   Thumb Code    50  dfixui.o(.text)
    __aeabi_f2d                              0x0801e2b9   Thumb Code    38  f2d.o(.text)
    __aeabi_cdrcmple                         0x0801e2e1   Thumb Code    38  cdrcmple.o(.text)
    __aeabi_d2f                              0x0801e309   Thumb Code    56  d2f.o(.text)
    __aeabi_uidiv                            0x0801e341   Thumb Code     0  uidiv.o(.text)
    __aeabi_uidivmod                         0x0801e341   Thumb Code    44  uidiv.o(.text)
    __aeabi_uldivmod                         0x0801e36d   Thumb Code    98  uldiv.o(.text)
    __aeabi_llsl                             0x0801e3cf   Thumb Code    30  llshl.o(.text)
    _ll_shift_l                              0x0801e3cf   Thumb Code     0  llshl.o(.text)
    __aeabi_llsr                             0x0801e3ed   Thumb Code    32  llushr.o(.text)
    _ll_ushift_r                             0x0801e3ed   Thumb Code     0  llushr.o(.text)
    __aeabi_lasr                             0x0801e40d   Thumb Code    36  llsshr.o(.text)
    _ll_sshift_r                             0x0801e40d   Thumb Code     0  llsshr.o(.text)
    strtol                                   0x0801e431   Thumb Code   112  strtol.o(.text)
    __I$use$fp                               0x0801e4a1   Thumb Code     0  iusefp.o(.text)
    _float_round                             0x0801e4a1   Thumb Code    18  fepilogue.o(.text)
    _float_epilogue                          0x0801e4b3   Thumb Code    90  fepilogue.o(.text)
    _double_round                            0x0801e50d   Thumb Code    26  depilogue.o(.text)
    _double_epilogue                         0x0801e527   Thumb Code   164  depilogue.o(.text)
    __aeabi_d2ulz                            0x0801e5cb   Thumb Code    48  dfixul.o(.text)
    __scatterload                            0x0801e5fd   Thumb Code    28  init.o(.text)
    __scatterload_rt2                        0x0801e5fd   Thumb Code     0  init.o(.text)
    _strtoul                                 0x0801e621   Thumb Code   158  _strtoul.o(.text)
    _chval                                   0x0801e6bf   Thumb Code    28  _chval.o(.text)
    __decompress                             0x0801e6db   Thumb Code     0  __dczerorl2.o(.text)
    __decompress1                            0x0801e6db   Thumb Code    92  __dczerorl2.o(.text)
    __0printf                                0x0801e739   Thumb Code    22  printfa.o(i.__0printf)
    __1printf                                0x0801e739   Thumb Code     0  printfa.o(i.__0printf)
    __2printf                                0x0801e739   Thumb Code     0  printfa.o(i.__0printf)
    __c89printf                              0x0801e739   Thumb Code     0  printfa.o(i.__0printf)
    printf                                   0x0801e739   Thumb Code     0  printfa.o(i.__0printf)
    __0sprintf                               0x0801e759   Thumb Code    34  printfa.o(i.__0sprintf)
    __1sprintf                               0x0801e759   Thumb Code     0  printfa.o(i.__0sprintf)
    __2sprintf                               0x0801e759   Thumb Code     0  printfa.o(i.__0sprintf)
    __c89sprintf                             0x0801e759   Thumb Code     0  printfa.o(i.__0sprintf)
    sprintf                                  0x0801e759   Thumb Code     0  printfa.o(i.__0sprintf)
    __0vsprintf                              0x0801e781   Thumb Code    30  printfa.o(i.__0vsprintf)
    __1vsprintf                              0x0801e781   Thumb Code     0  printfa.o(i.__0vsprintf)
    __2vsprintf                              0x0801e781   Thumb Code     0  printfa.o(i.__0vsprintf)
    __c89vsprintf                            0x0801e781   Thumb Code     0  printfa.o(i.__0vsprintf)
    vsprintf                                 0x0801e781   Thumb Code     0  printfa.o(i.__0vsprintf)
    __aeabi_errno_addr                       0x0801e7a5   Thumb Code     4  errno.o(i.__aeabi_errno_addr)
    __rt_errno_addr                          0x0801e7a5   Thumb Code     0  errno.o(i.__aeabi_errno_addr)
    __scatterload_copy                       0x0801e7ad   Thumb Code    14  handlers.o(i.__scatterload_copy)
    __scatterload_null                       0x0801e7bb   Thumb Code     2  handlers.o(i.__scatterload_null)
    __scatterload_zeroinit                   0x0801e7bd   Thumb Code    14  handlers.o(i.__scatterload_zeroinit)
    DOUTn_PIN                                0x0801f078   Data           8  main.o(.constdata)
    firmware_version                         0x0801f080   Data          12  main.o(.constdata)
    DINn_PORT                                0x0801f08c   Data          48  main.o(.constdata)
    DINn_PIN                                 0x0801f0bc   Data          24  main.o(.constdata)
    DOUTn_PORT                               0x0801f0d4   Data          16  main.o(.constdata)
    BUTTON_PORT_SOURCE                       0x08020024   Data           1  stm32f4_discovery.o(.constdata)
    BUTTON_PIN_SOURCE                        0x08020025   Data           1  stm32f4_discovery.o(.constdata)
    BUTTON_IRQn                              0x08020026   Data           1  stm32f4_discovery.o(.constdata)
    BUTTON_PIN                               0x08020028   Data           2  stm32f4_discovery.o(.constdata)
    BUTTON_EXTI_LINE                         0x0802002a   Data           2  stm32f4_discovery.o(.constdata)
    BUTTON_CLK                               0x0802002c   Data           4  stm32f4_discovery.o(.constdata)
    GPIO_PIN                                 0x08020030   Data           8  stm32f4_discovery.o(.constdata)
    GPIO_CLK                                 0x08020038   Data          16  stm32f4_discovery.o(.constdata)
    COM_USART_CLK                            0x08020048   Data          24  stm32f4_discovery.o(.constdata)
    COM_TX_PORT_CLK                          0x08020060   Data          24  stm32f4_discovery.o(.constdata)
    COM_RX_PORT_CLK                          0x08020078   Data          24  stm32f4_discovery.o(.constdata)
    COM_TX_PIN                               0x08020090   Data          12  stm32f4_discovery.o(.constdata)
    COM_RX_PIN                               0x0802009c   Data          12  stm32f4_discovery.o(.constdata)
    COM_TX_PIN_SOURCE                        0x080200a8   Data          12  stm32f4_discovery.o(.constdata)
    COM_RX_PIN_SOURCE                        0x080200b4   Data          12  stm32f4_discovery.o(.constdata)
    COM_TX_AF                                0x080200c0   Data          12  stm32f4_discovery.o(.constdata)
    COM_RX_AF                                0x080200cc   Data          12  stm32f4_discovery.o(.constdata)
    CONF_CNFG_420SENSORn                     0x080200d8   Data           6  int_stm32f4_protocolcomm.o(.constdata)
    CONF_CNFG_ADCSENSORn                     0x080200de   Data           2  int_stm32f4_protocolcomm.o(.constdata)
    CONF_CNFG_420SENsALn                     0x080200e0   Data           6  int_stm32f4_protocolcomm.o(.constdata)
    CONF_CNFG_ADCSENsALn                     0x080200e6   Data           2  int_stm32f4_protocolcomm.o(.constdata)
    CONF_CNFG_DINn                           0x080200e8   Data          12  int_stm32f4_protocolcomm.o(.constdata)
    RCLICK_PORT_CSn                          0x080201f8   Data          24  int_stm32f4_420rclick.o(.constdata)
    RCLICK_PIN_CSn                           0x08020210   Data          12  int_stm32f4_420rclick.o(.constdata)
    SEN420CONF_BASEADDR                      0x08020304   Data          24  int_stm32f4_configsd.o(.constdata)
    SENADCCONF_BASEADDR                      0x0802031c   Data           8  int_stm32f4_configsd.o(.constdata)
    DIGItIN_BASEADDR                         0x08020324   Data          48  int_stm32f4_configsd.o(.constdata)
    SEN420ALARMn_BASEADDR                    0x08020354   Data          24  int_stm32f4_configsd.o(.constdata)
    SENADCALARMn_BASEADDR                    0x0802036c   Data           8  int_stm32f4_configsd.o(.constdata)
    SEN420CHnCAL_BASEADDR                    0x08020374   Data          24  int_stm32f4_configsd.o(.constdata)
    _Private_Key                             0x0802041c   Data          16  int_stm32f4_aes128.o(.constdata)
    sbox                                     0x0802042c   Data         256  int_stm32f4_aes128.o(.constdata)
    rsbox                                    0x0802052c   Data         256  int_stm32f4_aes128.o(.constdata)
    Rcon                                     0x0802062c   Data          11  int_stm32f4_aes128.o(.constdata)
    __ctype_table                            0x08020a37   Data         129  ctype_o.o(.constdata)
    Region$$Table$$Base                      0x08020abc   Number         0  anon$$obj.o(Region$$Table)
    Region$$Table$$Limit                     0x08020adc   Number         0  anon$$obj.o(Region$$Table)
    flag_HaveDataLog                         0x20000000   Data           1  main.o(.data)
    flag_HaveConfigLog                       0x20000001   Data           1  main.o(.data)
    flag_HaveEventLog                        0x20000002   Data           1  main.o(.data)
    flag_isSDInstall                         0x20000003   Data           1  main.o(.data)
    struct_ConfigOperating                   0x20000004   Data           2  main.o(.data)
    Queue_PacketHTTPToGSM                    0x20000008   Data           4  main.o(.data)
    Queue_PacketToGSM                        0x2000000c   Data           4  main.o(.data)
    Queue_PacketFromGSM                      0x20000010   Data           4  main.o(.data)
    Queue_CMDToGSM                           0x20000014   Data           4  main.o(.data)
    Queue_DataToSD                           0x20000018   Data           4  main.o(.data)
    Queue_DataFromSD                         0x2000001c   Data           4  main.o(.data)
    Queue_DataLogToSD                        0x20000020   Data           4  main.o(.data)
    Queue_DataLogFromSD                      0x20000024   Data           4  main.o(.data)
    Queue_EventLogToSD                       0x20000028   Data           4  main.o(.data)
    Queue_EventLogFromSD                     0x2000002c   Data           4  main.o(.data)
    Queue_ConfigLogToSD                      0x20000030   Data           4  main.o(.data)
    Queue_ConfigLogFromSD                    0x20000034   Data           4  main.o(.data)
    Queue_DebugToSD                          0x20000038   Data           4  main.o(.data)
    Queue_CopyFromSD                         0x2000003c   Data           4  main.o(.data)
    Queue_SDTaskWDG                          0x20000040   Data           4  main.o(.data)
    Queue_CtrlValve                          0x20000044   Data           4  main.o(.data)
    Queue_CtrlValveMB                        0x20000048   Data           4  main.o(.data)
    _ms_counter                              0x2000004c   Data           4  main.o(.data)
    _us_counter                              0x20000050   Data           4  main.o(.data)
    struct_ConfigPulseADJ                    0x20000054   Data           4  main.o(.data)
    struct_ConfigPulseSensor                 0x20000058   Data           6  main.o(.data)
    struct_ConfigMODBUSSensor                0x2000005e   Data           7  main.o(.data)
    struct_ConfigValve                       0x20000065   Data           7  main.o(.data)
    _BatteryRemain                           0x2000006c   Data           4  main.o(.data)
    flag_HaveMemEvent                        0x20000070   Data           1  main.o(.data)
    _Communication_Status                    0x20000071   Data           1  main.o(.data)
    _OperatingMode                           0x20000072   Data           1  main.o(.data)
    _BatteryStatus                           0x20000073   Data           1  main.o(.data)
    _BatteryStat_old                         0x20000074   Data           1  main.o(.data)
    _MemoryStatus                            0x20000075   Data           1  main.o(.data)
    _ConfigCmdACK                            0x20000076   Data           1  main.o(.data)
    _ConfigCmdFID                            0x20000077   Data           1  main.o(.data)
    _index_pulseData                         0x20000078   Data           1  main.o(.data)
    _PulseData_Counter                       0x20000079   Data           1  main.o(.data)
    _LED_SAMP_ON                             0x2000007a   Data           1  main.o(.data)
    _LED_SENT_ON                             0x2000007b   Data           1  main.o(.data)
    _LED_SD_ON                               0x2000007c   Data           1  main.o(.data)
    _LED_ERR_ON                              0x2000007d   Data           1  main.o(.data)
    rx_wr_index3                             0x2000007e   Data           2  main.o(.data)
    rx_rd_index3                             0x20000080   Data           2  main.o(.data)
    rx_counter3                              0x20000082   Data           2  main.o(.data)
    _GSMCounter                              0x20000084   Data           4  main.o(.data)
    _Transmit_Period                         0x20000088   Data           4  main.o(.data)
    _SDWDGCounter                            0x2000008c   Data           4  main.o(.data)
    flag_GSMReady                            0x20000090   Data           1  main.o(.data)
    SystemCoreClock                          0x20000094   Data           4  system_stm32f4xx.o(.data)
    AHBPrescTable                            0x20000098   Data          16  system_stm32f4xx.o(.data)
    tmpCC4                                   0x200000a8   Data           4  stm32f4xx_it.o(.data)
    _heartbeatCounter                        0x200000ac   Data           1  manager_task.o(.data)
    _SendJoinCounter                         0x200000ad   Data           1  manager_task.o(.data)
    _JoinPendingTimeout                      0x200000b4   Data           4  manager_task.o(.data)
    _din_status                              0x200000c4   Data          12  manager_task.o(.data)
    _SendRegisCounter                        0x200000e8   Data           1  manager_task.o(.data)
    _RegisPendingTimeout                     0x200000ec   Data           4  manager_task.o(.data)
    ucGSM_RSSI                               0x200000f0   Data           1  gsm_task.o(.data)
    flag_1sec_sensTask                       0x200000f4   Data           1  sensors_task.o(.data)
    _DataStatus_MBFlow                       0x200000f5   Data           1  sensors_task.o(.data)
    _DataStatus_PULSEFlow                    0x200000f6   Data           1  sensors_task.o(.data)
    _DataStatus_ADC                          0x200000ff   Data           2  sensors_task.o(.data)
    _adc420mA_inputVal                       0x20000102   Data           2  sensors_task.o(.data)
    _PulseCounter                            0x2000010c   Data           4  sensors_task.o(.data)
    _PulsePeriod                             0x20000110   Data           4  sensors_task.o(.data)
    _ValveStatus                             0x20000114   Data           4  sensors_task.o(.data)
    _Valve_mA                                0x20000118   Data           4  sensors_task.o(.data)
    _SensorStatus_420mA                      0x2000012c   Data           6  sensors_task.o(.data)
    _DataStatus_420mA                        0x20000132   Data           6  sensors_task.o(.data)
    _DINStatus                               0x20000168   Data          12  sensors_task.o(.data)
    MBValve_connectstatus                    0x20000180   Data           1  modbus_task.o(.data)
    MBFlow_connectstatus                     0x20000181   Data           1  modbus_task.o(.data)
    flag_1sec_DataTask                       0x20000184   Data           1  data_task.o(.data)
    BUTTON_PORT                              0x2000018c   Data           4  stm32f4_discovery.o(.data)
    GPIO_PORT                                0x20000190   Data          16  stm32f4_discovery.o(.data)
    COM_USART                                0x200001a0   Data          24  stm32f4_discovery.o(.data)
    COM_TX_PORT                              0x200001b8   Data          24  stm32f4_discovery.o(.data)
    COM_RX_PORT                              0x200001d0   Data          24  stm32f4_discovery.o(.data)
    TransferError                            0x200001e8   Data           1  stm32f4_discovery_sdio_sd.o(.data)
    StopCondition                            0x200001f4   Data           4  stm32f4_discovery_sdio_sd.o(.data)
    TransferEnd                              0x200001f8   Data           4  stm32f4_discovery_sdio_sd.o(.data)
    DMAEndOfTransfer                         0x200001fc   Data           4  stm32f4_discovery_sdio_sd.o(.data)
    pFilesystem                              0x20000210   Data           4  stm32f4_sdcard.o(.data)
    _buzzer_2hz                              0x20000214   Data           1  int_stm32f4_timer.o(.data)
    capture                                  0x20000216   Data           2  int_stm32f4_timer.o(.data)
    tim12_CCR1_Val                           0x20000218   Data           2  int_stm32f4_timer.o(.data)
    tim3_CCR1_Val                            0x2000021a   Data           2  int_stm32f4_timer.o(.data)
    tim3_CCR2_Val                            0x2000021c   Data           2  int_stm32f4_timer.o(.data)
    tim3_CCR3_Val                            0x2000021e   Data           2  int_stm32f4_timer.o(.data)
    baseCounter                              0x20000224   Data           4  int_stm32f4_timer.o(.data)
    _ms_counter_pulse                        0x20000228   Data           4  int_stm32f4_timer.o(.data)
    IN420MA_CH                               0x2000022c   Data           6  int_stm32f4_protocolcomm.o(.data)
    _DataLog_WaitID                          0x20000232   Data           1  int_stm32f4_protocolcomm.o(.data)
    _EventLog_WaitID                         0x20000233   Data           1  int_stm32f4_protocolcomm.o(.data)
    _ConfigLog_WaitID                        0x20000234   Data           1  int_stm32f4_protocolcomm.o(.data)
    _PENDING_ID                              0x20000235   Data           8  int_stm32f4_protocolcomm.o(.data)
    _ADC_TClick                              0x20000240   Data           4  int_stm32f4_420rclick.o(.data)
    _Queue_counter                           0x20000244   Data           1  int_stm32f4_packetqueue.o(.data)
    dataStatQ_count                          0x20000245   Data           1  int_stm32f4_dataqueue.o(.data)
    write_dataStatQ                          0x20000246   Data           1  int_stm32f4_dataqueue.o(.data)
    read_dataStatQ                           0x20000247   Data           1  int_stm32f4_dataqueue.o(.data)
    eventQ_count                             0x20000248   Data           1  int_stm32f4_dataqueue.o(.data)
    write_eventQ                             0x20000249   Data           1  int_stm32f4_dataqueue.o(.data)
    read_eventQ                              0x2000024a   Data           1  int_stm32f4_dataqueue.o(.data)
    configQ_count                            0x2000024b   Data           1  int_stm32f4_dataqueue.o(.data)
    write_configQ                            0x2000024c   Data           1  int_stm32f4_dataqueue.o(.data)
    read_configQ                             0x2000024d   Data           1  int_stm32f4_dataqueue.o(.data)
    flag_dataLogOverflow                     0x2000024e   Data           1  int_stm32f4_log.o(.data)
    flag_eventLogOverflow                    0x2000024f   Data           1  int_stm32f4_log.o(.data)
    flag_configLogOverflow                   0x20000250   Data           1  int_stm32f4_log.o(.data)
    xSemaphore                               0x20000254   Data           4  int_stm32f4_debug.o(.data)
    flag_isConfPropUpdate                    0x20000258   Data           1  int_stm32f4_protocolhandle.o(.data)
    flag_isConfOperUpdate                    0x20000259   Data           1  int_stm32f4_protocolhandle.o(.data)
    flag_isConfBuzzUpdate                    0x2000025a   Data           1  int_stm32f4_protocolhandle.o(.data)
    flag_isConfWorkUpdate                    0x2000025b   Data           1  int_stm32f4_protocolhandle.o(.data)
    flag_isConfNetwUpdate                    0x2000025c   Data           1  int_stm32f4_protocolhandle.o(.data)
    flag_isConfMODBUSSensUpdate              0x2000025d   Data           1  int_stm32f4_protocolhandle.o(.data)
    flag_isConfPulsSensUpdate                0x2000025e   Data           1  int_stm32f4_protocolhandle.o(.data)
    flag_isConfMODBUSAlamUpdate              0x2000025f   Data           1  int_stm32f4_protocolhandle.o(.data)
    flag_isConfPulsAlamUpdate                0x20000260   Data           1  int_stm32f4_protocolhandle.o(.data)
    flag_isConfValveUpdate                   0x20000261   Data           1  int_stm32f4_protocolhandle.o(.data)
    flag_isConfADCSensUpdate                 0x20000262   Data           2  int_stm32f4_protocolhandle.o(.data)
    flag_isConfADCAlamUpdate                 0x20000264   Data           2  int_stm32f4_protocolhandle.o(.data)
    flag_isConf420SensUpdate                 0x20000266   Data           6  int_stm32f4_protocolhandle.o(.data)
    flag_isConf420AlamUpdate                 0x2000026c   Data           6  int_stm32f4_protocolhandle.o(.data)
    DOUTn_BASEADDR                           0x20000274   Data          16  int_stm32f4_protocolhandle.o(.data)
    rx_wr_index1                             0x20000284   Data           2  int_stm32f4_usart.o(.data)
    rx_rd_index1                             0x20000286   Data           2  int_stm32f4_usart.o(.data)
    rx_counter1                              0x20000288   Data           2  int_stm32f4_usart.o(.data)
    LsiFreq                                  0x2000028c   Data           4  int_stm32f4_watchdog.o(.data)
    _CaptureNumber                           0x20000290   Data           4  int_stm32f4_watchdog.o(.data)
    _PeriodValue                             0x20000294   Data           4  int_stm32f4_watchdog.o(.data)
    GSM_Delay_Start                          0x20000298   Data           4  int_stm32f4_gsm.o(.data)
    _OneWire_LastDiscrepancy                 0x2000029c   Data           1  int_stm32f4_onewire.o(.data)
    _OneWire_LastFamilyDiscrepancy           0x2000029d   Data           1  int_stm32f4_onewire.o(.data)
    _OneWire_LastDeviceFlag                  0x2000029e   Data           1  int_stm32f4_onewire.o(.data)
    OneWire_GPIO_InitDef                     0x200002a0   Data           8  int_stm32f4_onewire.o(.data)
    _OneWire_ROM_NO                          0x200002a8   Data           8  int_stm32f4_onewire.o(.data)
    pxCurrentTCB                             0x200002b0   Data           4  tasks.o(.data)
    usRegMasterHoldingStart                  0x20000314   Data           2  mb.o(.data)
    usRegMasterCoilsStart                    0x20000316   Data           2  mb.o(.data)
    usRegMasterInputStart                    0x20000318   Data           2  mb.o(.data)
    pxMBFrameCBByteReceived                  0x20000334   Data           4  mb.o(.data)
    pxMBFrameCBTransmitterEmpty              0x20000338   Data           4  mb.o(.data)
    pxMBPortCBTimerExpired                   0x2000033c   Data           4  mb.o(.data)
    DebugLv                                  0x200003c4   Data           1  mbrtu.o(.data)
    pxMBSlaveFrameCBByteReceived             0x200003f4   Data           4  mbslave.o(.data)
    pxMBSlaveFrameCBTransmitterEmpty         0x200003f8   Data           4  mbslave.o(.data)
    pxMBSlavePortCBTimerExpired              0x200003fc   Data           4  mbslave.o(.data)
    vbatEnabled                              0x20000492   Data           1  tm_stm32f4_adc.o(.data)
    TM_DELAY_Initialized                     0x20000494   Data           1  tm_stm32f4_delay.o(.data)
    TM_Time                                  0x20000498   Data           4  tm_stm32f4_delay.o(.data)
    TM_Time2                                 0x2000049c   Data           4  tm_stm32f4_delay.o(.data)
    mult                                     0x200004a0   Data           4  tm_stm32f4_delay.o(.data)
    __stdout                                 0x200004ac   Data           4  stdout.o(.data)
    RCC_Clocks                               0x200004b4   Data          16  main.o(.bss)
    struct_info                              0x200004c4   Data          97  main.o(.bss)
    struct_Status                            0x20000525   Data           9  main.o(.bss)
    struct_DevConfig                         0x2000052e   Data          11  main.o(.bss)
    struct_ConfigProperties                  0x20000539   Data         161  main.o(.bss)
    struct_ConfigBuzzer                      0x200005da   Data          27  main.o(.bss)
    struct_ConfigWorking                     0x200005f5   Data          17  main.o(.bss)
    struct_ConfigNetwork                     0x20000606   Data         104  main.o(.bss)
    struct_Config420Sensor                   0x2000066e   Data         414  main.o(.bss)
    struct_ConfigADCSensor                   0x2000080c   Data         138  main.o(.bss)
    struct_ConfigDIN                         0x20000896   Data          48  main.o(.bss)
    struct_Config420SensorAlarm              0x200008c6   Data         126  main.o(.bss)
    struct_ConfigADCSensorAlarm              0x20000944   Data          42  main.o(.bss)
    struct_ConfigMODBUSSensorAlarm           0x2000096e   Data          21  main.o(.bss)
    struct_ConfigPulseSensorAlarm            0x20000983   Data          21  main.o(.bss)
    struct_Config420Cal                      0x20000998   Data          78  main.o(.bss)
    struct_Config420ValveInCal               0x200009e6   Data          13  main.o(.bss)
    struct_Config420ValveOutCal              0x200009f3   Data          13  main.o(.bss)
    _Sensor_Data                             0x20000a00   Data          52  main.o(.bss)
    _adc420mA_sensor                         0x20000a70   Data          12  sensors_task.o(.bss)
    _val420mA_sensor                         0x20000a7c   Data          24  sensors_task.o(.bss)
    SDCardInfo                               0x20000b7c   Data          80  stm32f4_discovery_sdio_sd.o(.bss)
    SDIO_InitStructure                       0x20000bcc   Data          24  stm32f4_discovery_sdio_sd.o(.bss)
    SDIO_CmdInitStructure                    0x20000be4   Data          20  stm32f4_discovery_sdio_sd.o(.bss)
    SDIO_DataInitStructure                   0x20000bf8   Data          24  stm32f4_discovery_sdio_sd.o(.bss)
    filesystem                               0x20000c10   Data         560  stm32f4_sdcard.o(.bss)
    ADCValue                                 0x20000e40   Data          20  int_stm32f4_adc.o(.bss)
    packet_Queue                             0x20000e54   Data        3180  int_stm32f4_packetqueue.o(.bss)
    dataStat_Queue                           0x20001ac0   Data        2220  int_stm32f4_dataqueue.o(.bss)
    event_Queue                              0x2000236c   Data          60  int_stm32f4_dataqueue.o(.bss)
    config_Queue                             0x200023a8   Data         860  int_stm32f4_dataqueue.o(.bss)
    flag_isConfDINUpdate                     0x20002704   Data          12  int_stm32f4_protocolhandle.o(.bss)
    rx_buffer1                               0x20002710   Data         256  int_stm32f4_usart.o(.bss)
    rx_buffer3                               0x20002810   Data         600  int_stm32f4_usart.o(.bss)
    usRegMasterHoldingBuf                    0x2001e330   Data        3072  mb.o(.bss)
    xRegMasterCoils                          0x2001ef30   Data          32  mb.o(.bss)
    usRegMasterInputBuf                      0x2001ef50   Data         128  mb.o(.bss)
    ucRTUBuf                                 0x2001f0ef   Data         256  mbrtu.o(.bss)
    ucRTUSlaveBuf                            0x2001f20f   Data         256  mbslavertu.o(.bss)
    __initial_sp                             0x2001f710   Data           0  startup_stm32f4xx.o(STACK)



==============================================================================

Memory Map of the image

  Image Entry point : 0x08000189

  Load Region LR_IROM1 (Base: 0x08000000, Size: 0x00020f90, Max: 0x00100000, ABSOLUTE, COMPRESSED[0x00020bdc])

    Execution Region ER_IROM1 (Base: 0x08000000, Size: 0x00020adc, Max: 0x00100000, ABSOLUTE)

    Base Addr    Size         Type   Attr      Idx    E Section Name        Object

    0x08000000   0x00000188   Data   RO         1884    RESET               startup_stm32f4xx.o
    0x08000188   0x00000000   Code   RO         2572  * .ARM.Collect$$$$00000000  mc_w.l(entry.o)
    0x08000188   0x00000004   Code   RO         2909    .ARM.Collect$$$$00000001  mc_w.l(entry2.o)
    0x0800018c   0x00000004   Code   RO         2912    .ARM.Collect$$$$00000004  mc_w.l(entry5.o)
    0x08000190   0x00000000   Code   RO         2914    .ARM.Collect$$$$00000008  mc_w.l(entry7b.o)
    0x08000190   0x00000000   Code   RO         2916    .ARM.Collect$$$$0000000A  mc_w.l(entry8b.o)
    0x08000190   0x00000008   Code   RO         2917    .ARM.Collect$$$$0000000B  mc_w.l(entry9a.o)
    0x08000198   0x00000000   Code   RO         2919    .ARM.Collect$$$$0000000D  mc_w.l(entry10a.o)
    0x08000198   0x00000000   Code   RO         2921    .ARM.Collect$$$$0000000F  mc_w.l(entry11a.o)
    0x08000198   0x00000004   Code   RO         2910    .ARM.Collect$$$$00002712  mc_w.l(entry2.o)
    0x0800019c   0x000000c2   Code   RO         1864    .emb_text           port.o
    0x0800025e   0x00000002   PAD
    0x08000260   0x00004e38   Code   RO            2    .text               main.o
    0x08005098   0x00000190   Code   RO          322    .text               system_stm32f4xx.o
    0x08005228   0x000001e4   Code   RO          441    .text               stm32f4xx_it.o
    0x0800540c   0x00001c30   Code   RO          557    .text               manager_task.o
    0x0800703c   0x00000360   Code   RO          606    .text               gsm_task.o
    0x0800739c   0x00001e18   Code   RO          664    .text               sensors_task.o
    0x080091b4   0x000006e4   Code   RO          696    .text               log_task.o
    0x08009898   0x00000830   Code   RO          737    .text               modbus_task.o
    0x0800a0c8   0x00001fd4   Code   RO          781    .text               sd_task.o
    0x0800c09c   0x00000d24   Code   RO          808    .text               data_task.o
    0x0800cdc0   0x00000444   Code   RO          867    .text               stm32f4_discovery.o
    0x0800d204   0x000014a0   Code   RO          888    .text               stm32f4_discovery_sdio_sd.o
    0x0800e6a4   0x000003b4   Code   RO          908    .text               stm32f4xx_usart.o
    0x0800ea58   0x000000bc   Code   RO          924    .text               misc.o
    0x0800eb14   0x000003ac   Code   RO          940    .text               stm32f4xx_adc.o
    0x0800eec0   0x00000348   Code   RO          956    .text               stm32f4xx_dma.o
    0x0800f208   0x000000ec   Code   RO          972    .text               stm32f4xx_exti.o
    0x0800f2f4   0x00000224   Code   RO         1004    .text               stm32f4xx_gpio.o
    0x0800f518   0x00000434   Code   RO         1020    .text               stm32f4xx_rcc.o
    0x0800f94c   0x000001c4   Code   RO         1038    .text               stm32f4xx_sdio.o
    0x0800fb10   0x0000006c   Code   RO         1054    .text               stm32f4xx_syscfg.o
    0x0800fb7c   0x00000b10   Code   RO         1070    .text               stm32f4xx_rtc.o
    0x0801068c   0x000000d8   Code   RO         1086    .text               stm32f4xx_pwr.o
    0x08010764   0x00000ac2   Code   RO         1102    .text               stm32f4xx_tim.o
    0x08011226   0x00000002   PAD
    0x08011228   0x00000334   Code   RO         1118    .text               stm32f4xx_spi.o
    0x0801155c   0x0000003c   Code   RO         1134    .text               stm32f4xx_iwdg.o
    0x08011598   0x000003b4   Code   RO         1150    .text               stm32f4xx_i2c.o
    0x0801194c   0x000000b8   Code   RO         1166    .text               stm32f4_sdcard.o
    0x08011a04   0x000002d0   Code   RO         1186    .text               int_stm32f4_timer.o
    0x08011cd4   0x000002b0   Code   RO         1210    .text               int_stm32f4_rtc.o
    0x08011f84   0x000001dc   Code   RO         1251    .text               int_stm32f4_protocolparser.o
    0x08012160   0x000017cc   Code   RO         1276    .text               int_stm32f4_protocolcomm.o
    0x0801392c   0x000003a4   Code   RO         1315    .text               int_stm32f4_420rclick.o
    0x08013cd0   0x0000067c   Code   RO         1338    .text               int_stm32f4_packetqueue.o
    0x0801434c   0x00000008   Code   RO         1369    .text               int_stm32f4_configsd.o
    0x08014354   0x0000027c   Code   RO         1392    .text               int_stm32f4_dataqueue.o
    0x080145d0   0x00000b74   Code   RO         1409    .text               int_stm32f4_log.o
    0x08015144   0x000001e4   Code   RO         1433    .text               int_stm32f4_debug.o
    0x08015328   0x00001558   Code   RO         1462    .text               int_stm32f4_protocolhandle.o
    0x08016880   0x00000260   Code   RO         1484    .text               int_stm32f4_usart.o
    0x08016ae0   0x000000fc   Code   RO         1508    .text               int_stm32f4_watchdog.o
    0x08016bdc   0x00001250   Code   RO         1530    .text               int_stm32f4_gsm.o
    0x08017e2c   0x000009ae   Code   RO         1550    .text               int_stm32f4_aes128.o
    0x080187da   0x00000002   PAD
    0x080187dc   0x000000a0   Code   RO         1614    .text               int_stm32f4_flowmb.o
    0x0801887c   0x00000328   Code   RO         1653    .text               int_stm32f4_valvemb.o
    0x08018ba4   0x00000358   Code   RO         1676    .text               int_stm32f4_onewire.o
    0x08018efc   0x00000442   Code   RO         1695    .text               int_stm32f4_24lc512.o
    0x0801933e   0x00000088   Code   RO         1773    .text               list.o
    0x080193c6   0x00000554   Code   RO         1791    .text               queue.o
    0x0801991a   0x00000002   PAD
    0x0801991c   0x000008f0   Code   RO         1806    .text               tasks.o
    0x0801a20c   0x00000108   Code   RO         1849    .text               heap_2.o
    0x0801a314   0x000000d8   Code   RO         1865    .text               port.o
    0x0801a3ec   0x00000024   Code   RO         1885    .text               startup_stm32f4xx.o
    0x0801a410   0x000000b0   Code   RO         1890    .text               diskio.o
    0x0801a4c0   0x000019ca   Code   RO         1908    .text               ff.o
    0x0801be8a   0x00000002   PAD
    0x0801be8c   0x00000570   Code   RO         1923    .text               mb.o
    0x0801c3fc   0x000001cc   Code   RO         1964    .text               mbfunccoils.o
    0x0801c5c8   0x00000078   Code   RO         1983    .text               mbfuncdisc.o
    0x0801c640   0x0000022c   Code   RO         1999    .text               mbfuncholding.o
    0x0801c86c   0x0000006c   Code   RO         2015    .text               mbfuncinput.o
    0x0801c8d8   0x0000006c   Code   RO         2032    .text               mbfuncother.o
    0x0801c944   0x00000068   Code   RO         2051    .text               mbutils.o
    0x0801c9ac   0x00000030   Code   RO         2067    .text               mbcrc.o
    0x0801c9dc   0x000002a0   Code   RO         2085    .text               mbrtu.o
    0x0801cc7c   0x00000034   Code   RO         2121    .text               portevent.o
    0x0801ccb0   0x00000188   Code   RO         2139    .text               portserial.o
    0x0801ce38   0x000000bc   Code   RO         2155    .text               porttimer.o
    0x0801cef4   0x000001e8   Code   RO         2175    .text               mbslave.o
    0x0801d0dc   0x0000013a   Code   RO         2217    .text               mbslavefunccoils.o
    0x0801d216   0x00000078   Code   RO         2236    .text               mbslavefuncdisc.o
    0x0801d28e   0x00000180   Code   RO         2252    .text               mbslavefuncholding.o
    0x0801d40e   0x00000064   Code   RO         2268    .text               mbslavefuncinput.o
    0x0801d472   0x00000002   PAD
    0x0801d474   0x0000006c   Code   RO         2284    .text               mbslavefuncother.o
    0x0801d4e0   0x00000068   Code   RO         2303    .text               mbslaveutils.o
    0x0801d548   0x00000030   Code   RO         2319    .text               mbslavecrc.o
    0x0801d578   0x000001ec   Code   RO         2337    .text               mbslavertu.o
    0x0801d764   0x00000034   Code   RO         2360    .text               porteventslave.o
    0x0801d798   0x00000180   Code   RO         2378    .text               portserialslave.o
    0x0801d918   0x000000b8   Code   RO         2394    .text               porttimerslave.o
    0x0801d9d0   0x00000378   Code   RO         2410    .text               tm_stm32f4_adc.o
    0x0801dd48   0x0000009c   Code   RO         2499    .text               tm_stm32f4_delay.o
    0x0801dde4   0x00000038   Code   RO         2548    .text               tm_stm32f4_bkpsram.o
    0x0801de1c   0x00000008   Code   RO         2575    .text               mc_w.l(ctype_o.o)
    0x0801de24   0x00000024   Code   RO         2603    .text               mc_w.l(rand.o)
    0x0801de48   0x00000024   Code   RO         2606    .text               mc_w.l(memcpya.o)
    0x0801de6c   0x00000024   Code   RO         2608    .text               mc_w.l(memseta.o)
    0x0801de90   0x00000024   Code   RO         2610    .text               mc_w.l(strstr.o)
    0x0801deb4   0x0000000e   Code   RO         2612    .text               mc_w.l(strlen.o)
    0x0801dec2   0x0000001a   Code   RO         2614    .text               mc_w.l(memcmp.o)
    0x0801dedc   0x00000044   Code   RO         2616    .text               mc_w.l(strtok.o)
    0x0801df20   0x00000022   Code   RO         2622    .text               mc_w.l(strcspn.o)
    0x0801df42   0x0000001a   Code   RO         2887    .text               mc_w.l(atoi.o)
    0x0801df5c   0x0000014e   Code   RO         2889    .text               mf_w.l(dadd.o)
    0x0801e0aa   0x000000e4   Code   RO         2891    .text               mf_w.l(dmul.o)
    0x0801e18e   0x000000de   Code   RO         2893    .text               mf_w.l(ddiv.o)
    0x0801e26c   0x0000001a   Code   RO         2897    .text               mf_w.l(dfltui.o)
    0x0801e286   0x00000032   Code   RO         2899    .text               mf_w.l(dfixui.o)
    0x0801e2b8   0x00000026   Code   RO         2901    .text               mf_w.l(f2d.o)
    0x0801e2de   0x00000002   PAD
    0x0801e2e0   0x00000028   Code   RO         2905    .text               mf_w.l(cdrcmple.o)
    0x0801e308   0x00000038   Code   RO         2907    .text               mf_w.l(d2f.o)
    0x0801e340   0x0000002c   Code   RO         2924    .text               mc_w.l(uidiv.o)
    0x0801e36c   0x00000062   Code   RO         2926    .text               mc_w.l(uldiv.o)
    0x0801e3ce   0x0000001e   Code   RO         2928    .text               mc_w.l(llshl.o)
    0x0801e3ec   0x00000020   Code   RO         2930    .text               mc_w.l(llushr.o)
    0x0801e40c   0x00000024   Code   RO         2932    .text               mc_w.l(llsshr.o)
    0x0801e430   0x00000070   Code   RO         2943    .text               mc_w.l(strtol.o)
    0x0801e4a0   0x00000000   Code   RO         2945    .text               mc_w.l(iusefp.o)
    0x0801e4a0   0x0000006c   Code   RO         2946    .text               mf_w.l(fepilogue.o)
    0x0801e50c   0x000000be   Code   RO         2948    .text               mf_w.l(depilogue.o)
    0x0801e5ca   0x00000030   Code   RO         2950    .text               mf_w.l(dfixul.o)
    0x0801e5fa   0x00000002   PAD
    0x0801e5fc   0x00000024   Code   RO         2952    .text               mc_w.l(init.o)
    0x0801e620   0x0000009e   Code   RO         2962    .text               mc_w.l(_strtoul.o)
    0x0801e6be   0x0000001c   Code   RO         2967    .text               mc_w.l(_chval.o)
    0x0801e6da   0x0000005c   Code   RO         2979    .text               mc_w.l(__dczerorl2.o)
    0x0801e736   0x00000002   PAD
    0x0801e738   0x00000020   Code   RO         2859    i.__0printf         mc_w.l(printfa.o)
    0x0801e758   0x00000028   Code   RO         2861    i.__0sprintf        mc_w.l(printfa.o)
    0x0801e780   0x00000024   Code   RO         2865    i.__0vsprintf       mc_w.l(printfa.o)
    0x0801e7a4   0x00000008   Code   RO         2934    i.__aeabi_errno_addr  mc_w.l(errno.o)
    0x0801e7ac   0x0000000e   Code   RO         2973    i.__scatterload_copy  mc_w.l(handlers.o)
    0x0801e7ba   0x00000002   Code   RO         2974    i.__scatterload_null  mc_w.l(handlers.o)
    0x0801e7bc   0x0000000e   Code   RO         2975    i.__scatterload_zeroinit  mc_w.l(handlers.o)
    0x0801e7ca   0x00000002   PAD
    0x0801e7cc   0x0000015c   Code   RO         2866    i._fp_digits        mc_w.l(printfa.o)
    0x0801e928   0x000006f0   Code   RO         2867    i._printf_core      mc_w.l(printfa.o)
    0x0801f018   0x00000026   Code   RO         2868    i._printf_post_padding  mc_w.l(printfa.o)
    0x0801f03e   0x00000030   Code   RO         2869    i._printf_pre_padding  mc_w.l(printfa.o)
    0x0801f06e   0x0000000a   Code   RO         2871    i._sputc            mc_w.l(printfa.o)
    0x0801f078   0x000001d5   Data   RO            4    .constdata          main.o
    0x0801f24d   0x00000003   PAD
    0x0801f250   0x0000008e   Data   RO          559    .constdata          manager_task.o
    0x0801f2de   0x00000002   PAD
    0x0801f2e0   0x000000b8   Data   RO          666    .constdata          sensors_task.o
    0x0801f398   0x00000c89   Data   RO          782    .constdata          sd_task.o
    0x08020021   0x00000003   PAD
    0x08020024   0x000000b4   Data   RO          868    .constdata          stm32f4_discovery.o
    0x080200d8   0x00000006   Data   RO         1277    .constdata          int_stm32f4_protocolcomm.o
    0x080200de   0x00000002   Data   RO         1278    .constdata          int_stm32f4_protocolcomm.o
    0x080200e0   0x00000006   Data   RO         1280    .constdata          int_stm32f4_protocolcomm.o
    0x080200e6   0x00000002   Data   RO         1281    .constdata          int_stm32f4_protocolcomm.o
    0x080200e8   0x0000000c   Data   RO         1282    .constdata          int_stm32f4_protocolcomm.o
    0x080200f4   0x00000102   Data   RO         1283    .constdata          int_stm32f4_protocolcomm.o
    0x080201f6   0x00000002   PAD
    0x080201f8   0x00000024   Data   RO         1316    .constdata          int_stm32f4_420rclick.o
    0x0802021c   0x000000e5   Data   RO         1340    .constdata          int_stm32f4_packetqueue.o
    0x08020301   0x00000003   PAD
    0x08020304   0x00000018   Data   RO         1370    .constdata          int_stm32f4_configsd.o
    0x0802031c   0x00000008   Data   RO         1371    .constdata          int_stm32f4_configsd.o
    0x08020324   0x00000030   Data   RO         1372    .constdata          int_stm32f4_configsd.o
    0x08020354   0x00000018   Data   RO         1373    .constdata          int_stm32f4_configsd.o
    0x0802036c   0x00000008   Data   RO         1374    .constdata          int_stm32f4_configsd.o
    0x08020374   0x00000018   Data   RO         1375    .constdata          int_stm32f4_configsd.o
    0x0802038c   0x00000090   Data   RO         1464    .constdata          int_stm32f4_protocolhandle.o
    0x0802041c   0x00000010   Data   RO         1551    .constdata          int_stm32f4_aes128.o
    0x0802042c   0x0000020b   Data   RO         1552    .constdata          int_stm32f4_aes128.o
    0x08020637   0x00000200   Data   RO         2068    .constdata          mbcrc.o
    0x08020837   0x00000200   Data   RO         2320    .constdata          mbslavecrc.o
    0x08020a37   0x00000081   Data   RO         2576    .constdata          mc_w.l(ctype_o.o)
    0x08020ab8   0x00000004   Data   RO         2577    .constdata          mc_w.l(ctype_o.o)
    0x08020abc   0x00000020   Data   RO         2971    Region$$Table       anon$$obj.o


    Execution Region RW_IRAM1 (Base: 0x20000000, Size: 0x0001f710, Max: 0x00020000, ABSOLUTE, COMPRESSED[0x00000100])

    Base Addr    Size         Type   Attr      Idx    E Section Name        Object

    0x20000000   0x0000006c   Data   RW            5    .data               main.o
    0x2000006c   0x00000004   Data   RW            6    .data               main.o
    0x20000070   0x00000001   Data   RW            7    .data               main.o
    0x20000071   0x00000001   Data   RW            9    .data               main.o
    0x20000072   0x00000001   Data   RW           10    .data               main.o
    0x20000073   0x00000001   Data   RW           11    .data               main.o
    0x20000074   0x00000001   Data   RW           12    .data               main.o
    0x20000075   0x00000001   Data   RW           13    .data               main.o
    0x20000076   0x00000001   Data   RW           14    .data               main.o
    0x20000077   0x00000001   Data   RW           15    .data               main.o
    0x20000078   0x00000001   Data   RW           16    .data               main.o
    0x20000079   0x00000001   Data   RW           17    .data               main.o
    0x2000007a   0x00000001   Data   RW           18    .data               main.o
    0x2000007b   0x00000001   Data   RW           19    .data               main.o
    0x2000007c   0x00000001   Data   RW           20    .data               main.o
    0x2000007d   0x00000001   Data   RW           21    .data               main.o
    0x2000007e   0x00000002   Data   RW           22    .data               main.o
    0x20000080   0x00000002   Data   RW           23    .data               main.o
    0x20000082   0x00000002   Data   RW           24    .data               main.o
    0x20000084   0x00000004   Data   RW           25    .data               main.o
    0x20000088   0x00000004   Data   RW           26    .data               main.o
    0x2000008c   0x00000004   Data   RW           27    .data               main.o
    0x20000090   0x00000001   Data   RW           29    .data               main.o
    0x20000091   0x00000003   PAD
    0x20000094   0x00000014   Data   RW          323    .data               system_stm32f4xx.o
    0x200000a8   0x00000004   Data   RW          442    .data               stm32f4xx_it.o
    0x200000ac   0x0000003c   Data   RW          560    .data               manager_task.o
    0x200000e8   0x00000001   Data   RW          561    .data               manager_task.o
    0x200000e9   0x00000003   PAD
    0x200000ec   0x00000004   Data   RW          562    .data               manager_task.o
    0x200000f0   0x00000001   Data   RW          614    .data               gsm_task.o
    0x200000f1   0x00000003   PAD
    0x200000f4   0x0000008c   Data   RW          667    .data               sensors_task.o
    0x20000180   0x00000004   Data   RW          739    .data               modbus_task.o
    0x20000184   0x00000008   Data   RW          809    .data               data_task.o
    0x2000018c   0x0000005c   Data   RW          869    .data               stm32f4_discovery.o
    0x200001e8   0x00000018   Data   RW          890    .data               stm32f4_discovery_sdio_sd.o
    0x20000200   0x00000010   Data   RW         1021    .data               stm32f4xx_rcc.o
    0x20000210   0x00000004   Data   RW         1168    .data               stm32f4_sdcard.o
    0x20000214   0x00000018   Data   RW         1187    .data               int_stm32f4_timer.o
    0x2000022c   0x00000006   Data   RW         1284    .data               int_stm32f4_protocolcomm.o
    0x20000232   0x0000000b   Data   RW         1285    .data               int_stm32f4_protocolcomm.o
    0x2000023d   0x00000003   PAD
    0x20000240   0x00000004   Data   RW         1317    .data               int_stm32f4_420rclick.o
    0x20000244   0x00000001   Data   RW         1341    .data               int_stm32f4_packetqueue.o
    0x20000245   0x00000009   Data   RW         1394    .data               int_stm32f4_dataqueue.o
    0x2000024e   0x00000003   Data   RW         1412    .data               int_stm32f4_log.o
    0x20000251   0x00000003   PAD
    0x20000254   0x00000004   Data   RW         1434    .data               int_stm32f4_debug.o
    0x20000258   0x0000002c   Data   RW         1465    .data               int_stm32f4_protocolhandle.o
    0x20000284   0x00000006   Data   RW         1486    .data               int_stm32f4_usart.o
    0x2000028a   0x00000002   PAD
    0x2000028c   0x0000000c   Data   RW         1509    .data               int_stm32f4_watchdog.o
    0x20000298   0x00000004   Data   RW         1532    .data               int_stm32f4_gsm.o
    0x2000029c   0x00000014   Data   RW         1677    .data               int_stm32f4_onewire.o
    0x200002b0   0x00000038   Data   RW         1808    .data               tasks.o
    0x200002e8   0x00000018   Data   RW         1851    .data               heap_2.o
    0x20000300   0x00000004   Data   RW         1866    .data               port.o
    0x20000304   0x00000008   Data   RW         1909    .data               ff.o
    0x2000030c   0x000000b4   Data   RW         1925    .data               mb.o
    0x200003c0   0x00000002   Data   RW         2016    .data               mbfuncinput.o
    0x200003c2   0x00000002   Data   RW         2034    .data               mbfuncother.o
    0x200003c4   0x0000000c   Data   RW         2087    .data               mbrtu.o
    0x200003d0   0x00000002   Data   RW         2122    .data               portevent.o
    0x200003d2   0x00000002   PAD
    0x200003d4   0x000000ac   Data   RW         2176    .data               mbslave.o
    0x20000480   0x00000002   Data   RW         2286    .data               mbslavefuncother.o
    0x20000482   0x00000002   PAD
    0x20000484   0x0000000c   Data   RW         2339    .data               mbslavertu.o
    0x20000490   0x00000002   Data   RW         2361    .data               porteventslave.o
    0x20000492   0x00000001   Data   RW         2411    .data               tm_stm32f4_adc.o
    0x20000493   0x00000001   PAD
    0x20000494   0x00000010   Data   RW         2501    .data               tm_stm32f4_delay.o
    0x200004a4   0x00000004   Data   RW         2604    .data               mc_w.l(rand.o)
    0x200004a8   0x00000004   Data   RW         2617    .data               mc_w.l(strtok.o)
    0x200004ac   0x00000004   Data   RW         2923    .data               mc_w.l(stdout.o)
    0x200004b0   0x00000004   Data   RW         2937    .data               mc_w.l(errno.o)
    0x200004b4   0x00000580   Zero   RW            3    .bss                main.o
    0x20000a34   0x0000003c   Zero   RW          558    .bss                manager_task.o
    0x20000a70   0x0000006c   Zero   RW          665    .bss                sensors_task.o
    0x20000adc   0x0000006e   Zero   RW          738    .bss                modbus_task.o
    0x20000b4a   0x00000002   PAD
    0x20000b4c   0x000000c4   Zero   RW          889    .bss                stm32f4_discovery_sdio_sd.o
    0x20000c10   0x00000230   Zero   RW         1167    .bss                stm32f4_sdcard.o
    0x20000e40   0x00000014   Zero   RW         1230    .bss                int_stm32f4_adc.o
    0x20000e54   0x00000c6c   Zero   RW         1339    .bss                int_stm32f4_packetqueue.o
    0x20001ac0   0x00000c44   Zero   RW         1393    .bss                int_stm32f4_dataqueue.o
    0x20002704   0x0000000c   Zero   RW         1463    .bss                int_stm32f4_protocolhandle.o
    0x20002710   0x00000358   Zero   RW         1485    .bss                int_stm32f4_usart.o
    0x20002a68   0x000000c8   Zero   RW         1807    .bss                tasks.o
    0x20002b30   0x0001b800   Zero   RW         1850    .bss                heap_2.o
    0x2001e330   0x00000d9f   Zero   RW         1924    .bss                mb.o
    0x2001f0cf   0x00000020   Zero   RW         2033    .bss                mbfuncother.o
    0x2001f0ef   0x00000100   Zero   RW         2086    .bss                mbrtu.o
    0x2001f1ef   0x00000020   Zero   RW         2285    .bss                mbslavefuncother.o
    0x2001f20f   0x00000100   Zero   RW         2338    .bss                mbslavertu.o
    0x2001f30f   0x00000001   PAD
    0x2001f310   0x00000400   Zero   RW         1882    STACK               startup_stm32f4xx.o


==============================================================================

Image component sizes


      Code (inc. data)   RO Data    RW Data    ZI Data      Debug   Object Name

      3364       1020          0          8          0       5703   data_task.o
       176          4          0          0          0       3486   diskio.o
      6602         36          0          8          0      23376   ff.o
       864        326          0          1          0       7907   gsm_task.o
       264         12          0         24     112640       3496   heap_2.o
      1090         16          0          0          0       4949   int_stm32f4_24lc512.o
       932        162         36          4          0       3280   int_stm32f4_420rclick.o
         0          0          0          0         20        643   int_stm32f4_adc.o
      2478         10        539          0          0       5183   int_stm32f4_aes128.o
         8          0        136          0          0       2082   int_stm32f4_configsd.o
       636         12          0          9       3140       4843   int_stm32f4_dataqueue.o
       484         44          0          4          0       4562   int_stm32f4_debug.o
       160          6          0          0          0       5543   int_stm32f4_flowmb.o
      4688       2120          0          4          0       9916   int_stm32f4_gsm.o
      2932        612          0          3          0       9925   int_stm32f4_log.o
       856          8          0         20          0       5688   int_stm32f4_onewire.o
      1660        676        229          1       3180       8708   int_stm32f4_packetqueue.o
      6092       2156        286         17          0      24558   int_stm32f4_protocolcomm.o
      5464       1998        144         44         12       9074   int_stm32f4_protocolhandle.o
       476         14          0          0          0       4950   int_stm32f4_protocolparser.o
       688         32          0          0          0       3844   int_stm32f4_rtc.o
       720         52          0         24          0       4063   int_stm32f4_timer.o
       608        114          0          6        856       3050   int_stm32f4_usart.o
       808        382          0          0          0       3009   int_stm32f4_valvemb.o
       252         14          0         12          0       1834   int_stm32f4_watchdog.o
       136          0          0          0          0       3394   list.o
      1764        914          0          0          0       3257   log_task.o
     20024      10002        469        145       1408     353406   main.o
      7216       2420        142         65         60      16347   manager_task.o
      1392        244          0        180       3487      10987   mb.o
        48          6        512          0          0       1432   mbcrc.o
       460         72          0          0          0       4098   mbfunccoils.o
       120          0          0          0          0       1916   mbfuncdisc.o
       556          0          0          0          0       5773   mbfuncholding.o
       108          6          0          2          0       2055   mbfuncinput.o
       108          8          0          2         32       2017   mbfuncother.o
       672         82          0         12        256       5778   mbrtu.o
       488         34          0        172          0       7909   mbslave.o
        48          6        512          0          0       1461   mbslavecrc.o
       314          0          0          0          0       3585   mbslavefunccoils.o
       120          0          0          0          0       1961   mbslavefuncdisc.o
       384          0          0          0          0       4685   mbslavefuncholding.o
       100          0          0          0          0       1932   mbslavefuncinput.o
       108          8          0          2         32       2079   mbslavefuncother.o
       492         12          0         12        256       4190   mbslavertu.o
       104          0          0          0          0       2285   mbslaveutils.o
       104          0          0          0          0       2234   mbutils.o
       188         18          0          0          0       2249   misc.o
      2096        692          0          4        110       5995   modbus_task.o
       410         38          0          4          0       5079   port.o
        52          6          0          2          0       1816   portevent.o
        52          6          0          2          0       1875   porteventslave.o
       392         12          0          0          0       2847   portserial.o
       384         12          0          0          0       2588   portserialslave.o
       188          6          0          0          0       2025   porttimer.o
       184          8          0          0          0       1240   porttimerslave.o
      1364          0          0          0          0       9963   queue.o
      8148       3078       3209          0          0       8849   sd_task.o
      7704        428        184        140        108      10314   sensors_task.o
        36          8        392          0       1024        840   startup_stm32f4xx.o
      1092         28        180         92          0       5175   stm32f4_discovery.o
      5280         90          0         24        196      19592   stm32f4_discovery_sdio_sd.o
       184          8          0          4        560       3121   stm32f4_sdcard.o
       940         24          0          0          0      11578   stm32f4xx_adc.o
       840         34          0          0          0       7169   stm32f4xx_dma.o
       236         10          0          0          0       2695   stm32f4xx_exti.o
       548         36          0          0          0       4845   stm32f4xx_gpio.o
       948         20          0          0          0       9251   stm32f4xx_i2c.o
       484        328          0          4          0      32509   stm32f4xx_it.o
        60          6          0          0          0       1449   stm32f4xx_iwdg.o
       216         20          0          0          0       2768   stm32f4xx_pwr.o
      1076         44          0         16          0      12039   stm32f4xx_rcc.o
      2832         38          0          0          0      16324   stm32f4xx_rtc.o
       452         30          0          0          0       7832   stm32f4xx_sdio.o
       820         20          0          0          0       7729   stm32f4xx_spi.o
       108         12          0          0          0       1823   stm32f4xx_syscfg.o
      2754         60          0          0          0      25060   stm32f4xx_tim.o
       948         24          0          0          0       8864   stm32f4xx_usart.o
       400         36          0         20          0     326271   system_stm32f4xx.o
      2288         40          0         56        200      15303   tasks.o
         0          0          0          0          0       6916   tester.o
       888         34          0          1          0       5345   tm_stm32f4_adc.o
        56         10          0          0          0        554   tm_stm32f4_bkpsram.o
       156         16          0         16          0      20276   tm_stm32f4_delay.o

    ----------------------------------------------------------------------
    121984      28920       7015       1188     127580    1216621   Object Totals
         0          0         32          0          0          0   (incl. Generated)
        12          0         13         22          3          0   (incl. Padding)

    ----------------------------------------------------------------------

      Code (inc. data)   RO Data    RW Data    ZI Data      Debug   Library Member Name

        92          0          0          0          0          0   __dczerorl2.o
        28          0          0          0          0         68   _chval.o
       158          0          0          0          0         92   _strtoul.o
        26          0          0          0          0         80   atoi.o
         8          4        133          0          0         68   ctype_o.o
         0          0          0          0          0          0   entry.o
         0          0          0          0          0          0   entry10a.o
         0          0          0          0          0          0   entry11a.o
         8          4          0          0          0          0   entry2.o
         4          0          0          0          0          0   entry5.o
         0          0          0          0          0          0   entry7b.o
         0          0          0          0          0          0   entry8b.o
         8          4          0          0          0          0   entry9a.o
         8          4          0          4          0         68   errno.o
        30          0          0          0          0          0   handlers.o
        36          8          0          0          0         68   init.o
         0          0          0          0          0          0   iusefp.o
        30          0          0          0          0         68   llshl.o
        36          0          0          0          0         68   llsshr.o
        32          0          0          0          0         68   llushr.o
        26          0          0          0          0         80   memcmp.o
        36          0          0          0          0         68   memcpya.o
        36          0          0          0          0        108   memseta.o
      2328        102          0          0          0        676   printfa.o
        36         10          0          4          0        136   rand.o
         0          0          0          4          0          0   stdout.o
        34          0          0          0          0         80   strcspn.o
        14          0          0          0          0         68   strlen.o
        36          0          0          0          0         80   strstr.o
        68          6          0          4          0         80   strtok.o
       112          0          0          0          0         88   strtol.o
        44          0          0          0          0         80   uidiv.o
        98          0          0          0          0         92   uldiv.o
        40          2          0          0          0         68   cdrcmple.o
        56          0          0          0          0         88   d2f.o
       334          0          0          0          0        148   dadd.o
       222          0          0          0          0        100   ddiv.o
       190          0          0          0          0        176   depilogue.o
        50          0          0          0          0         76   dfixui.o
        48          0          0          0          0         68   dfixul.o
        26          0          0          0          0         76   dfltui.o
       228          0          0          0          0         96   dmul.o
        38          0          0          0          0         68   f2d.o
       108          0          0          0          0        168   fepilogue.o

    ----------------------------------------------------------------------
      4720        144        133         16          0       3416   Library Totals
         8          0          0          0          0          0   (incl. Padding)

    ----------------------------------------------------------------------

      Code (inc. data)   RO Data    RW Data    ZI Data      Debug   Library Name

      3372        142        133         16          0       2284   mc_w.l
      1340          2          0          0          0       1132   mf_w.l

    ----------------------------------------------------------------------
      4720        144        133         16          0       3416   Library Totals

    ----------------------------------------------------------------------

==============================================================================


      Code (inc. data)   RO Data    RW Data    ZI Data      Debug   

    126704      29064       7148       1204     127580    1199965   Grand Totals
    126704      29064       7148        256     127580    1199965   ELF Image Totals (compressed)
    126704      29064       7148        256          0          0   ROM Totals

==============================================================================

    Total RO  Size (Code + RO Data)               133852 ( 130.71kB)
    Total RW  Size (RW Data + ZI Data)            128784 ( 125.77kB)
    Total ROM Size (Code + RO Data + RW Data)     134108 ( 130.96kB)

==============================================================================

