ARM Linker, 5.03 [Build 69] [MDK-ARM Standard]

==============================================================================

Section Cross References

    main.o(.text) refers to queue.o(.text) for xQueueGenericReceive
    main.o(.text) refers to int_stm32f4_debug.o(.text) for printDebug
    main.o(.text) refers to f2d.o(.text) for __aeabi_f2d
    main.o(.text) refers to memcpya.o(.text) for __aeabi_memcpy
    main.o(.text) refers to main.o(.data) for .data
    main.o(.text) refers to int_stm32f4_debug.o(.data) for xSemaphore
    main.o(.text) refers to main.o(.constdata) for .constdata
    main.o(.text) refers to int_stm32f4_24lc512.o(.text) for EEPROM_WriteBuf
    main.o(.text) refers to main.o(.bss) for .bss
    main.o(.text) refers to int_stm32f4_configsd.o(.constdata) for SEN420CONF_BASEADDR
    main.o(.text) refers to int_stm32f4_configsd.o(.constdata) for SENADCCONF_BASEADDR
    main.o(.text) refers to int_stm32f4_configsd.o(.constdata) for DIGItIN_BASEADDR
    main.o(.text) refers to int_stm32f4_configsd.o(.constdata) for SEN420ALARMn_BASEADDR
    main.o(.text) refers to int_stm32f4_configsd.o(.constdata) for SENADCALARMn_BASEADDR
    main.o(.text) refers to int_stm32f4_configsd.o(.constdata) for SEN420CHnCAL_BASEADDR
    main.o(.text) refers to stm32f4xx_rcc.o(.text) for RCC_AHB1PeriphClockCmd
    main.o(.text) refers to stm32f4xx_gpio.o(.text) for GPIO_Init
    main.o(.text) refers to stm32f4xx_syscfg.o(.text) for SYSCFG_EXTILineConfig
    main.o(.text) refers to stm32f4xx_exti.o(.text) for EXTI_Init
    main.o(.text) refers to misc.o(.text) for NVIC_Init
    main.o(.text) refers to int_stm32f4_usart.o(.text) for vUSART_Initial
    main.o(.text) refers to int_stm32f4_onewire.o(.text) for vONEWIRE_Init
    main.o(.text) refers to int_stm32f4_timer.o(.text) for vTIMER_initialTimer3
    main.o(.text) refers to int_stm32f4_rtc.o(.text) for ucRTC_Initial
    main.o(.text) refers to int_stm32f4_420rclick.o(.text) for v420RCLICK_InitialSPI1
    main.o(.text) refers to tm_stm32f4_adc.o(.text) for TM_ADC_Init
    main.o(.text) refers to stm32f4_sdcard.o(.text) for xSDCARD_Initial
    main.o(.text) refers to memcmp.o(.text) for memcmp
    main.o(.text) refers to int_stm32f4_timer.o(.data) for _buzzer_2hz
    main.o(.text) refers to manager_task.o(.text) for ucMNG_ReadDS1820
    main.o(.text) refers to tasks.o(.text) for xTaskGenericCreate
    main.o(.text) refers to stm32f4xx_usart.o(.text) for USART_SendData
    main.o(.text) refers to data_task.o(.text) for vDataBuf_Task
    main.o(.text) refers to log_task.o(.text) for vLog_Task
    main.o(.text) refers to sd_task.o(.text) for vSDnMB_Task
    main.o(.text) refers to gsm_task.o(.text) for vGSM_Task
    main.o(.text) refers to sensors_task.o(.text) for vSensors_Task
    main.o(.text) refers to modbus_task.o(.text) for vModbus_Task
    system_stm32f4xx.o(.text) refers to system_stm32f4xx.o(.data) for .data
    stm32f4xx_it.o(.text) refers to int_stm32f4_debug.o(.text) for printDebug_Semphr
    stm32f4xx_it.o(.text) refers to stm32f4_discovery_sdio_sd.o(.text) for SD_ProcessIRQSrc
    stm32f4xx_it.o(.text) refers to stm32f4xx_tim.o(.text) for TIM_GetITStatus
    stm32f4xx_it.o(.text) refers to int_stm32f4_watchdog.o(.data) for _CaptureNumber
    stm32f4xx_it.o(.text) refers to stm32f4xx_it.o(.data) for .data
    tester.o(.text) refers to int_stm32f4_debug.o(.text) for printDebug_Semphr
    tester.o(.text) refers to queue.o(.text) for xQueueGenericReceive
    tester.o(.text) refers to int_stm32f4_protocolparser.o(.text) for ucPTCPARSER_getFrameType
    tester.o(.text) refers to main.o(.data) for Queue_PacketToGSM
    tester.o(.text) refers to int_stm32f4_debug.o(.data) for xSemaphore
    manager_task.o(.text) refers to int_stm32f4_onewire.o(.text) for ucONEWIRE_Reset
    manager_task.o(.text) refers to main.o(.text) for delay_ms
    manager_task.o(.text) refers to dfltui.o(.text) for __aeabi_ui2d
    manager_task.o(.text) refers to dmul.o(.text) for __aeabi_dmul
    manager_task.o(.text) refers to d2f.o(.text) for __aeabi_d2f
    manager_task.o(.text) refers to int_stm32f4_timer.o(.text) for cTIMER_CheckTimerExceed
    manager_task.o(.text) refers to int_stm32f4_debug.o(.text) for printDebug_Semphr
    manager_task.o(.text) refers to int_stm32f4_rtc.o(.text) for uiRTC_GetEpochTime
    manager_task.o(.text) refers to int_stm32f4_dataqueue.o(.text) for ucDATAQUEUE_AddEvent
    manager_task.o(.text) refers to sensors_task.o(.data) for _DataStatus_420mA
    manager_task.o(.text) refers to main.o(.bss) for struct_Config420SensorAlarm
    manager_task.o(.text) refers to manager_task.o(.data) for .data
    manager_task.o(.text) refers to manager_task.o(.bss) for .bss
    manager_task.o(.text) refers to main.o(.data) for _BatteryStatus
    manager_task.o(.text) refers to main.o(.data) for _BatteryStat_old
    manager_task.o(.text) refers to main.o(.data) for flag_HaveMemEvent
    manager_task.o(.text) refers to main.o(.data) for _MemoryStatus
[...]
    uxTaskPriorityGet                        0x0801adf1   Thumb Code    24  tasks.o(.text)
    vTaskPrioritySet                         0x0801ae09   Thumb Code   156  tasks.o(.text)
    vTaskStartScheduler                      0x0801af17   Thumb Code    50  tasks.o(.text)
    vTaskEndScheduler                        0x0801af49   Thumb Code    20  tasks.o(.text)
    xTaskGetTickCount                        0x0801af5d   Thumb Code    18  tasks.o(.text)
    xTaskGetTickCountFromISR                 0x0801af6f   Thumb Code    18  tasks.o(.text)
    uxTaskGetNumberOfTasks                   0x0801af81   Thumb Code     6  tasks.o(.text)
    uxTaskGetSystemState                     0x0801b00b   Thumb Code   124  tasks.o(.text)
    vTaskSwitchContext                       0x0801b087   Thumb Code   102  tasks.o(.text)
    vTaskPlaceOnEventList                    0x0801b0ed   Thumb Code    32  tasks.o(.text)
    vTaskPlaceOnUnorderedEventList           0x0801b10d   Thumb Code    40  tasks.o(.text)
    xTaskRemoveFromEventList                 0x0801b135   Thumb Code    88  tasks.o(.text)
    xTaskRemoveFromUnorderedEventList        0x0801b18d   Thumb Code    70  tasks.o(.text)
    vTaskSetTimeOutState                     0x0801b1d3   Thumb Code    12  tasks.o(.text)
    xTaskCheckForTimeOut                     0x0801b1df   Thumb Code    66  tasks.o(.text)
    vTaskMissedYield                         0x0801b221   Thumb Code     8  tasks.o(.text)
    uxTaskGetTaskNumber                      0x0801b229   Thumb Code    12  tasks.o(.text)
    vTaskSetTaskNumber                       0x0801b235   Thumb Code     8  tasks.o(.text)
    xTaskGetCurrentTaskHandle                0x0801b23d   Thumb Code     6  tasks.o(.text)
    vTaskPriorityInherit                     0x0801b243   Thumb Code   124  tasks.o(.text)
    vTaskPriorityDisinherit                  0x0801b2bf   Thumb Code    72  tasks.o(.text)
    uxTaskResetEventItemValue                0x0801b307   Thumb Code    20  tasks.o(.text)
    pvPortMalloc                             0x0801b341   Thumb Code   156  heap_2.o(.text)
    vPortFree                                0x0801b3dd   Thumb Code    58  heap_2.o(.text)
    xPortGetFreeHeapSize                     0x0801b417   Thumb Code     8  heap_2.o(.text)
    vPortInitialiseBlocks                    0x0801b41f   Thumb Code     2  heap_2.o(.text)
    pxPortInitialiseStack                    0x0801b433   Thumb Code    28  port.o(.text)
    vPortSetupTimerInterrupt                 0x0801b44f   Thumb Code    14  port.o(.text)
    xPortStartScheduler                      0x0801b45d   Thumb Code    52  port.o(.text)
    vPortEndScheduler                        0x0801b491   Thumb Code     2  port.o(.text)
    vPortYield                               0x0801b493   Thumb Code    20  port.o(.text)
    vPortEnterCritical                       0x0801b4a7   Thumb Code    24  port.o(.text)
    vPortExitCritical                        0x0801b4bf   Thumb Code    18  port.o(.text)
    xPortSysTickHandler                      0x0801b4d1   Thumb Code    32  port.o(.text)
    Reset_Handler                            0x0801b505   Thumb Code     8  startup_stm32f4xx.o(.text)
    ADC_IRQHandler                           0x0801b51f   Thumb Code     0  startup_stm32f4xx.o(.text)
    CAN1_RX0_IRQHandler                      0x0801b51f   Thumb Code     0  startup_stm32f4xx.o(.text)
    CAN1_RX1_IRQHandler                      0x0801b51f   Thumb Code     0  startup_stm32f4xx.o(.text)
    CAN1_SCE_IRQHandler                      0x0801b51f   Thumb Code     0  startup_stm32f4xx.o(.text)
    CAN1_TX_IRQHandler                       0x0801b51f   Thumb Code     0  startup_stm32f4xx.o(.text)
    CAN2_RX0_IRQHandler                      0x0801b51f   Thumb Code     0  startup_stm32f4xx.o(.text)
    CAN2_RX1_IRQHandler                      0x0801b51f   Thumb Code     0  startup_stm32f4xx.o(.text)
    CAN2_SCE_IRQHandler                      0x0801b51f   Thumb Code     0  startup_stm32f4xx.o(.text)
    CAN2_TX_IRQHandler                       0x0801b51f   Thumb Code     0  startup_stm32f4xx.o(.text)
    CRYP_IRQHandler                          0x0801b51f   Thumb Code     0  startup_stm32f4xx.o(.text)
    DCMI_IRQHandler                          0x0801b51f   Thumb Code     0  startup_stm32f4xx.o(.text)
    DMA1_Stream0_IRQHandler                  0x0801b51f   Thumb Code     0  startup_stm32f4xx.o(.text)
    DMA1_Stream1_IRQHandler                  0x0801b51f   Thumb Code     0  startup_stm32f4xx.o(.text)
    DMA1_Stream2_IRQHandler                  0x0801b51f   Thumb Code     0  startup_stm32f4xx.o(.text)
    DMA1_Stream3_IRQHandler                  0x0801b51f   Thumb Code     0  startup_stm32f4xx.o(.text)
    DMA1_Stream4_IRQHandler                  0x0801b51f   Thumb Code     0  startup_stm32f4xx.o(.text)
    DMA1_Stream5_IRQHandler                  0x0801b51f   Thumb Code     0  startup_stm32f4xx.o(.text)
    DMA1_Stream6_IRQHandler                  0x0801b51f   Thumb Code     0  startup_stm32f4xx.o(.text)
    DMA1_Stream7_IRQHandler                  0x0801b51f   Thumb Code     0  startup_stm32f4xx.o(.text)
    DMA2_Stream0_IRQHandler                  0x0801b51f   Thumb Code     0  startup_stm32f4xx.o(.text)
    DMA2_Stream1_IRQHandler                  0x0801b51f   Thumb Code     0  startup_stm32f4xx.o(.text)
    DMA2_Stream2_IRQHandler                  0x0801b51f   Thumb Code     0  startup_stm32f4xx.o(.text)
    DMA2_Stream4_IRQHandler                  0x0801b51f   Thumb Code     0  startup_stm32f4xx.o(.text)
    DMA2_Stream5_IRQHandler                  0x0801b51f   Thumb Code     0  startup_stm32f4xx.o(.text)
    DMA2_Stream6_IRQHandler                  0x0801b51f   Thumb Code     0  startup_stm32f4xx.o(.text)
    DMA2_Stream7_IRQHandler                  0x0801b51f   Thumb Code     0  startup_stm32f4xx.o(.text)
    ETH_IRQHandler                           0x0801b51f   Thumb Code     0  startup_stm32f4xx.o(.text)
    ETH_WKUP_IRQHandler                      0x0801b51f   Thumb Code     0  startup_stm32f4xx.o(.text)
    EXTI0_IRQHandler                         0x0801b51f   Thumb Code     0  startup_stm32f4xx.o(.text)
    EXTI15_10_IRQHandler                     0x0801b51f   Thumb Code     0  startup_stm32f4xx.o(.text)
    EXTI1_IRQHandler                         0x0801b51f   Thumb Code     0  startup_stm32f4xx.o(.text)
    EXTI2_IRQHandler                         0x0801b51f   Thumb Code     0  startup_stm32f4xx.o(.text)
    EXTI4_IRQHandler                         0x0801b51f   Thumb Code     0  startup_stm32f4xx.o(.text)
    EXTI9_5_IRQHandler                       0x0801b51f   Thumb Code     0  startup_stm32f4xx.o(.text)
    FLASH_IRQHandler                         0x0801b51f   Thumb Code     0  startup_stm32f4xx.o(.text)
    FPU_IRQHandler                           0x0801b51f   Thumb Code     0  startup_stm32f4xx.o(.text)
    FSMC_IRQHandler                          0x0801b51f   Thumb Code     0  startup_stm32f4xx.o(.text)
    HASH_RNG_IRQHandler                      0x0801b51f   Thumb Code     0  startup_stm32f4xx.o(.text)
    I2C1_ER_IRQHandler                       0x0801b51f   Thumb Code     0  startup_stm32f4xx.o(.text)
    I2C1_EV_IRQHandler                       0x0801b51f   Thumb Code     0  startup_stm32f4xx.o(.text)
    I2C2_ER_IRQHandler                       0x0801b51f   Thumb Code     0  startup_stm32f4xx.o(.text)
    I2C2_EV_IRQHandler                       0x0801b51f   Thumb Code     0  startup_stm32f4xx.o(.text)
    I2C3_ER_IRQHandler                       0x0801b51f   Thumb Code     0  startup_stm32f4xx.o(.text)
    I2C3_EV_IRQHandler                       0x0801b51f   Thumb Code     0  startup_stm32f4xx.o(.text)
    OTG_FS_IRQHandler                        0x0801b51f   Thumb Code     0  startup_stm32f4xx.o(.text)
    OTG_FS_WKUP_IRQHandler                   0x0801b51f   Thumb Code     0  startup_stm32f4xx.o(.text)
    OTG_HS_EP1_IN_IRQHandler                 0x0801b51f   Thumb Code     0  startup_stm32f4xx.o(.text)
    OTG_HS_EP1_OUT_IRQHandler                0x0801b51f   Thumb Code     0  startup_stm32f4xx.o(.text)
    OTG_HS_IRQHandler                        0x0801b51f   Thumb Code     0  startup_stm32f4xx.o(.text)
    OTG_HS_WKUP_IRQHandler                   0x0801b51f   Thumb Code     0  startup_stm32f4xx.o(.text)
    PVD_IRQHandler                           0x0801b51f   Thumb Code     0  startup_stm32f4xx.o(.text)
    RCC_IRQHandler                           0x0801b51f   Thumb Code     0  startup_stm32f4xx.o(.text)
    RTC_Alarm_IRQHandler                     0x0801b51f   Thumb Code     0  startup_stm32f4xx.o(.text)
    RTC_WKUP_IRQHandler                      0x0801b51f   Thumb Code     0  startup_stm32f4xx.o(.text)
    SPI1_IRQHandler                          0x0801b51f   Thumb Code     0  startup_stm32f4xx.o(.text)
    SPI2_IRQHandler                          0x0801b51f   Thumb Code     0  startup_stm32f4xx.o(.text)
    SPI3_IRQHandler                          0x0801b51f   Thumb Code     0  startup_stm32f4xx.o(.text)
    TAMP_STAMP_IRQHandler                    0x0801b51f   Thumb Code     0  startup_stm32f4xx.o(.text)
    TIM1_BRK_TIM9_IRQHandler                 0x0801b51f   Thumb Code     0  startup_stm32f4xx.o(.text)
    TIM1_CC_IRQHandler                       0x0801b51f   Thumb Code     0  startup_stm32f4xx.o(.text)
    TIM1_TRG_COM_TIM11_IRQHandler            0x0801b51f   Thumb Code     0  startup_stm32f4xx.o(.text)
    TIM1_UP_TIM10_IRQHandler                 0x0801b51f   Thumb Code     0  startup_stm32f4xx.o(.text)
    TIM6_DAC_IRQHandler                      0x0801b51f   Thumb Code     0  startup_stm32f4xx.o(.text)
    TIM7_IRQHandler                          0x0801b51f   Thumb Code     0  startup_stm32f4xx.o(.text)
    TIM8_CC_IRQHandler                       0x0801b51f   Thumb Code     0  startup_stm32f4xx.o(.text)
    TIM8_TRG_COM_TIM14_IRQHandler            0x0801b51f   Thumb Code     0  startup_stm32f4xx.o(.text)
    TIM8_UP_TIM13_IRQHandler                 0x0801b51f   Thumb Code     0  startup_stm32f4xx.o(.text)
    UART4_IRQHandler                         0x0801b51f   Thumb Code     0  startup_stm32f4xx.o(.text)
    UART5_IRQHandler                         0x0801b51f   Thumb Code     0  startup_stm32f4xx.o(.text)
    WWDG_IRQHandler                          0x0801b51f   Thumb Code     0  startup_stm32f4xx.o(.text)
    disk_initialize                          0x0801b529   Thumb Code    44  diskio.o(.text)
    disk_status                              0x0801b555   Thumb Code    12  diskio.o(.text)
    disk_read                                0x0801b561   Thumb Code    38  diskio.o(.text)
    disk_write                               0x0801b587   Thumb Code    38  diskio.o(.text)
    get_fattime                              0x0801b5ad   Thumb Code     4  diskio.o(.text)
    disk_ioctl                               0x0801b5b1   Thumb Code    36  diskio.o(.text)
    clust2sect                               0x0801b747   Thumb Code    24  ff.o(.text)
    get_fat                                  0x0801b75f   Thumb Code   200  ff.o(.text)
    put_fat                                  0x0801b827   Thumb Code   246  ff.o(.text)
    f_mount                                  0x0801c283   Thumb Code    30  ff.o(.text)
    f_open                                   0x0801c2a1   Thumb Code   354  ff.o(.text)
    f_read                                   0x0801c403   Thumb Code   378  ff.o(.text)
    f_write                                  0x0801c57d   Thumb Code   454  ff.o(.text)
    f_sync                                   0x0801c743   Thumb Code   164  ff.o(.text)
    f_close                                  0x0801c7e7   Thumb Code    20  ff.o(.text)
    f_lseek                                  0x0801c7fb   Thumb Code   378  ff.o(.text)
    f_opendir                                0x0801c975   Thumb Code    96  ff.o(.text)
    f_readdir                                0x0801c9d5   Thumb Code    82  ff.o(.text)
    f_stat                                   0x0801ca27   Thumb Code    58  ff.o(.text)
    f_getfree                                0x0801ca61   Thumb Code   224  ff.o(.text)
    f_truncate                               0x0801cb41   Thumb Code   142  ff.o(.text)
    f_unlink                                 0x0801cbcf   Thumb Code   164  ff.o(.text)
    f_mkdir                                  0x0801cc73   Thumb Code   386  ff.o(.text)
    f_chmod                                  0x0801cdf5   Thumb Code    74  ff.o(.text)
    f_utime                                  0x0801ce3f   Thumb Code    80  ff.o(.text)
    f_rename                                 0x0801ce8f   Thumb Code   276  ff.o(.text)
    eMBInit                                  0x0801cfa5   Thumb Code   108  mb.o(.text)
    eMBRegisterCB                            0x0801d011   Thumb Code   100  mb.o(.text)
    eMBClose                                 0x0801d075   Thumb Code    28  mb.o(.text)
    eMBEnable                                0x0801d091   Thumb Code    28  mb.o(.text)
    eMBDisable                               0x0801d0ad   Thumb Code    34  mb.o(.text)
    eMBMasterPoll                            0x0801d0cf   Thumb Code   160  mb.o(.text)
    eMBDefinitionReadCoils                   0x0801d16f   Thumb Code    46  mb.o(.text)
    eMBDefinitionWriteSingleCoil             0x0801d19d   Thumb Code    58  mb.o(.text)
    eMBDefinitionReadInputRegister           0x0801d1d7   Thumb Code    54  mb.o(.text)
    eMBDefinitionWriteHoldingRegister        0x0801d20d   Thumb Code    56  mb.o(.text)
    eMBDefinitionWriteMultipleHoldingRegister 0x0801d245   Thumb Code   110  mb.o(.text)
    eMBDefinitionReadHoldingRegister         0x0801d2b3   Thumb Code    54  mb.o(.text)
    eMBRegHoldingCB                          0x0801d2e9   Thumb Code    98  mb.o(.text)
    eMBRegCoilsCB                            0x0801d34b   Thumb Code   334  mb.o(.text)
    eMBRegDiscreteCB                         0x0801d499   Thumb Code     4  mb.o(.text)
    eMBRegInputCB                            0x0801d49d   Thumb Code    66  mb.o(.text)
    eMBFuncReadCoils                         0x0801d515   Thumb Code   162  mbfunccoils.o(.text)
    eMBFuncWriteCoil                         0x0801d5b7   Thumb Code   148  mbfunccoils.o(.text)
    eMBFuncWriteMultipleCoils                0x0801d64b   Thumb Code    78  mbfunccoils.o(.text)
    eMBFuncReadDiscreteInputs                0x0801d6e1   Thumb Code   120  mbfuncdisc.o(.text)
    eMBFuncWriteHoldingRegister              0x0801d759   Thumb Code    74  mbfuncholding.o(.text)
    eMBFuncWriteMultipleHoldingRegister      0x0801d7a3   Thumb Code   136  mbfuncholding.o(.text)
    eMBFuncReadHoldingRegister               0x0801d82b   Thumb Code   192  mbfuncholding.o(.text)
    eMBFuncReadWriteMultipleHoldingRegister  0x0801d8eb   Thumb Code   154  mbfuncholding.o(.text)
    eMBFuncReadInputRegister                 0x0801d985   Thumb Code   102  mbfuncinput.o(.text)
    eMBSetSlaveID                            0x0801d9f1   Thumb Code    74  mbfuncother.o(.text)
    eMBFuncReportSlaveID                     0x0801da3b   Thumb Code    26  mbfuncother.o(.text)
    xMBUtilSetBits                           0x0801da5d   Thumb Code    42  mbutils.o(.text)
    xMBUtilGetBits                           0x0801da87   Thumb Code    34  mbutils.o(.text)
    prveMBError2Exception                    0x0801daa9   Thumb Code    28  mbutils.o(.text)
    usMBCRC16                                0x0801dac5   Thumb Code    42  mbcrc.o(.text)
    eMBRTUInit                               0x0801daf5   Thumb Code    62  mbrtu.o(.text)
    eMBRTUStart                              0x0801db33   Thumb Code    26  mbrtu.o(.text)
    eMBRTUStop                               0x0801db4d   Thumb Code    20  mbrtu.o(.text)
    eMBRTUReceive                            0x0801db61   Thumb Code   108  mbrtu.o(.text)
    eMBRTUSend                               0x0801dbcd   Thumb Code   140  mbrtu.o(.text)
    xMBRTUReceiveFSM                         0x0801dc59   Thumb Code   102  mbrtu.o(.text)
    xMBRTUTransmitFSM                        0x0801dcbf   Thumb Code    84  mbrtu.o(.text)
    xMBRTUTimerT35Expired                    0x0801dd13   Thumb Code    48  mbrtu.o(.text)
    xMBPortEventInit                         0x0801dd95   Thumb Code    10  portevent.o(.text)
    xMBPortEventPost                         0x0801dd9f   Thumb Code    12  portevent.o(.text)
    xMBPortEventGet                          0x0801ddab   Thumb Code    24  portevent.o(.text)
    vMBPortSerialEnable                      0x0801ddc9   Thumb Code    62  portserial.o(.text)
    xMBPortSerialInit                        0x0801de07   Thumb Code   212  portserial.o(.text)
    xMBPortSerialPutByte                     0x0801dedb   Thumb Code    14  portserial.o(.text)
    xMBPortSerialGetByte                     0x0801dee9   Thumb Code    16  portserial.o(.text)
    xMBPortSerialClearByte                   0x0801def9   Thumb Code     8  portserial.o(.text)
    USART6_IRQHandler                        0x0801df01   Thumb Code    68  portserial.o(.text)
    xMBPortTimersInit                        0x0801df51   Thumb Code   110  porttimer.o(.text)
    vMBPortTimersEnable                      0x0801dfbf   Thumb Code    26  porttimer.o(.text)
    vMBPortTimersDisable                     0x0801dfd9   Thumb Code    10  porttimer.o(.text)
    TIM2_IRQHandler                          0x0801dfe3   Thumb Code    36  porttimer.o(.text)
    eMBSlaveInit                             0x0801e00d   Thumb Code    98  mbslave.o(.text)
    eMBSlaveRegisterCB                       0x0801e06f   Thumb Code   100  mbslave.o(.text)
    eMBSlaveClose                            0x0801e0d3   Thumb Code    28  mbslave.o(.text)
    eMBSlaveEnable                           0x0801e0ef   Thumb Code    28  mbslave.o(.text)
    eMBSlaveDisable                          0x0801e10b   Thumb Code    34  mbslave.o(.text)
    eMBSlavePoll                             0x0801e12d   Thumb Code   166  mbslave.o(.text)
    eMBSlaveFuncReadCoils                    0x0801e1f5   Thumb Code   124  mbslavefunccoils.o(.text)
    eMBSlaveFuncWriteCoil                    0x0801e271   Thumb Code    90  mbslavefunccoils.o(.text)
    eMBSlaveFuncWriteMultipleCoils           0x0801e2cb   Thumb Code   100  mbslavefunccoils.o(.text)
    eMBSlaveFuncReadDiscreteInputs           0x0801e32f   Thumb Code   120  mbslavefuncdisc.o(.text)
    eMBSlaveFuncWriteHoldingRegister         0x0801e3a7   Thumb Code    50  mbslavefuncholding.o(.text)
    eMBSlaveFuncWriteMultipleHoldingRegister 0x0801e3d9   Thumb Code    82  mbslavefuncholding.o(.text)
    eMBSlaveFuncReadHoldingRegister          0x0801e42b   Thumb Code    96  mbslavefuncholding.o(.text)
    eMBSlaveFuncReadWriteMultipleHoldingRegister 0x0801e48b   Thumb Code   156  mbslavefuncholding.o(.text)
    eMBSlaveFuncReadInputRegister            0x0801e527   Thumb Code   100  mbslavefuncinput.o(.text)
    eMBSlaveSetSlaveID                       0x0801e58d   Thumb Code    74  mbslavefuncother.o(.text)
    eMBSlaveFuncReportSlaveID                0x0801e5d7   Thumb Code    26  mbslavefuncother.o(.text)
    xMBSlaveUtilSetBits                      0x0801e5f9   Thumb Code    42  mbslaveutils.o(.text)
    xMBSlaveUtilGetBits                      0x0801e623   Thumb Code    34  mbslaveutils.o(.text)
    prveMBSlaveError2Exception               0x0801e645   Thumb Code    28  mbslaveutils.o(.text)
    usMBSlaveCRC16                           0x0801e661   Thumb Code    42  mbslavecrc.o(.text)
    eMBSlaveRTUInit                          0x0801e691   Thumb Code    62  mbslavertu.o(.text)
    eMBSlaveRTUStart                         0x0801e6cf   Thumb Code    26  mbslavertu.o(.text)
    eMBSlaveRTUStop                          0x0801e6e9   Thumb Code    20  mbslavertu.o(.text)
    eMBSlaveRTUReceive                       0x0801e6fd   Thumb Code    64  mbslavertu.o(.text)
    eMBSlaveRTUSend                          0x0801e73d   Thumb Code    80  mbslavertu.o(.text)
    xMBSlaveRTUReceiveFSM                    0x0801e78d   Thumb Code   102  mbslavertu.o(.text)
    xMBSlaveRTUTransmitFSM                   0x0801e7f3   Thumb Code    78  mbslavertu.o(.text)
    xMBSlaveRTUTimerT35Expired               0x0801e841   Thumb Code    48  mbslavertu.o(.text)
    xMBSlavePortEventInit                    0x0801e87d   Thumb Code    10  porteventslave.o(.text)
    xMBSlavePortEventPost                    0x0801e887   Thumb Code    12  porteventslave.o(.text)
    xMBSlavePortEventGet                     0x0801e893   Thumb Code    24  porteventslave.o(.text)
    vMBSlavePortSerialEnable                 0x0801e8b1   Thumb Code    62  portserialslave.o(.text)
    xMBSlavePortSerialInit                   0x0801e8ef   Thumb Code   212  portserialslave.o(.text)
    xMBSlavePortSerialPutByte                0x0801e9c3   Thumb Code    14  portserialslave.o(.text)
    xMBSlavePortSerialGetByte                0x0801e9d1   Thumb Code    16  portserialslave.o(.text)
    USART2_IRQHandler                        0x0801e9e1   Thumb Code    68  portserialslave.o(.text)
    xMBSlavePortTimersInit                   0x0801ea31   Thumb Code   108  porttimerslave.o(.text)
    vMBSlavePortTimersEnable                 0x0801ea9d   Thumb Code    24  porttimerslave.o(.text)
    vMBSlavePortTimersDisable                0x0801eab5   Thumb Code     8  porttimerslave.o(.text)
    TIM4_IRQHandler                          0x0801eabd   Thumb Code    36  porttimerslave.o(.text)
    TM_ADC_InitADC                           0x0801eae9   Thumb Code   122  tm_stm32f4_adc.o(.text)
    TM_ADC_INT_InitPin                       0x0801eb63   Thumb Code    44  tm_stm32f4_adc.o(.text)
    TM_ADC_INT_Channel_15_Init               0x0801eb8f   Thumb Code    36  tm_stm32f4_adc.o(.text)
    TM_ADC_INT_Channel_14_Init               0x0801ebb3   Thumb Code    36  tm_stm32f4_adc.o(.text)
    TM_ADC_INT_Channel_13_Init               0x0801ebd7   Thumb Code     8  tm_stm32f4_adc.o(.text)
    TM_ADC_INT_Channel_12_Init               0x0801ebdf   Thumb Code     8  tm_stm32f4_adc.o(.text)
    TM_ADC_INT_Channel_11_Init               0x0801ebe7   Thumb Code     8  tm_stm32f4_adc.o(.text)
    TM_ADC_INT_Channel_10_Init               0x0801ebef   Thumb Code     8  tm_stm32f4_adc.o(.text)
    TM_ADC_INT_Channel_9_Init                0x0801ebf7   Thumb Code    36  tm_stm32f4_adc.o(.text)
    TM_ADC_INT_Channel_8_Init                0x0801ec1b   Thumb Code    36  tm_stm32f4_adc.o(.text)
    TM_ADC_INT_Channel_7_Init                0x0801ec3f   Thumb Code    36  tm_stm32f4_adc.o(.text)
    TM_ADC_INT_Channel_6_Init                0x0801ec63   Thumb Code    36  tm_stm32f4_adc.o(.text)
    TM_ADC_INT_Channel_5_Init                0x0801ec87   Thumb Code    36  tm_stm32f4_adc.o(.text)
    TM_ADC_INT_Channel_4_Init                0x0801ecab   Thumb Code    36  tm_stm32f4_adc.o(.text)
    TM_ADC_INT_Channel_3_Init                0x0801eccf   Thumb Code     8  tm_stm32f4_adc.o(.text)
    TM_ADC_INT_Channel_2_Init                0x0801ecd7   Thumb Code     8  tm_stm32f4_adc.o(.text)
    TM_ADC_INT_Channel_1_Init                0x0801ecdf   Thumb Code     8  tm_stm32f4_adc.o(.text)
    TM_ADC_INT_Channel_0_Init                0x0801ece7   Thumb Code     8  tm_stm32f4_adc.o(.text)
    TM_ADC_Init                              0x0801ecef   Thumb Code   204  tm_stm32f4_adc.o(.text)
    TM_ADC_Read                              0x0801edbb   Thumb Code    42  tm_stm32f4_adc.o(.text)
    TM_ADC_EnableVbat                        0x0801ede5   Thumb Code    16  tm_stm32f4_adc.o(.text)
    TM_ADC_DisableVbat                       0x0801edf5   Thumb Code    16  tm_stm32f4_adc.o(.text)
    TM_ADC_ReadVbat                          0x0801ee05   Thumb Code    58  tm_stm32f4_adc.o(.text)
    SysTick_Handler                          0x0801ee61   Thumb Code    34  tm_stm32f4_delay.o(.text)
    TM_DELAY_Init                            0x0801ee83   Thumb Code    70  tm_stm32f4_delay.o(.text)
    TM_DELAY_EnableDelayTimer                0x0801eec9   Thumb Code    22  tm_stm32f4_delay.o(.text)
    TM_DELAY_DisableDelayTimer               0x0801eedf   Thumb Code    14  tm_stm32f4_delay.o(.text)
    TM_BKPSRAM_Init                          0x0801eefd   Thumb Code    46  tm_stm32f4_bkpsram.o(.text)
    __rt_ctype_table                         0x0801ef35   Thumb Code     4  ctype_o.o(.text)
    isspace                                  0x0801ef3d   Thumb Code    18  isspace_o.o(.text)
    rand                                     0x0801ef51   Thumb Code    20  rand.o(.text)
    srand                                    0x0801ef65   Thumb Code     6  rand.o(.text)
    __aeabi_memcpy                           0x0801ef75   Thumb Code    36  memcpya.o(.text)
    __aeabi_memcpy4                          0x0801ef75   Thumb Code     0  memcpya.o(.text)
    __aeabi_memcpy8                          0x0801ef75   Thumb Code     0  memcpya.o(.text)
    __aeabi_memset                           0x0801ef99   Thumb Code    14  memseta.o(.text)
    __aeabi_memset4                          0x0801ef99   Thumb Code     0  memseta.o(.text)
    __aeabi_memset8                          0x0801ef99   Thumb Code     0  memseta.o(.text)
    __aeabi_memclr                           0x0801efa7   Thumb Code     4  memseta.o(.text)
    __aeabi_memclr4                          0x0801efa7   Thumb Code     0  memseta.o(.text)
    __aeabi_memclr8                          0x0801efa7   Thumb Code     0  memseta.o(.text)
    _memset$wrapper                          0x0801efab   Thumb Code    18  memseta.o(.text)
    strstr                                   0x0801efbd   Thumb Code    36  strstr.o(.text)
    strlen                                   0x0801efe1   Thumb Code    14  strlen.o(.text)
    memcmp                                   0x0801efef   Thumb Code    26  memcmp.o(.text)
    strtok                                   0x0801f009   Thumb Code    62  strtok.o(.text)
    strcspn                                  0x0801f04d   Thumb Code    34  strcspn.o(.text)
    atoi                                     0x0801f06f   Thumb Code    26  atoi.o(.text)
    __aeabi_dadd                             0x0801f089   Thumb Code   322  dadd.o(.text)
    __aeabi_dsub                             0x0801f1cb   Thumb Code     6  dadd.o(.text)
    __aeabi_drsub                            0x0801f1d1   Thumb Code     6  dadd.o(.text)
    __aeabi_dmul                             0x0801f1d7   Thumb Code   228  dmul.o(.text)
    __aeabi_ddiv                             0x0801f2bb   Thumb Code   222  ddiv.o(.text)
    __aeabi_ui2d                             0x0801f399   Thumb Code    26  dfltui.o(.text)
    __aeabi_d2uiz                            0x0801f3b3   Thumb Code    50  dfixui.o(.text)
    __aeabi_f2d                              0x0801f3e5   Thumb Code    38  f2d.o(.text)
    __aeabi_cdrcmple                         0x0801f40d   Thumb Code    38  cdrcmple.o(.text)
    __aeabi_d2f                              0x0801f435   Thumb Code    56  d2f.o(.text)
    __aeabi_uidiv                            0x0801f46d   Thumb Code     0  uidiv.o(.text)
    __aeabi_uidivmod                         0x0801f46d   Thumb Code    44  uidiv.o(.text)
    __aeabi_uldivmod                         0x0801f499   Thumb Code    98  uldiv.o(.text)
    __aeabi_llsl                             0x0801f4fb   Thumb Code    30  llshl.o(.text)
    _ll_shift_l                              0x0801f4fb   Thumb Code     0  llshl.o(.text)
    __aeabi_llsr                             0x0801f519   Thumb Code    32  llushr.o(.text)
    _ll_ushift_r                             0x0801f519   Thumb Code     0  llushr.o(.text)
    __aeabi_lasr                             0x0801f539   Thumb Code    36  llsshr.o(.text)
    _ll_sshift_r                             0x0801f539   Thumb Code     0  llsshr.o(.text)
    __strtod_int                             0x0801f593   Thumb Code    88  strtod.o(.text)
    strtol                                   0x0801f5f9   Thumb Code   112  strtol.o(.text)
    __I$use$fp                               0x0801f669   Thumb Code     0  iusefp.o(.text)
    _float_round                             0x0801f669   Thumb Code    18  fepilogue.o(.text)
    _float_epilogue                          0x0801f67b   Thumb Code    90  fepilogue.o(.text)
    _double_round                            0x0801f6d5   Thumb Code    26  depilogue.o(.text)
    _double_epilogue                         0x0801f6ef   Thumb Code   164  depilogue.o(.text)
    __aeabi_d2ulz                            0x0801f793   Thumb Code    48  dfixul.o(.text)
    __scatterload                            0x0801f7c5   Thumb Code    28  init.o(.text)
    __scatterload_rt2                        0x0801f7c5   Thumb Code     0  init.o(.text)
    _scanf_real                              0x0801f8e9   Thumb Code     0  scanf_fp.o(.text)
    _scanf_really_real                       0x0801f8e9   Thumb Code   560  scanf_fp.o(.text)
    _sgetc                                   0x0801fb25   Thumb Code    30  _sgetc.o(.text)
    _sbackspace                              0x0801fb43   Thumb Code    34  _sgetc.o(.text)
    _strtoul                                 0x0801fb65   Thumb Code   158  _strtoul.o(.text)
    _chval                                   0x0801fc03   Thumb Code    28  _chval.o(.text)
    __aeabi_ul2d                             0x0801fc1f   Thumb Code    24  dfltul.o(.text)
    __decompress                             0x0801fc37   Thumb Code     0  __dczerorl2.o(.text)
    __decompress1                            0x0801fc37   Thumb Code    92  __dczerorl2.o(.text)
    __0printf                                0x0801fc95   Thumb Code    22  printfa.o(i.__0printf)
    __1printf                                0x0801fc95   Thumb Code     0  printfa.o(i.__0printf)
    __2printf                                0x0801fc95   Thumb Code     0  printfa.o(i.__0printf)
    __c89printf                              0x0801fc95   Thumb Code     0  printfa.o(i.__0printf)
    printf                                   0x0801fc95   Thumb Code     0  printfa.o(i.__0printf)
    __0sprintf                               0x0801fcb5   Thumb Code    34  printfa.o(i.__0sprintf)
    __1sprintf                               0x0801fcb5   Thumb Code     0  printfa.o(i.__0sprintf)
    __2sprintf                               0x0801fcb5   Thumb Code     0  printfa.o(i.__0sprintf)
    __c89sprintf                             0x0801fcb5   Thumb Code     0  printfa.o(i.__0sprintf)
    sprintf                                  0x0801fcb5   Thumb Code     0  printfa.o(i.__0sprintf)
    __0vsprintf                              0x0801fcdd   Thumb Code    30  printfa.o(i.__0vsprintf)
    __1vsprintf                              0x0801fcdd   Thumb Code     0  printfa.o(i.__0vsprintf)
    __2vsprintf                              0x0801fcdd   Thumb Code     0  printfa.o(i.__0vsprintf)
    __c89vsprintf                            0x0801fcdd   Thumb Code     0  printfa.o(i.__0vsprintf)
    vsprintf                                 0x0801fcdd   Thumb Code     0  printfa.o(i.__0vsprintf)
    __aeabi_errno_addr                       0x0801fd01   Thumb Code     4  errno.o(i.__aeabi_errno_addr)
    __rt_errno_addr                          0x0801fd01   Thumb Code     0  errno.o(i.__aeabi_errno_addr)
    __hardfp_atof                            0x0801fd09   Thumb Code    44  atof.o(i.__hardfp_atof)
    __read_errno                             0x0801fd41   Thumb Code     6  errno.o(i.__read_errno)
    __scatterload_copy                       0x0801fd4d   Thumb Code    14  handlers.o(i.__scatterload_copy)
    __scatterload_null                       0x0801fd5b   Thumb Code     2  handlers.o(i.__scatterload_null)
    __scatterload_zeroinit                   0x0801fd5d   Thumb Code    14  handlers.o(i.__scatterload_zeroinit)
    __set_errno                              0x0801fd6d   Thumb Code     6  errno.o(i.__set_errno)
    _is_digit                                0x0801fed5   Thumb Code    14  scanf_fp.o(i._is_digit)
    DOUTn_PIN                                0x08020634   Data           8  main.o(.constdata)
    firmware_version                         0x0802063c   Data          12  main.o(.constdata)
    DINn_PORT                                0x08020648   Data          48  main.o(.constdata)
    DINn_PIN                                 0x08020678   Data          24  main.o(.constdata)
    DOUTn_PORT                               0x08020690   Data          16  main.o(.constdata)
    BUTTON_PORT_SOURCE                       0x080215e0   Data           1  stm32f4_discovery.o(.constdata)
    BUTTON_PIN_SOURCE                        0x080215e1   Data           1  stm32f4_discovery.o(.constdata)
    BUTTON_IRQn                              0x080215e2   Data           1  stm32f4_discovery.o(.constdata)
    BUTTON_PIN                               0x080215e4   Data           2  stm32f4_discovery.o(.constdata)
    BUTTON_EXTI_LINE                         0x080215e6   Data           2  stm32f4_discovery.o(.constdata)
    BUTTON_CLK                               0x080215e8   Data           4  stm32f4_discovery.o(.constdata)
    GPIO_PIN                                 0x080215ec   Data           8  stm32f4_discovery.o(.constdata)
    GPIO_CLK                                 0x080215f4   Data          16  stm32f4_discovery.o(.constdata)
    COM_USART_CLK                            0x08021604   Data          24  stm32f4_discovery.o(.constdata)
    COM_TX_PORT_CLK                          0x0802161c   Data          24  stm32f4_discovery.o(.constdata)
    COM_RX_PORT_CLK                          0x08021634   Data          24  stm32f4_discovery.o(.constdata)
    COM_TX_PIN                               0x0802164c   Data          12  stm32f4_discovery.o(.constdata)
    COM_RX_PIN                               0x08021658   Data          12  stm32f4_discovery.o(.constdata)
    COM_TX_PIN_SOURCE                        0x08021664   Data          12  stm32f4_discovery.o(.constdata)
    COM_RX_PIN_SOURCE                        0x08021670   Data          12  stm32f4_discovery.o(.constdata)
    COM_TX_AF                                0x0802167c   Data          12  stm32f4_discovery.o(.constdata)
    COM_RX_AF                                0x08021688   Data          12  stm32f4_discovery.o(.constdata)
    CONF_CNFG_420SENSORn                     0x08021694   Data           6  int_stm32f4_protocolcomm.o(.constdata)
    CONF_CNFG_ADCSENSORn                     0x0802169a   Data           2  int_stm32f4_protocolcomm.o(.constdata)
    CONF_CNFG_420SENsALn                     0x0802169c   Data           6  int_stm32f4_protocolcomm.o(.constdata)
    CONF_CNFG_ADCSENsALn                     0x080216a2   Data           2  int_stm32f4_protocolcomm.o(.constdata)
    CONF_CNFG_DINn                           0x080216a4   Data          12  int_stm32f4_protocolcomm.o(.constdata)
    RCLICK_PORT_CSn                          0x080217b4   Data          24  int_stm32f4_420rclick.o(.constdata)
    RCLICK_PIN_CSn                           0x080217cc   Data          12  int_stm32f4_420rclick.o(.constdata)
    SEN420CONF_BASEADDR                      0x080218c0   Data          24  int_stm32f4_configsd.o(.constdata)
    SENADCCONF_BASEADDR                      0x080218d8   Data           8  int_stm32f4_configsd.o(.constdata)
    DIGItIN_BASEADDR                         0x080218e0   Data          48  int_stm32f4_configsd.o(.constdata)
    SEN420ALARMn_BASEADDR                    0x08021910   Data          24  int_stm32f4_configsd.o(.constdata)
    SENADCALARMn_BASEADDR                    0x08021928   Data           8  int_stm32f4_configsd.o(.constdata)
    SEN420CHnCAL_BASEADDR                    0x08021930   Data          24  int_stm32f4_configsd.o(.constdata)
    _Private_Key                             0x080219d8   Data          16  int_stm32f4_aes128.o(.constdata)
    sbox                                     0x080219e8   Data         256  int_stm32f4_aes128.o(.constdata)
    rsbox                                    0x08021ae8   Data         256  int_stm32f4_aes128.o(.constdata)
    Rcon                                     0x08021be8   Data          11  int_stm32f4_aes128.o(.constdata)
    __ctype_table                            0x08022122   Data         129  ctype_o.o(.constdata)
    Region$$Table$$Base                      0x080221a8   Number         0  anon$$obj.o(Region$$Table)
    Region$$Table$$Limit                     0x080221c8   Number         0  anon$$obj.o(Region$$Table)
    flag_HaveDataLog                         0x20000000   Data           1  main.o(.data)
    flag_HaveConfigLog                       0x20000001   Data           1  main.o(.data)
    flag_HaveEventLog                        0x20000002   Data           1  main.o(.data)
    flag_isSDInstall                         0x20000003   Data           1  main.o(.data)
    struct_ConfigOperating                   0x20000004   Data           2  main.o(.data)
    Queue_PacketHTTPToGSM                    0x20000008   Data           4  main.o(.data)
    Queue_PacketToGSM                        0x2000000c   Data           4  main.o(.data)
    Queue_PacketFromGSM                      0x20000010   Data           4  main.o(.data)
    Queue_CMDToGSM                           0x20000014   Data           4  main.o(.data)
    Queue_DataToSD                           0x20000018   Data           4  main.o(.data)
    Queue_DataFromSD                         0x2000001c   Data           4  main.o(.data)
    Queue_DataLogToSD                        0x20000020   Data           4  main.o(.data)
    Queue_DataLogFromSD                      0x20000024   Data           4  main.o(.data)
    Queue_EventLogToSD                       0x20000028   Data           4  main.o(.data)
    Queue_EventLogFromSD                     0x2000002c   Data           4  main.o(.data)
    Queue_ConfigLogToSD                      0x20000030   Data           4  main.o(.data)
    Queue_ConfigLogFromSD                    0x20000034   Data           4  main.o(.data)
    Queue_DebugToSD                          0x20000038   Data           4  main.o(.data)
    Queue_CopyFromSD                         0x2000003c   Data           4  main.o(.data)
    Queue_SDTaskWDG                          0x20000040   Data           4  main.o(.data)
    Queue_CtrlValve                          0x20000044   Data           4  main.o(.data)
    Queue_CtrlValveMB                        0x20000048   Data           4  main.o(.data)
    _ms_counter                              0x2000004c   Data           4  main.o(.data)
    _us_counter                              0x20000050   Data           4  main.o(.data)
    struct_ConfigPulseADJ                    0x20000054   Data           4  main.o(.data)
    struct_ConfigPulseSensor                 0x20000058   Data           6  main.o(.data)
    struct_ConfigMODBUSSensor                0x2000005e   Data           7  main.o(.data)
    struct_ConfigValve                       0x20000065   Data           7  main.o(.data)
    _BatteryRemain                           0x2000006c   Data           4  main.o(.data)
    flag_HaveMemEvent                        0x20000070   Data           1  main.o(.data)
    _Communication_Status                    0x20000071   Data           1  main.o(.data)
    _OperatingMode                           0x20000072   Data           1  main.o(.data)
    _BatteryStatus                           0x20000073   Data           1  main.o(.data)
    _BatteryStat_old                         0x20000074   Data           1  main.o(.data)
    _MemoryStatus                            0x20000075   Data           1  main.o(.data)
    _ConfigCmdACK                            0x20000076   Data           1  main.o(.data)
    _ConfigCmdFID                            0x20000077   Data           1  main.o(.data)
    _index_pulseData                         0x20000078   Data           1  main.o(.data)
    _PulseData_Counter                       0x20000079   Data           1  main.o(.data)
    _LED_SAMP_ON                             0x2000007a   Data           1  main.o(.data)
    _LED_SENT_ON                             0x2000007b   Data           1  main.o(.data)
    _LED_SD_ON                               0x2000007c   Data           1  main.o(.data)
    _LED_ERR_ON                              0x2000007d   Data           1  main.o(.data)
    rx_wr_index3                             0x2000007e   Data           2  main.o(.data)
    rx_rd_index3                             0x20000080   Data           2  main.o(.data)
    rx_counter3                              0x20000082   Data           2  main.o(.data)
    _GSMCounter                              0x20000084   Data           4  main.o(.data)
    _Transmit_Period                         0x20000088   Data           4  main.o(.data)
    _SDWDGCounter                            0x2000008c   Data           4  main.o(.data)
    flag_GSMReady                            0x20000090   Data           1  main.o(.data)
    SystemCoreClock                          0x20000094   Data           4  system_stm32f4xx.o(.data)
    AHBPrescTable                            0x20000098   Data          16  system_stm32f4xx.o(.data)
    tmpCC4                                   0x200000a8   Data           4  stm32f4xx_it.o(.data)
    _heartbeatCounter                        0x200000ac   Data           1  manager_task.o(.data)
    _SendJoinCounter                         0x200000ad   Data           1  manager_task.o(.data)
    _JoinPendingTimeout                      0x200000b4   Data           4  manager_task.o(.data)
    _din_status                              0x200000c4   Data          12  manager_task.o(.data)
    _SendRegisCounter                        0x200000e8   Data           1  manager_task.o(.data)
    _RegisPendingTimeout                     0x200000ec   Data           4  manager_task.o(.data)
    ucGSM_RSSI                               0x200000f0   Data           1  gsm_task.o(.data)
    flag_1sec_sensTask                       0x200000f4   Data           1  sensors_task.o(.data)
    _DataStatus_MBFlow                       0x200000f5   Data           1  sensors_task.o(.data)
    _DataStatus_PULSEFlow                    0x200000f6   Data           1  sensors_task.o(.data)
    _DataStatus_ADC                          0x200000ff   Data           2  sensors_task.o(.data)
    _adc420mA_inputVal                       0x20000102   Data           2  sensors_task.o(.data)
    _PulseCounter                            0x2000010c   Data           4  sensors_task.o(.data)
    _PulsePeriod                             0x20000110   Data           4  sensors_task.o(.data)
    _ValveStatus                             0x20000114   Data           4  sensors_task.o(.data)
    _Valve_mA                                0x20000118   Data           4  sensors_task.o(.data)
    _SensorStatus_420mA                      0x2000012c   Data           6  sensors_task.o(.data)
    _DataStatus_420mA                        0x20000132   Data           6  sensors_task.o(.data)
    _DINStatus                               0x20000168   Data          12  sensors_task.o(.data)
    MBValve_connectstatus                    0x20000180   Data           1  modbus_task.o(.data)
    MBFlow_connectstatus                     0x20000181   Data           1  modbus_task.o(.data)
    flag_1sec_DataTask                       0x20000184   Data           1  data_task.o(.data)
    BUTTON_PORT                              0x2000018c   Data           4  stm32f4_discovery.o(.data)
    GPIO_PORT                                0x20000190   Data          16  stm32f4_discovery.o(.data)
    COM_USART                                0x200001a0   Data          24  stm32f4_discovery.o(.data)
    COM_TX_PORT                              0x200001b8   Data          24  stm32f4_discovery.o(.data)
    COM_RX_PORT                              0x200001d0   Data          24  stm32f4_discovery.o(.data)
    TransferError                            0x200001e8   Data           1  stm32f4_discovery_sdio_sd.o(.data)
    StopCondition                            0x200001f4   Data           4  stm32f4_discovery_sdio_sd.o(.data)
    TransferEnd                              0x200001f8   Data           4  stm32f4_discovery_sdio_sd.o(.data)
    DMAEndOfTransfer                         0x200001fc   Data           4  stm32f4_discovery_sdio_sd.o(.data)
    pFilesystem                              0x20000210   Data           4  stm32f4_sdcard.o(.data)
    _buzzer_2hz                              0x20000214   Data           1  int_stm32f4_timer.o(.data)
    capture                                  0x20000216   Data           2  int_stm32f4_timer.o(.data)
    tim12_CCR1_Val                           0x20000218   Data           2  int_stm32f4_timer.o(.data)
    tim3_CCR1_Val                            0x2000021a   Data           2  int_stm32f4_timer.o(.data)
    tim3_CCR2_Val                            0x2000021c   Data           2  int_stm32f4_timer.o(.data)
    tim3_CCR3_Val                            0x2000021e   Data           2  int_stm32f4_timer.o(.data)
    baseCounter                              0x20000224   Data           4  int_stm32f4_timer.o(.data)
    _ms_counter_pulse                        0x20000228   Data           4  int_stm32f4_timer.o(.data)
    IN420MA_CH                               0x2000022c   Data           6  int_stm32f4_protocolcomm.o(.data)
    _DataLog_WaitID                          0x20000232   Data           1  int_stm32f4_protocolcomm.o(.data)
    _EventLog_WaitID                         0x20000233   Data           1  int_stm32f4_protocolcomm.o(.data)
    _ConfigLog_WaitID                        0x20000234   Data           1  int_stm32f4_protocolcomm.o(.data)
    _PENDING_ID                              0x20000235   Data           8  int_stm32f4_protocolcomm.o(.data)
    _ADC_TClick                              0x20000240   Data           4  int_stm32f4_420rclick.o(.data)
    _Queue_counter                           0x20000244   Data           1  int_stm32f4_packetqueue.o(.data)
    dataStatQ_count                          0x20000245   Data           1  int_stm32f4_dataqueue.o(.data)
    write_dataStatQ                          0x20000246   Data           1  int_stm32f4_dataqueue.o(.data)
    read_dataStatQ                           0x20000247   Data           1  int_stm32f4_dataqueue.o(.data)
    eventQ_count                             0x20000248   Data           1  int_stm32f4_dataqueue.o(.data)
    write_eventQ                             0x20000249   Data           1  int_stm32f4_dataqueue.o(.data)
    read_eventQ                              0x2000024a   Data           1  int_stm32f4_dataqueue.o(.data)
    configQ_count                            0x2000024b   Data           1  int_stm32f4_dataqueue.o(.data)
    write_configQ                            0x2000024c   Data           1  int_stm32f4_dataqueue.o(.data)
    read_configQ                             0x2000024d   Data           1  int_stm32f4_dataqueue.o(.data)
    flag_dataLogOverflow                     0x2000024e   Data           1  int_stm32f4_log.o(.data)
    flag_eventLogOverflow                    0x2000024f   Data           1  int_stm32f4_log.o(.data)
    flag_configLogOverflow                   0x20000250   Data           1  int_stm32f4_log.o(.data)
    xSemaphore                               0x20000254   Data           4  int_stm32f4_debug.o(.data)
    flag_isConfPropUpdate                    0x20000258   Data           1  int_stm32f4_protocolhandle.o(.data)
    flag_isConfOperUpdate                    0x20000259   Data           1  int_stm32f4_protocolhandle.o(.data)
    flag_isConfBuzzUpdate                    0x2000025a   Data           1  int_stm32f4_protocolhandle.o(.data)
    flag_isConfWorkUpdate                    0x2000025b   Data           1  int_stm32f4_protocolhandle.o(.data)
    flag_isConfNetwUpdate                    0x2000025c   Data           1  int_stm32f4_protocolhandle.o(.data)
    flag_isConfMODBUSSensUpdate              0x2000025d   Data           1  int_stm32f4_protocolhandle.o(.data)
    flag_isConfPulsSensUpdate                0x2000025e   Data           1  int_stm32f4_protocolhandle.o(.data)
    flag_isConfMODBUSAlamUpdate              0x2000025f   Data           1  int_stm32f4_protocolhandle.o(.data)
    flag_isConfPulsAlamUpdate                0x20000260   Data           1  int_stm32f4_protocolhandle.o(.data)
    flag_isConfValveUpdate                   0x20000261   Data           1  int_stm32f4_protocolhandle.o(.data)
    flag_isConfADCSensUpdate                 0x20000262   Data           2  int_stm32f4_protocolhandle.o(.data)
    flag_isConfADCAlamUpdate                 0x20000264   Data           2  int_stm32f4_protocolhandle.o(.data)
    flag_isConf420SensUpdate                 0x20000266   Data           6  int_stm32f4_protocolhandle.o(.data)
    flag_isConf420AlamUpdate                 0x2000026c   Data           6  int_stm32f4_protocolhandle.o(.data)
    DOUTn_BASEADDR                           0x20000274   Data          16  int_stm32f4_protocolhandle.o(.data)
    rx_wr_index1                             0x20000284   Data           2  int_stm32f4_usart.o(.data)
    rx_rd_index1                             0x20000286   Data           2  int_stm32f4_usart.o(.data)
    rx_counter1                              0x20000288   Data           2  int_stm32f4_usart.o(.data)
    LsiFreq                                  0x2000028c   Data           4  int_stm32f4_watchdog.o(.data)
    _CaptureNumber                           0x20000290   Data           4  int_stm32f4_watchdog.o(.data)
    _PeriodValue                             0x20000294   Data           4  int_stm32f4_watchdog.o(.data)
    _OneWire_LastDiscrepancy                 0x20000298   Data           1  int_stm32f4_onewire.o(.data)
    _OneWire_LastFamilyDiscrepancy           0x20000299   Data           1  int_stm32f4_onewire.o(.data)
    _OneWire_LastDeviceFlag                  0x2000029a   Data           1  int_stm32f4_onewire.o(.data)
    OneWire_GPIO_InitDef                     0x2000029c   Data           8  int_stm32f4_onewire.o(.data)
    _OneWire_ROM_NO                          0x200002a4   Data           8  int_stm32f4_onewire.o(.data)
    pxCurrentTCB                             0x200002ac   Data           4  tasks.o(.data)
    usRegMasterHoldingStart                  0x20000310   Data           2  mb.o(.data)
    usRegMasterCoilsStart                    0x20000312   Data           2  mb.o(.data)
    usRegMasterInputStart                    0x20000314   Data           2  mb.o(.data)
    pxMBFrameCBByteReceived                  0x20000330   Data           4  mb.o(.data)
    pxMBFrameCBTransmitterEmpty              0x20000334   Data           4  mb.o(.data)
    pxMBPortCBTimerExpired                   0x20000338   Data           4  mb.o(.data)
    DebugLv                                  0x200003c0   Data           1  mbrtu.o(.data)
    pxMBSlaveFrameCBByteReceived             0x200003f0   Data           4  mbslave.o(.data)
    pxMBSlaveFrameCBTransmitterEmpty         0x200003f4   Data           4  mbslave.o(.data)
    pxMBSlavePortCBTimerExpired              0x200003f8   Data           4  mbslave.o(.data)
    vbatEnabled                              0x2000048e   Data           1  tm_stm32f4_adc.o(.data)
    TM_DELAY_Initialized                     0x20000490   Data           1  tm_stm32f4_delay.o(.data)
    TM_Time                                  0x20000494   Data           4  tm_stm32f4_delay.o(.data)
    TM_Time2                                 0x20000498   Data           4  tm_stm32f4_delay.o(.data)
    mult                                     0x2000049c   Data           4  tm_stm32f4_delay.o(.data)
    __stdout                                 0x200004a8   Data           4  stdout.o(.data)
    RCC_Clocks                               0x200004b0   Data          16  main.o(.bss)
    struct_info                              0x200004c0   Data          97  main.o(.bss)
    struct_Status                            0x20000521   Data           9  main.o(.bss)
    struct_DevConfig                         0x2000052a   Data          11  main.o(.bss)
    struct_ConfigProperties                  0x20000535   Data         161  main.o(.bss)
    struct_ConfigBuzzer                      0x200005d6   Data          27  main.o(.bss)
    struct_ConfigWorking                     0x200005f1   Data          17  main.o(.bss)
    struct_ConfigNetwork                     0x20000602   Data         104  main.o(.bss)
    struct_Config420Sensor                   0x2000066a   Data         414  main.o(.bss)
    struct_ConfigADCSensor                   0x20000808   Data         138  main.o(.bss)
    struct_ConfigDIN                         0x20000892   Data          48  main.o(.bss)
    struct_Config420SensorAlarm              0x200008c2   Data         126  main.o(.bss)
    struct_ConfigADCSensorAlarm              0x20000940   Data          42  main.o(.bss)
    struct_ConfigMODBUSSensorAlarm           0x2000096a   Data          21  main.o(.bss)
    struct_ConfigPulseSensorAlarm            0x2000097f   Data          21  main.o(.bss)
    struct_Config420Cal                      0x20000994   Data          78  main.o(.bss)
    struct_Config420ValveInCal               0x200009e2   Data          13  main.o(.bss)
    struct_Config420ValveOutCal              0x200009ef   Data          13  main.o(.bss)
    _Sensor_Data                             0x200009fc   Data          52  main.o(.bss)
    _adc420mA_sensor                         0x20000a6c   Data          12  sensors_task.o(.bss)
    _val420mA_sensor                         0x20000a78   Data          24  sensors_task.o(.bss)
    SDCardInfo                               0x20000b78   Data          80  stm32f4_discovery_sdio_sd.o(.bss)
    SDIO_InitStructure                       0x20000bc8   Data          24  stm32f4_discovery_sdio_sd.o(.bss)
    SDIO_CmdInitStructure                    0x20000be0   Data          20  stm32f4_discovery_sdio_sd.o(.bss)
    SDIO_DataInitStructure                   0x20000bf4   Data          24  stm32f4_discovery_sdio_sd.o(.bss)
    filesystem                               0x20000c0c   Data         560  stm32f4_sdcard.o(.bss)
    ADCValue                                 0x20000e3c   Data          20  int_stm32f4_adc.o(.bss)
    packet_Queue                             0x20000e50   Data        3180  int_stm32f4_packetqueue.o(.bss)
    dataStat_Queue                           0x20001abc   Data        2220  int_stm32f4_dataqueue.o(.bss)
    event_Queue                              0x20002368   Data          60  int_stm32f4_dataqueue.o(.bss)
    config_Queue                             0x200023a4   Data         860  int_stm32f4_dataqueue.o(.bss)
    flag_isConfDINUpdate                     0x20002700   Data          12  int_stm32f4_protocolhandle.o(.bss)
    rx_buffer1                               0x2000270c   Data         256  int_stm32f4_usart.o(.bss)
    rx_buffer3                               0x2000280c   Data         600  int_stm32f4_usart.o(.bss)
    usRegMasterHoldingBuf                    0x2001e32c   Data        3072  mb.o(.bss)
    xRegMasterCoils                          0x2001ef2c   Data          32  mb.o(.bss)
    usRegMasterInputBuf                      0x2001ef4c   Data         128  mb.o(.bss)
    ucRTUBuf                                 0x2001f0eb   Data         256  mbrtu.o(.bss)
    ucRTUSlaveBuf                            0x2001f20b   Data         256  mbslavertu.o(.bss)
    __initial_sp                             0x2001f710   Data           0  startup_stm32f4xx.o(STACK)



==============================================================================

Memory Map of the image

  Image Entry point : 0x08000189

  Load Region LR_IROM1 (Base: 0x08000000, Size: 0x00022678, Max: 0x00100000, ABSOLUTE, COMPRESSED[0x000222c8])

    Execution Region ER_IROM1 (Base: 0x08000000, Size: 0x000221c8, Max: 0x00100000, ABSOLUTE)

    Base Addr    Size         Type   Attr      Idx    E Section Name        Object

    0x08000000   0x00000188   Data   RO         1672    RESET               startup_stm32f4xx.o
    0x08000188   0x00000000   Code   RO         2329  * .ARM.Collect$$$$00000000  mc_w.l(entry.o)
    0x08000188   0x00000004   Code   RO         2666    .ARM.Collect$$$$00000001  mc_w.l(entry2.o)
    0x0800018c   0x00000004   Code   RO         2669    .ARM.Collect$$$$00000004  mc_w.l(entry5.o)
    0x08000190   0x00000000   Code   RO         2671    .ARM.Collect$$$$00000008  mc_w.l(entry7b.o)
    0x08000190   0x00000000   Code   RO         2673    .ARM.Collect$$$$0000000A  mc_w.l(entry8b.o)
    0x08000190   0x00000008   Code   RO         2674    .ARM.Collect$$$$0000000B  mc_w.l(entry9a.o)
    0x08000198   0x00000000   Code   RO         2676    .ARM.Collect$$$$0000000D  mc_w.l(entry10a.o)
    0x08000198   0x00000000   Code   RO         2678    .ARM.Collect$$$$0000000F  mc_w.l(entry11a.o)
    0x08000198   0x00000004   Code   RO         2667    .ARM.Collect$$$$00002712  mc_w.l(entry2.o)
    0x0800019c   0x000000c2   Code   RO         1652    .emb_text           port.o
    0x0800025e   0x00000002   PAD
    0x08000260   0x00004e2c   Code   RO            2    .text               main.o
    0x0800508c   0x00000190   Code   RO          322    .text               system_stm32f4xx.o
    0x0800521c   0x000001e4   Code   RO          348    .text               stm32f4xx_it.o
    0x08005400   0x00001ba8   Code   RO          407    .text               manager_task.o
    0x08006fa8   0x00000364   Code   RO          452    .text               gsm_task.o
    0x0800730c   0x00001e18   Code   RO          502    .text               sensors_task.o
    0x08009124   0x000006e4   Code   RO          534    .text               log_task.o
    0x08009808   0x00000830   Code   RO          562    .text               modbus_task.o
    0x0800a038   0x00002658   Code   RO          606    .text               sd_task.o
    0x0800c690   0x00000d24   Code   RO          633    .text               data_task.o
    0x0800d3b4   0x00000444   Code   RO          688    .text               stm32f4_discovery.o
    0x0800d7f8   0x000014a0   Code   RO          709    .text               stm32f4_discovery_sdio_sd.o
    0x0800ec98   0x000003b4   Code   RO          729    .text               stm32f4xx_usart.o
    0x0800f04c   0x000000bc   Code   RO          745    .text               misc.o
    0x0800f108   0x000003ac   Code   RO          761    .text               stm32f4xx_adc.o
    0x0800f4b4   0x00000348   Code   RO          777    .text               stm32f4xx_dma.o
    0x0800f7fc   0x000000ec   Code   RO          793    .text               stm32f4xx_exti.o
    0x0800f8e8   0x00000224   Code   RO          825    .text               stm32f4xx_gpio.o
    0x0800fb0c   0x00000434   Code   RO          841    .text               stm32f4xx_rcc.o
    0x0800ff40   0x000001c4   Code   RO          859    .text               stm32f4xx_sdio.o
    0x08010104   0x0000006c   Code   RO          875    .text               stm32f4xx_syscfg.o
    0x08010170   0x00000b10   Code   RO          891    .text               stm32f4xx_rtc.o
    0x08010c80   0x000000d8   Code   RO          907    .text               stm32f4xx_pwr.o
    0x08010d58   0x00000ac2   Code   RO          923    .text               stm32f4xx_tim.o
    0x0801181a   0x00000002   PAD
    0x0801181c   0x00000334   Code   RO          939    .text               stm32f4xx_spi.o
    0x08011b50   0x0000003c   Code   RO          955    .text               stm32f4xx_iwdg.o
    0x08011b8c   0x000003b4   Code   RO          971    .text               stm32f4xx_i2c.o
    0x08011f40   0x000000b8   Code   RO          987    .text               stm32f4_sdcard.o
    0x08011ff8   0x000002d0   Code   RO         1007    .text               int_stm32f4_timer.o
    0x080122c8   0x000002b0   Code   RO         1031    .text               int_stm32f4_rtc.o
    0x08012578   0x000001dc   Code   RO         1069    .text               int_stm32f4_protocolparser.o
    0x08012754   0x000017cc   Code   RO         1094    .text               int_stm32f4_protocolcomm.o
    0x08013f20   0x000003a4   Code   RO         1133    .text               int_stm32f4_420rclick.o
    0x080142c4   0x0000067c   Code   RO         1156    .text               int_stm32f4_packetqueue.o
    0x08014940   0x00000008   Code   RO         1180    .text               int_stm32f4_configsd.o
    0x08014948   0x0000027c   Code   RO         1203    .text               int_stm32f4_dataqueue.o
    0x08014bc4   0x00000b74   Code   RO         1220    .text               int_stm32f4_log.o
    0x08015738   0x0000020c   Code   RO         1241    .text               int_stm32f4_debug.o
    0x08015944   0x00001558   Code   RO         1270    .text               int_stm32f4_protocolhandle.o
    0x08016e9c   0x00000260   Code   RO         1292    .text               int_stm32f4_usart.o
    0x080170fc   0x000000fc   Code   RO         1313    .text               int_stm32f4_watchdog.o
    0x080171f8   0x0000122c   Code   RO         1332    .text               int_stm32f4_gsm.o
    0x08018424   0x000009ae   Code   RO         1351    .text               int_stm32f4_aes128.o
    0x08018dd2   0x00000002   PAD
    0x08018dd4   0x000000a0   Code   RO         1412    .text               int_stm32f4_flowmb.o
    0x08018e74   0x00000328   Code   RO         1448    .text               int_stm32f4_valvemb.o
    0x0801919c   0x00000358   Code   RO         1468    .text               int_stm32f4_onewire.o
    0x080194f4   0x00000442   Code   RO         1487    .text               int_stm32f4_24lc512.o
    0x08019936   0x00000002   PAD
    0x08019938   0x00000b20   Code   RO         1506    .text               int_stm32f4_csvfile.o
    0x0801a458   0x00000088   Code   RO         1561    .text               list.o
    0x0801a4e0   0x00000554   Code   RO         1579    .text               queue.o
    0x0801aa34   0x000008f0   Code   RO         1594    .text               tasks.o
    0x0801b324   0x00000108   Code   RO         1637    .text               heap_2.o
    0x0801b42c   0x000000d8   Code   RO         1653    .text               port.o
    0x0801b504   0x00000024   Code   RO         1673    .text               startup_stm32f4xx.o
    0x0801b528   0x000000b0   Code   RO         1678    .text               diskio.o
    0x0801b5d8   0x000019ca   Code   RO         1696    .text               ff.o
    0x0801cfa2   0x00000002   PAD
    0x0801cfa4   0x00000570   Code   RO         1711    .text               mb.o
    0x0801d514   0x000001cc   Code   RO         1752    .text               mbfunccoils.o
    0x0801d6e0   0x00000078   Code   RO         1771    .text               mbfuncdisc.o
    0x0801d758   0x0000022c   Code   RO         1787    .text               mbfuncholding.o
    0x0801d984   0x0000006c   Code   RO         1803    .text               mbfuncinput.o
    0x0801d9f0   0x0000006c   Code   RO         1820    .text               mbfuncother.o
    0x0801da5c   0x00000068   Code   RO         1839    .text               mbutils.o
    0x0801dac4   0x00000030   Code   RO         1855    .text               mbcrc.o
    0x0801daf4   0x000002a0   Code   RO         1873    .text               mbrtu.o
    0x0801dd94   0x00000034   Code   RO         1902    .text               portevent.o
    0x0801ddc8   0x00000188   Code   RO         1920    .text               portserial.o
    0x0801df50   0x000000bc   Code   RO         1936    .text               porttimer.o
    0x0801e00c   0x000001e8   Code   RO         1956    .text               mbslave.o
    0x0801e1f4   0x0000013a   Code   RO         1995    .text               mbslavefunccoils.o
    0x0801e32e   0x00000078   Code   RO         2014    .text               mbslavefuncdisc.o
    0x0801e3a6   0x00000180   Code   RO         2030    .text               mbslavefuncholding.o
    0x0801e526   0x00000064   Code   RO         2046    .text               mbslavefuncinput.o
    0x0801e58a   0x00000002   PAD
    0x0801e58c   0x0000006c   Code   RO         2062    .text               mbslavefuncother.o
    0x0801e5f8   0x00000068   Code   RO         2081    .text               mbslaveutils.o
    0x0801e660   0x00000030   Code   RO         2097    .text               mbslavecrc.o
    0x0801e690   0x000001ec   Code   RO         2115    .text               mbslavertu.o
    0x0801e87c   0x00000034   Code   RO         2138    .text               porteventslave.o
    0x0801e8b0   0x00000180   Code   RO         2156    .text               portserialslave.o
    0x0801ea30   0x000000b8   Code   RO         2172    .text               porttimerslave.o
    0x0801eae8   0x00000378   Code   RO         2188    .text               tm_stm32f4_adc.o
    0x0801ee60   0x0000009c   Code   RO         2262    .text               tm_stm32f4_delay.o
    0x0801eefc   0x00000038   Code   RO         2308    .text               tm_stm32f4_bkpsram.o
    0x0801ef34   0x00000008   Code   RO         2332    .text               mc_w.l(ctype_o.o)
    0x0801ef3c   0x00000012   Code   RO         2354    .text               mc_w.l(isspace_o.o)
    0x0801ef4e   0x00000002   PAD
    0x0801ef50   0x00000024   Code   RO         2360    .text               mc_w.l(rand.o)
    0x0801ef74   0x00000024   Code   RO         2363    .text               mc_w.l(memcpya.o)
    0x0801ef98   0x00000024   Code   RO         2365    .text               mc_w.l(memseta.o)
    0x0801efbc   0x00000024   Code   RO         2367    .text               mc_w.l(strstr.o)
    0x0801efe0   0x0000000e   Code   RO         2369    .text               mc_w.l(strlen.o)
    0x0801efee   0x0000001a   Code   RO         2371    .text               mc_w.l(memcmp.o)
    0x0801f008   0x00000044   Code   RO         2373    .text               mc_w.l(strtok.o)
    0x0801f04c   0x00000022   Code   RO         2379    .text               mc_w.l(strcspn.o)
    0x0801f06e   0x0000001a   Code   RO         2644    .text               mc_w.l(atoi.o)
    0x0801f088   0x0000014e   Code   RO         2646    .text               mf_w.l(dadd.o)
    0x0801f1d6   0x000000e4   Code   RO         2648    .text               mf_w.l(dmul.o)
    0x0801f2ba   0x000000de   Code   RO         2650    .text               mf_w.l(ddiv.o)
    0x0801f398   0x0000001a   Code   RO         2654    .text               mf_w.l(dfltui.o)
    0x0801f3b2   0x00000032   Code   RO         2656    .text               mf_w.l(dfixui.o)
    0x0801f3e4   0x00000026   Code   RO         2658    .text               mf_w.l(f2d.o)
    0x0801f40a   0x00000002   PAD
    0x0801f40c   0x00000028   Code   RO         2662    .text               mf_w.l(cdrcmple.o)
    0x0801f434   0x00000038   Code   RO         2664    .text               mf_w.l(d2f.o)
    0x0801f46c   0x0000002c   Code   RO         2681    .text               mc_w.l(uidiv.o)
    0x0801f498   0x00000062   Code   RO         2683    .text               mc_w.l(uldiv.o)
    0x0801f4fa   0x0000001e   Code   RO         2685    .text               mc_w.l(llshl.o)
    0x0801f518   0x00000020   Code   RO         2687    .text               mc_w.l(llushr.o)
    0x0801f538   0x00000024   Code   RO         2689    .text               mc_w.l(llsshr.o)
    0x0801f55c   0x0000009c   Code   RO         2698    .text               mc_w.l(strtod.o)
    0x0801f5f8   0x00000070   Code   RO         2700    .text               mc_w.l(strtol.o)
    0x0801f668   0x00000000   Code   RO         2702    .text               mc_w.l(iusefp.o)
    0x0801f668   0x0000006c   Code   RO         2703    .text               mf_w.l(fepilogue.o)
    0x0801f6d4   0x000000be   Code   RO         2705    .text               mf_w.l(depilogue.o)
    0x0801f792   0x00000030   Code   RO         2707    .text               mf_w.l(dfixul.o)
    0x0801f7c2   0x00000002   PAD
    0x0801f7c4   0x00000024   Code   RO         2709    .text               mc_w.l(init.o)
    0x0801f7e8   0x0000033c   Code   RO         2713    .text               mc_w.l(scanf_fp.o)
    0x0801fb24   0x00000040   Code   RO         2717    .text               mc_w.l(_sgetc.o)
    0x0801fb64   0x0000009e   Code   RO         2719    .text               mc_w.l(_strtoul.o)
    0x0801fc02   0x0000001c   Code   RO         2724    .text               mc_w.l(_chval.o)
    0x0801fc1e   0x00000018   Code   RO         2726    .text               mf_w.l(dfltul.o)
    0x0801fc36   0x0000005c   Code   RO         2736    .text               mc_w.l(__dczerorl2.o)
    0x0801fc92   0x00000002   PAD
    0x0801fc94   0x00000020   Code   RO         2616    i.__0printf         mc_w.l(printfa.o)
    0x0801fcb4   0x00000028   Code   RO         2618    i.__0sprintf        mc_w.l(printfa.o)
    0x0801fcdc   0x00000024   Code   RO         2622    i.__0vsprintf       mc_w.l(printfa.o)
    0x0801fd00   0x00000008   Code   RO         2691    i.__aeabi_errno_addr  mc_w.l(errno.o)
    0x0801fd08   0x00000038   Code   RO         2323    i.__hardfp_atof     m_wm.l(atof.o)
    0x0801fd40   0x0000000c   Code   RO         2692    i.__read_errno      mc_w.l(errno.o)
    0x0801fd4c   0x0000000e   Code   RO         2730    i.__scatterload_copy  mc_w.l(handlers.o)
    0x0801fd5a   0x00000002   Code   RO         2731    i.__scatterload_null  mc_w.l(handlers.o)
    0x0801fd5c   0x0000000e   Code   RO         2732    i.__scatterload_zeroinit  mc_w.l(handlers.o)
    0x0801fd6a   0x00000002   PAD
    0x0801fd6c   0x0000000c   Code   RO         2693    i.__set_errno       mc_w.l(errno.o)
    0x0801fd78   0x0000015c   Code   RO         2623    i._fp_digits        mc_w.l(printfa.o)
    0x0801fed4   0x0000000e   Code   RO         2715    i._is_digit         mc_w.l(scanf_fp.o)
    0x0801fee2   0x00000002   PAD
    0x0801fee4   0x000006f0   Code   RO         2624    i._printf_core      mc_w.l(printfa.o)
    0x080205d4   0x00000026   Code   RO         2625    i._printf_post_padding  mc_w.l(printfa.o)
    0x080205fa   0x00000030   Code   RO         2626    i._printf_pre_padding  mc_w.l(printfa.o)
    0x0802062a   0x0000000a   Code   RO         2628    i._sputc            mc_w.l(printfa.o)
    0x08020634   0x000001d5   Data   RO            4    .constdata          main.o
    0x08020809   0x00000003   PAD
    0x0802080c   0x0000008e   Data   RO          409    .constdata          manager_task.o
    0x0802089a   0x00000002   PAD
    0x0802089c   0x000000b8   Data   RO          504    .constdata          sensors_task.o
    0x08020954   0x00000c89   Data   RO          607    .constdata          sd_task.o
    0x080215dd   0x00000003   PAD
    0x080215e0   0x000000b4   Data   RO          689    .constdata          stm32f4_discovery.o
    0x08021694   0x00000006   Data   RO         1095    .constdata          int_stm32f4_protocolcomm.o
    0x0802169a   0x00000002   Data   RO         1096    .constdata          int_stm32f4_protocolcomm.o
    0x0802169c   0x00000006   Data   RO         1098    .constdata          int_stm32f4_protocolcomm.o
    0x080216a2   0x00000002   Data   RO         1099    .constdata          int_stm32f4_protocolcomm.o
    0x080216a4   0x0000000c   Data   RO         1100    .constdata          int_stm32f4_protocolcomm.o
    0x080216b0   0x00000102   Data   RO         1101    .constdata          int_stm32f4_protocolcomm.o
    0x080217b2   0x00000002   PAD
    0x080217b4   0x00000024   Data   RO         1134    .constdata          int_stm32f4_420rclick.o
    0x080217d8   0x000000e5   Data   RO         1158    .constdata          int_stm32f4_packetqueue.o
    0x080218bd   0x00000003   PAD
    0x080218c0   0x00000018   Data   RO         1181    .constdata          int_stm32f4_configsd.o
    0x080218d8   0x00000008   Data   RO         1182    .constdata          int_stm32f4_configsd.o
    0x080218e0   0x00000030   Data   RO         1183    .constdata          int_stm32f4_configsd.o
    0x08021910   0x00000018   Data   RO         1184    .constdata          int_stm32f4_configsd.o
    0x08021928   0x00000008   Data   RO         1185    .constdata          int_stm32f4_configsd.o
    0x08021930   0x00000018   Data   RO         1186    .constdata          int_stm32f4_configsd.o
    0x08021948   0x00000090   Data   RO         1272    .constdata          int_stm32f4_protocolhandle.o
    0x080219d8   0x00000010   Data   RO         1352    .constdata          int_stm32f4_aes128.o
    0x080219e8   0x0000020b   Data   RO         1353    .constdata          int_stm32f4_aes128.o
    0x08021bf3   0x00000001   PAD
    0x08021bf4   0x0000012e   Data   RO         1507    .constdata          int_stm32f4_csvfile.o
    0x08021d22   0x00000200   Data   RO         1856    .constdata          mbcrc.o
    0x08021f22   0x00000200   Data   RO         2098    .constdata          mbslavecrc.o
    0x08022122   0x00000081   Data   RO         2333    .constdata          mc_w.l(ctype_o.o)
    0x080221a3   0x00000001   PAD
    0x080221a4   0x00000004   Data   RO         2334    .constdata          mc_w.l(ctype_o.o)
    0x080221a8   0x00000020   Data   RO         2728    Region$$Table       anon$$obj.o


    Execution Region RW_IRAM1 (Base: 0x20000000, Size: 0x0001f710, Max: 0x00020000, ABSOLUTE, COMPRESSED[0x00000100])

    Base Addr    Size         Type   Attr      Idx    E Section Name        Object

    0x20000000   0x0000006c   Data   RW            5    .data               main.o
    0x2000006c   0x00000004   Data   RW            6    .data               main.o
    0x20000070   0x00000001   Data   RW            7    .data               main.o
    0x20000071   0x00000001   Data   RW            9    .data               main.o
    0x20000072   0x00000001   Data   RW           10    .data               main.o
    0x20000073   0x00000001   Data   RW           11    .data               main.o
    0x20000074   0x00000001   Data   RW           12    .data               main.o
    0x20000075   0x00000001   Data   RW           13    .data               main.o
    0x20000076   0x00000001   Data   RW           14    .data               main.o
    0x20000077   0x00000001   Data   RW           15    .data               main.o
    0x20000078   0x00000001   Data   RW           16    .data               main.o
    0x20000079   0x00000001   Data   RW           17    .data               main.o
    0x2000007a   0x00000001   Data   RW           18    .data               main.o
    0x2000007b   0x00000001   Data   RW           19    .data               main.o
    0x2000007c   0x00000001   Data   RW           20    .data               main.o
    0x2000007d   0x00000001   Data   RW           21    .data               main.o
    0x2000007e   0x00000002   Data   RW           22    .data               main.o
    0x20000080   0x00000002   Data   RW           23    .data               main.o
    0x20000082   0x00000002   Data   RW           24    .data               main.o
    0x20000084   0x00000004   Data   RW           25    .data               main.o
    0x20000088   0x00000004   Data   RW           26    .data               main.o
    0x2000008c   0x00000004   Data   RW           27    .data               main.o
    0x20000090   0x00000001   Data   RW           29    .data               main.o
    0x20000091   0x00000003   PAD
    0x20000094   0x00000014   Data   RW          323    .data               system_stm32f4xx.o
    0x200000a8   0x00000004   Data   RW          349    .data               stm32f4xx_it.o
    0x200000ac   0x0000003c   Data   RW          410    .data               manager_task.o
    0x200000e8   0x00000001   Data   RW          411    .data               manager_task.o
    0x200000e9   0x00000003   PAD
    0x200000ec   0x00000004   Data   RW          412    .data               manager_task.o
    0x200000f0   0x00000001   Data   RW          460    .data               gsm_task.o
    0x200000f1   0x00000003   PAD
    0x200000f4   0x0000008c   Data   RW          505    .data               sensors_task.o
    0x20000180   0x00000004   Data   RW          564    .data               modbus_task.o
    0x20000184   0x00000008   Data   RW          634    .data               data_task.o
    0x2000018c   0x0000005c   Data   RW          690    .data               stm32f4_discovery.o
    0x200001e8   0x00000018   Data   RW          711    .data               stm32f4_discovery_sdio_sd.o
    0x20000200   0x00000010   Data   RW          842    .data               stm32f4xx_rcc.o
    0x20000210   0x00000004   Data   RW          989    .data               stm32f4_sdcard.o
    0x20000214   0x00000018   Data   RW         1008    .data               int_stm32f4_timer.o
    0x2000022c   0x00000006   Data   RW         1102    .data               int_stm32f4_protocolcomm.o
    0x20000232   0x0000000b   Data   RW         1103    .data               int_stm32f4_protocolcomm.o
    0x2000023d   0x00000003   PAD
    0x20000240   0x00000004   Data   RW         1135    .data               int_stm32f4_420rclick.o
    0x20000244   0x00000001   Data   RW         1159    .data               int_stm32f4_packetqueue.o
    0x20000245   0x00000009   Data   RW         1205    .data               int_stm32f4_dataqueue.o
    0x2000024e   0x00000003   Data   RW         1223    .data               int_stm32f4_log.o
    0x20000251   0x00000003   PAD
    0x20000254   0x00000004   Data   RW         1242    .data               int_stm32f4_debug.o
    0x20000258   0x0000002c   Data   RW         1273    .data               int_stm32f4_protocolhandle.o
    0x20000284   0x00000006   Data   RW         1294    .data               int_stm32f4_usart.o
    0x2000028a   0x00000002   PAD
    0x2000028c   0x0000000c   Data   RW         1314    .data               int_stm32f4_watchdog.o
    0x20000298   0x00000014   Data   RW         1469    .data               int_stm32f4_onewire.o
    0x200002ac   0x00000038   Data   RW         1596    .data               tasks.o
    0x200002e4   0x00000018   Data   RW         1639    .data               heap_2.o
    0x200002fc   0x00000004   Data   RW         1654    .data               port.o
    0x20000300   0x00000008   Data   RW         1697    .data               ff.o
    0x20000308   0x000000b4   Data   RW         1713    .data               mb.o
    0x200003bc   0x00000002   Data   RW         1804    .data               mbfuncinput.o
    0x200003be   0x00000002   Data   RW         1822    .data               mbfuncother.o
    0x200003c0   0x0000000c   Data   RW         1875    .data               mbrtu.o
    0x200003cc   0x00000002   Data   RW         1903    .data               portevent.o
    0x200003ce   0x00000002   PAD
    0x200003d0   0x000000ac   Data   RW         1957    .data               mbslave.o
    0x2000047c   0x00000002   Data   RW         2064    .data               mbslavefuncother.o
    0x2000047e   0x00000002   PAD
    0x20000480   0x0000000c   Data   RW         2117    .data               mbslavertu.o
    0x2000048c   0x00000002   Data   RW         2139    .data               porteventslave.o
    0x2000048e   0x00000001   Data   RW         2189    .data               tm_stm32f4_adc.o
    0x2000048f   0x00000001   PAD
    0x20000490   0x00000010   Data   RW         2264    .data               tm_stm32f4_delay.o
    0x200004a0   0x00000004   Data   RW         2361    .data               mc_w.l(rand.o)
    0x200004a4   0x00000004   Data   RW         2374    .data               mc_w.l(strtok.o)
    0x200004a8   0x00000004   Data   RW         2680    .data               mc_w.l(stdout.o)
    0x200004ac   0x00000004   Data   RW         2694    .data               mc_w.l(errno.o)
    0x200004b0   0x00000580   Zero   RW            3    .bss                main.o
    0x20000a30   0x0000003c   Zero   RW          408    .bss                manager_task.o
    0x20000a6c   0x0000006c   Zero   RW          503    .bss                sensors_task.o
    0x20000ad8   0x0000006e   Zero   RW          563    .bss                modbus_task.o
    0x20000b46   0x00000002   PAD
    0x20000b48   0x000000c4   Zero   RW          710    .bss                stm32f4_discovery_sdio_sd.o
    0x20000c0c   0x00000230   Zero   RW          988    .bss                stm32f4_sdcard.o
    0x20000e3c   0x00000014   Zero   RW         1048    .bss                int_stm32f4_adc.o
    0x20000e50   0x00000c6c   Zero   RW         1157    .bss                int_stm32f4_packetqueue.o
    0x20001abc   0x00000c44   Zero   RW         1204    .bss                int_stm32f4_dataqueue.o
    0x20002700   0x0000000c   Zero   RW         1271    .bss                int_stm32f4_protocolhandle.o
    0x2000270c   0x00000358   Zero   RW         1293    .bss                int_stm32f4_usart.o
    0x20002a64   0x000000c8   Zero   RW         1595    .bss                tasks.o
    0x20002b2c   0x0001b800   Zero   RW         1638    .bss                heap_2.o
    0x2001e32c   0x00000d9f   Zero   RW         1712    .bss                mb.o
    0x2001f0cb   0x00000020   Zero   RW         1821    .bss                mbfuncother.o
    0x2001f0eb   0x00000100   Zero   RW         1874    .bss                mbrtu.o
    0x2001f1eb   0x00000020   Zero   RW         2063    .bss                mbslavefuncother.o
    0x2001f20b   0x00000100   Zero   RW         2116    .bss                mbslavertu.o
    0x2001f30b   0x00000005   PAD
    0x2001f310   0x00000400   Zero   RW         1670    STACK               startup_stm32f4xx.o


==============================================================================

Image component sizes


      Code (inc. data)   RO Data    RW Data    ZI Data      Debug   Object Name

      3364       1020          0          8          0       5711   data_task.o
       176          4          0          0          0       3498   diskio.o
      6602         36          0          8          0      23388   ff.o
       868        326          0          1          0       3466   gsm_task.o
       264         12          0         24     112640       3508   heap_2.o
      1090         16          0          0          0       4953   int_stm32f4_24lc512.o
       932        162         36          4          0       3288   int_stm32f4_420rclick.o
         0          0          0          0         20        651   int_stm32f4_adc.o
      2478         10        539          0          0       5199   int_stm32f4_aes128.o
         8          0        136          0          0       2098   int_stm32f4_configsd.o
      2848        500        302          0          0       7127   int_stm32f4_csvfile.o
       636         12          0          9       3140       4855   int_stm32f4_dataqueue.o
       524         48          0          4          0       4598   int_stm32f4_debug.o
       160          6          0          0          0       5563   int_stm32f4_flowmb.o
      4652       2026          0          0          0       9666   int_stm32f4_gsm.o
      2932        612          0          3          0       9937   int_stm32f4_log.o
       856          8          0         20          0       5700   int_stm32f4_onewire.o
      1660        676        229          1       3180       5223   int_stm32f4_packetqueue.o
      6092       2156        286         17          0      24546   int_stm32f4_protocolcomm.o
      5464       1998        144         44         12       9086   int_stm32f4_protocolhandle.o
       476         14          0          0          0       4962   int_stm32f4_protocolparser.o
       688         32          0          0          0       3856   int_stm32f4_rtc.o
       720         52          0         24          0       4067   int_stm32f4_timer.o
       608        114          0          6        856       3062   int_stm32f4_usart.o
       808        382          0          0          0       3013   int_stm32f4_valvemb.o
       252         14          0         12          0       1846   int_stm32f4_watchdog.o
       136          0          0          0          0       3402   list.o
      1764        914          0          0          0       2441   log_task.o
     20012      10008        469        145       1408     403458   main.o
      7080       2400        142         65         60      14293   manager_task.o
      1392        244          0        180       3487      11007   mb.o
        48          6        512          0          0       1448   mbcrc.o
       460         72          0          0          0       4106   mbfunccoils.o
       120          0          0          0          0       1924   mbfuncdisc.o
       556          0          0          0          0       5789   mbfuncholding.o
       108          6          0          2          0       2063   mbfuncinput.o
       108          8          0          2         32       2033   mbfuncother.o
       672         82          0         12        256       4305   mbrtu.o
       488         34          0        172          0       7213   mbslave.o
        48          6        512          0          0       1481   mbslavecrc.o
       314          0          0          0          0       3593   mbslavefunccoils.o
       120          0          0          0          0       1969   mbslavefuncdisc.o
       384          0          0          0          0       4697   mbslavefuncholding.o
       100          0          0          0          0       1940   mbslavefuncinput.o
       108          8          0          2         32       2091   mbslavefuncother.o
       492         12          0         12        256       4210   mbslavertu.o
       104          0          0          0          0       2301   mbslaveutils.o
       104          0          0          0          0       2246   mbutils.o
       188         18          0          0          0       2257   misc.o
      2096        692          0          4        110       6744   modbus_task.o
       410         38          0          4          0       5103   port.o
        52          6          0          2          0       1828   portevent.o
        52          6          0          2          0       1891   porteventslave.o
       392         12          0          0          0       2855   portserial.o
       384         12          0          0          0       2596   portserialslave.o
       188          6          0          0          0       2037   porttimer.o
       184          8          0          0          0       1244   porttimerslave.o
      1364          0          0          0          0       9975   queue.o
      9816       4038       3209          0          0      10009   sd_task.o
      7704        428        184        140        108      10326   sensors_task.o
        36          8        392          0       1024        840   startup_stm32f4xx.o
      1092         28        180         92          0       5187   stm32f4_discovery.o
      5280         90          0         24        196      19612   stm32f4_discovery_sdio_sd.o
       184          8          0          4        560       3133   stm32f4_sdcard.o
       940         24          0          0          0      11590   stm32f4xx_adc.o
       840         34          0          0          0       7177   stm32f4xx_dma.o
       236         10          0          0          0       2703   stm32f4xx_exti.o
       548         36          0          0          0       4853   stm32f4xx_gpio.o
       948         20          0          0          0       9263   stm32f4xx_i2c.o
       484        328          0          4          0      14789   stm32f4xx_it.o
        60          6          0          0          0       1453   stm32f4xx_iwdg.o
       216         20          0          0          0       2772   stm32f4xx_pwr.o
      1076         44          0         16          0      12051   stm32f4xx_rcc.o
      2832         38          0          0          0      16336   stm32f4xx_rtc.o
       452         30          0          0          0       7844   stm32f4xx_sdio.o
       820         20          0          0          0       7737   stm32f4xx_spi.o
       108         12          0          0          0       1827   stm32f4xx_syscfg.o
      2754         60          0          0          0      25068   stm32f4xx_tim.o
       948         24          0          0          0       8880   stm32f4xx_usart.o
       400         36          0         20          0       2039   system_stm32f4xx.o
      2288         40          0         56        200      15323   tasks.o
       888         34          0          1          0       5357   tm_stm32f4_adc.o
        56         10          0          0          0        558   tm_stm32f4_bkpsram.o
       156         16          0         16          0      20296   tm_stm32f4_delay.o

    ----------------------------------------------------------------------
    126360      30276       7318       1184     127584     914430   Object Totals
         0          0         32          0          0          0   (incl. Generated)
        12          0         14         22          7          0   (incl. Padding)

    ----------------------------------------------------------------------

      Code (inc. data)   RO Data    RW Data    ZI Data      Debug   Library Member Name

        56         12          0          0          0        132   atof.o
        92          0          0          0          0          0   __dczerorl2.o
        28          0          0          0          0         68   _chval.o
        64          0          0          0          0         84   _sgetc.o
       158          0          0          0          0         92   _strtoul.o
        26          0          0          0          0         80   atoi.o
         8          4        133          0          0         68   ctype_o.o
         0          0          0          0          0          0   entry.o
         0          0          0          0          0          0   entry10a.o
         0          0          0          0          0          0   entry11a.o
         8          4          0          0          0          0   entry2.o
         4          0          0          0          0          0   entry5.o
         0          0          0          0          0          0   entry7b.o
         0          0          0          0          0          0   entry8b.o
         8          4          0          0          0          0   entry9a.o
        32         16          0          4          0        204   errno.o
        30          0          0          0          0          0   handlers.o
        36          8          0          0          0         68   init.o
        18          0          0          0          0         76   isspace_o.o
         0          0          0          0          0          0   iusefp.o
        30          0          0          0          0         68   llshl.o
        36          0          0          0          0         68   llsshr.o
        32          0          0          0          0         68   llushr.o
        26          0          0          0          0         80   memcmp.o
        36          0          0          0          0         68   memcpya.o
        36          0          0          0          0        108   memseta.o
      2328        102          0          0          0        676   printfa.o
        36         10          0          4          0        136   rand.o
       842         12          0          0          0        216   scanf_fp.o
         0          0          0          4          0          0   stdout.o
        34          0          0          0          0         80   strcspn.o
        14          0          0          0          0         68   strlen.o
        36          0          0          0          0         80   strstr.o
       156         14          0          0          0        120   strtod.o
        68          6          0          4          0         80   strtok.o
       112          0          0          0          0         88   strtol.o
        44          0          0          0          0         80   uidiv.o
        98          0          0          0          0         92   uldiv.o
        40          2          0          0          0         68   cdrcmple.o
        56          0          0          0          0         88   d2f.o
       334          0          0          0          0        148   dadd.o
       222          0          0          0          0        100   ddiv.o
       190          0          0          0          0        176   depilogue.o
        50          0          0          0          0         76   dfixui.o
        48          0          0          0          0         68   dfixul.o
        26          0          0          0          0         76   dfltui.o
        24          0          0          0          0         76   dfltul.o
       228          0          0          0          0         96   dmul.o
        38          0          0          0          0         68   f2d.o
       108          0          0          0          0        168   fepilogue.o

    ----------------------------------------------------------------------
      5908        194        134         16          0       4256   Library Totals
        12          0          1          0          0          0   (incl. Padding)

    ----------------------------------------------------------------------

      Code (inc. data)   RO Data    RW Data    ZI Data      Debug   Library Name

        56         12          0          0          0        132   m_wm.l
      4476        180        133         16          0       2916   mc_w.l
      1364          2          0          0          0       1208   mf_w.l

    ----------------------------------------------------------------------
      5908        194        134         16          0       4256   Library Totals

    ----------------------------------------------------------------------

==============================================================================


      Code (inc. data)   RO Data    RW Data    ZI Data      Debug   

    132268      30470       7452       1200     127584     897998   Grand Totals
    132268      30470       7452        256     127584     897998   ELF Image Totals (compressed)
    132268      30470       7452        256          0          0   ROM Totals

==============================================================================

    Total RO  Size (Code + RO Data)               139720 ( 136.45kB)
    Total RW  Size (RW Data + ZI Data)            128784 ( 125.77kB)
    Total ROM Size (Code + RO Data + RW Data)     139976 ( 136.70kB)

==============================================================================

