RAM Allocation
Variable                                                          Address   Size
--------------------------------------------------------------------------------
flag_PackageTerminate3                                            0x0D6E       1
rxPackage3                                                        0x0D6F      64
rx_buffer0                                                        0x0DAF     500
rx_wr_index0                                                      0x0FA3       2
rx_rd_index0                                                      0x0FA5       2
rx_counter0                                                       0x0FA7       2
configRd                                                          0x0FA9     325
configLen                                                         0x10EE       2
config_start                                                      0x10F0       1
config_ready                                                      0x10F1       1
config_end                                                        0x10F2       1
config_response                                                   0x10F3       1
hwCalId                                                           0x10F4       2
is_properties_config_update                                       0x10F6       1
is_operating_config_update                                        0x10F7       1
is_sensor_config_update                                           0x10F8       5
is_din_config_update                                              0x10FD      16
is_dout_config_update                                             0x110D       5
is_buzzer_config_update                                           0x1112       1
is_status_config_update                                           0x1113       1
is_env_config_update                                              0x1114       1
properties_config                                                 0x1115     161
operating_config                                                  0x11B6       8
sensor_config                                                     0x11BE     145
din_config                                                        0x124F      48
dout_config                                                       0x127F     190
buzz_config                                                       0x133D      37
status_config                                                     0x1362       3
env_config                                                        0x1365      18
baseCounter                                                       0x1377       4
eth_waitQueue                                                     0x137B     165
ETH_current_mode                                                  0x1420       1
commLostTimer                                                     0x1421       4
duplicateListClear                                                0x1425       1
logDataWait                                                       0x1426       5
logEventWait                                                      0x142B       5
raw_rtc                                                           0x1430       4
prtc_get_time                                                     0x1434       4
prtc_get_date                                                     0x1438       4
d_out                                                             0x143C       2
adcData                                                           0x143E      20
sensor                                                            0x1452      25
sdFreeSpace                                                       0x146B       4
sensorStatus                                                      0x146F       5
dataStatus                                                        0x1474       5
mtncStatus                                                        0x1479       1
powerSrcStatus                                                    0x147A       1
batteryStatus                                                     0x147B       1
dinStatus                                                         0x147C       2
doutStatus                                                        0x147E       2
serverCommStatus                                                  0x1480       1
lanStatus                                                         0x1481       1
memoryStatus                                                      0x1482       1
batteryVolt                                                       0x1483       4
muteAlarmExpired                                                  0x1487       4
muteMode                                                          0x148B       1
sensorAlarm                                                       0x148C       5
dataAlarm                                                         0x1491       5
dinAlarm                                                          0x1496      16
batteryAlarm                                                      0x14A6       1
memoryAlarm                                                       0x14A7       1
LOGFILE_DATA                                                      0x14A8       9
LOGFILE_EVENT                                                     0x14B1      10
LOGFILE_ERROR                                                     0x14BB      10
LOG_INIT_STR                                                      0x14C5      16
LOG_openFile                                                      0x14D5       4
LOG_closeFile                                                     0x14D9       4
isDataLogEmpty                                                    0x14DD       1
isEventLogEmpty                                                   0x14DE       1
ETH_rst_timer                                                     0x14DF       4
adcBatt                                                           0x14E3       4
sess_list                                                         0x14E7     100
sensorCalConfig                                                   0x154B      12
pfCalibrate                                                       0x1557       4
dhtDevice                                                         0x155B      10
dataQ                                                             0x1565     100
dataQ_len                                                         0x15C9       2
t                                                                 0x15CB       4
t_flag                                                            0x15CF       1
lastCheck                                                         0x15D0       1
t                                                                 0x15D1      20
flag_lower                                                        0x15E5       5
flag_upper                                                        0x15EA       5
t                                                                 0x15EF       8
lastDinCheck                                                      0x15F7       2
steadyState                                                       0x15F9       2
eventQ                                                            0x15FB     120
last_wr_eventQ                                                    0x1673       2
last_rd_eventQ                                                    0x1675       2
eventQ_len                                                        0x1677       2
ainAlarm                                                          0x1679      16
mtncAlarm                                                         0x1689       1
powerSrcAlarm                                                     0x168A       1
communicationAlarm                                                0x168B       1
gsmAlarm                                                          0x168C       1
gsmBalanceAlarm                                                   0x168D       1
t_S0110003000                                                     0x168E       4
t_flag_S0110003000                                                0x1692       1
lastCheck_S0110003000                                             0x1693       1
t_S0110004000                                                     0x1694       4
t_flag_S0110004000                                                0x1698       1
lastCheck_S0110004000                                             0x1699       1
t_S0110005000                                                     0x169A       4
t_flag_S0110005000                                                0x169E       1
t_S0110006000                                                     0x169F       8
t_flag_S0110006000                                                0x16A7       2
lastCheck_S0110006000                                             0x16A9       2
t_S0110007000                                                     0x16AB      20
t_flag_S0110007000                                                0x16BF       5
lastCheck_S0110007000                                             0x16C4       5
t_S0110008000                                                     0x16C9      20
t_flag_S0110008000                                                0x16DD       5
fat                                                               0x16E2     562
pfat                                                              0x1914       2
root_path                                                         0x1916       4
eventLogQueue                                                     0x191A     140
eventLogQCount                                                    0x19A6       1
dataLogQueue                                                      0x19A7     110
dataLogQCount                                                     0x1A15       1
currentPage                                                       0x1A16       1
n                                                                 0x1A17       2
a                                                                 0x1A19      48
_seed                                                             0x1A49       4
status                                                            0x1A4D       1
timer1                                                            0x1A4E       1
timer2                                                            0x1A4F       1
card_type                                                         0x1A50       1
pv_S102000B000                                                    0x1A51       1
FatFs                                                             0x1A52       2
Fsid                                                              0x1A54       2
Drive                                                             0x1A56       1

EEPROM Allocation
Variable                                                          Address   Size
--------------------------------------------------------------------------------
config_prop                                                       0x0000     161
config_oper                                                       0x00A1       8
config_sens                                                       0x00A9     145
config_din                                                        0x013A      48
config_dout                                                       0x016A     190
config_ain                                                        0x0228      80
config_aout                                                       0x0278     656
config_buzz                                                       0x0508      37
config_alm                                                        0x052D      18
config_stat                                                       0x053F       3
config_prop_flag                                                  0x0542       1
config_oper_flag                                                  0x0543       1
config_sens_flag                                                  0x0544       5
config_din_flag                                                   0x0549      16
config_dout_flag                                                  0x0559       5
config_ain_flag                                                   0x055E      16
config_aout_flag                                                  0x056E      16
config_buzz_flag                                                  0x057E       1
config_alm_flag                                                   0x057F       1
config_stat_flag                                                  0x0580       1
DEVICE_SERIAL                                                     0x0581       8
eep_vref_val                                                      0x0589       4
sensorCalulate                                                    0x058D     130
userPwd                                                           0x060F       4
servicePwd                                                        0x0613       4

Register Allocation
Variable                                                          Register  Size
--------------------------------------------------------------------------------
flag_oled_ack                                                     GPIOR0.0  1bit
rx_buffer_overflow0                                               GPIOR0.1  1bit
rxPackageIndex3                                                   R5           1
rxPackageIndexCount3                                              R4           1
timer_1sec_flag                                                   GPIOR0.2  1bit
buzzer_on                                                         GPIOR0.3  1bit
toggle                                                            GPIOR0.4  1bit
ETH_waitQCount                                                    R7           1
last_sess_id                                                      R8,R9        2
last_wr_dataQ                                                     R10,R11      2
last_rd_dataQ                                                     R12,R13      2
muteAlarm                                                         R6           1
