RAM Allocation
Variable                                                          Address   Size
--------------------------------------------------------------------------------
flag_PackageTerminate3                                            0x0D6E       1
rxPackage3                                                        0x0D6F      64
rx_buffer0                                                        0x0DAF     500
rx_wr_index0                                                      0x0FA3       2
rx_rd_index0                                                      0x0FA5       2
rx_counter0                                                       0x0FA7       2
configRd                                                          0x0FA9     325
configLen                                                         0x10EE       2
config_start                                                      0x10F0       1
config_ready                                                      0x10F1       1
config_end                                                        0x10F2       1
config_response                                                   0x10F3       1
hwCalId                                                           0x10F4       2
is_properties_config_update                                       0x10F6       1
is_operating_config_update                                        0x10F7       1
is_sensor_config_update                                           0x10F8       5
is_din_config_update                                              0x10FD      16
is_dout_config_update                                             0x110D       5
is_buzzer_config_update                                           0x1112       1
is_status_config_update                                           0x1113       1
is_env_config_update                                              0x1114       1
properties_config                                                 0x1115     161
operating_config                                                  0x11B6       8
sensor_config                                                     0x11BE     145
din_config                                                        0x124F      48
dout_config                                                       0x127F     190
buzz_config                                                       0x133D      37
status_config                                                     0x1362       3
env_config                                                        0x1365      18
baseCounter                                                       0x1377       4
eth_waitQueue                                                     0x137B     165
ETH_current_mode                                                  0x1420       1
commLostTimer                                                     0x1421       4
duplicateListClear                                                0x1425       1
logDataWait                                                       0x1426       5
logEventWait                                                      0x142B       5
raw_rtc                                                           0x1430       4
d_out                                                             0x1434       2
adcData                                                           0x1436      20
sensor                                                            0x144A      25
prtc_get_time                                                     0x1463       4
prtc_get_date                                                     0x1467       4
sdFreeSpace                                                       0x146B       4
sensorStatus                                                      0x146F       5
dataStatus                                                        0x1474       5
mtncStatus                                                        0x1479       1
powerSrcStatus                                                    0x147A       1
batteryStatus                                                     0x147B       1
dinStatus                                                         0x147C       2
doutStatus                                                        0x147E       2
serverCommStatus                                                  0x1480       1
lanStatus                                                         0x1481       1
memoryStatus                                                      0x1482       1
batteryVolt                                                       0x1483       4
muteAlarmExpired                                                  0x1487       4
muteMode                                                          0x148B       1
sensorAlarm                                                       0x148C       5
dataAlarm                                                         0x1491       5
dinAlarm                                                          0x1496      16
batteryAlarm                                                      0x14A6       1
memoryAlarm                                                       0x14A7       1
LOGFILE_DATA                                                      0x14A8       9
LOGFILE_EVENT                                                     0x14B1      10
LOGFILE_ERROR                                                     0x14BB      10
LOG_INIT_STR                                                      0x14C5      16
LOG_openFile                                                      0x14D5       4
LOG_closeFile                                                     0x14D9       4
isDataLogEmpty                                                    0x14DD       1
isEventLogEmpty                                                   0x14DE       1
currentPage                                                       0x14DF       1
ETH_rst_timer                                                     0x14E0       4
flag_hold_MODE                                                    0x14E4       1
flag_hold_UP                                                      0x14E5       1
flag_hold_DOWN                                                    0x14E6       1
flag_hold_OK                                                      0x14E7       1
adcBatt                                                           0x14E8       4
sess_list                                                         0x14EC     100
t                                                                 0x1550      20
lastCheck                                                         0x1564       5
steadyState                                                       0x1569       5
dataQ                                                             0x156E     100
dataQ_len                                                         0x15D2       2
t                                                                 0x15D4       4
t_flag                                                            0x15D8       1
lastCheck                                                         0x15D9       1
t                                                                 0x15DA      20
flag_lower                                                        0x15EE       5
flag_upper                                                        0x15F3       5
t                                                                 0x15F8       8
lastDinCheck                                                      0x1600       2
steadyState                                                       0x1602       2
eventQ                                                            0x1604     120
last_wr_eventQ                                                    0x167C       2
last_rd_eventQ                                                    0x167E       2
eventQ_len                                                        0x1680       2
ainAlarm                                                          0x1682      16
mtncAlarm                                                         0x1692       1
powerSrcAlarm                                                     0x1693       1
communicationAlarm                                                0x1694       1
gsmAlarm                                                          0x1695       1
gsmBalanceAlarm                                                   0x1696       1
t_S0110003000                                                     0x1697       4
t_flag_S0110003000                                                0x169B       1
lastCheck_S0110003000                                             0x169C       1
t_S0110004000                                                     0x169D       4
t_flag_S0110004000                                                0x16A1       1
lastCheck_S0110004000                                             0x16A2       1
t_S0110005000                                                     0x16A3       4
t_flag_S0110005000                                                0x16A7       1
t_S0110006000                                                     0x16A8       8
t_flag_S0110006000                                                0x16B0       2
lastCheck_S0110006000                                             0x16B2       2
t_S0110007000                                                     0x16B4      20
t_flag_S0110007000                                                0x16C8       5
lastCheck_S0110007000                                             0x16CD       5
t_S0110008000                                                     0x16D2      20
t_flag_S0110008000                                                0x16E6       5
fat                                                               0x16EB     562
pfat                                                              0x191D       2
root_path                                                         0x191F       4
eventLogQueue                                                     0x1923     140
eventLogQCount                                                    0x19AF       1
dataLogQueue                                                      0x19B0     110
dataLogQCount                                                     0x1A1E       1
cursor_S0160000000                                                0x1A1F       1
tmpNextPage_S0160000000                                           0x1A20       1
tmpPrevPage_S0160000000                                           0x1A21       1
entPwd_S0160000000                                                0x1A22       4
newPwd_S0160000000                                                0x1A26       4
confPwd_S0160000000                                               0x1A2A       4
setIp_S0160000000                                                 0x1A2E      12
setMask_S0160000000                                               0x1A3A      12
setGw_S0160000000                                                 0x1A46      12
setServer_S0160000000                                             0x1A52      12
devEn_S0160000000                                                 0x1A5E       1
almEn_S0160000000                                                 0x1A5F       1
prbEn_S0160000000                                                 0x1A60       5
mute_S0160000000                                                  0x1A65       1
vRef_S0160000000                                                  0x1A66       3
prb1_S0160000000                                                  0x1A69       1
prb2_S0160000000                                                  0x1A6A       1
calPnt_S0160000000                                                0x1A6B       6
n                                                                 0x1A71       2
a                                                                 0x1A73      48
indexWrite                                                        0x1AA3       2
gItemSize                                                         0x1AA5       2
smoothBuffer                                                      0x1AA7       2
_seed                                                             0x1AA9       4
status                                                            0x1AAD       1
timer1                                                            0x1AAE       1
timer2                                                            0x1AAF       1
card_type                                                         0x1AB0       1
pv_S102000B000                                                    0x1AB1       1
FatFs                                                             0x1AB2       2
Fsid                                                              0x1AB4       2
Drive                                                             0x1AB6       1

EEPROM Allocation
Variable                                                          Address   Size
--------------------------------------------------------------------------------
config_prop                                                       0x0000     161
config_oper                                                       0x00A1       8
config_sens                                                       0x00A9     145
config_din                                                        0x013A      48
config_dout                                                       0x016A     190
config_ain                                                        0x0228      80
config_aout                                                       0x0278     656
config_buzz                                                       0x0508      37
config_alm                                                        0x052D      18
config_stat                                                       0x053F       3
config_prop_flag                                                  0x0542       1
config_oper_flag                                                  0x0543       1
config_sens_flag                                                  0x0544       5
config_din_flag                                                   0x0549      16
config_dout_flag                                                  0x0559       5
config_ain_flag                                                   0x055E      16
config_aout_flag                                                  0x056E      16
config_buzz_flag                                                  0x057E       1
config_alm_flag                                                   0x057F       1
config_stat_flag                                                  0x0580       1
DEVICE_SERIAL                                                     0x0581       8
eep_vref_val                                                      0x0589       4
userPwd                                                           0x058D       4
servicePwd                                                        0x0591       4
epFactor_A                                                        0x0595      20
epFactor_B                                                        0x05A9      20
epFactor_C                                                        0x05BD      20
epIsPointSet1                                                     0x05D1       5
epADCRef1                                                         0x05D6      20
epTempRef1                                                        0x05EA      20
epIsPointSet2                                                     0x05FE       5
epADCRef2                                                         0x0603      20
epTempRef2                                                        0x0617      20
epIsPointSet3                                                     0x062B       5
epADCRef3                                                         0x0630      20
epTempRef3                                                        0x0644      20
epCalType                                                         0x0658       5

Register Allocation
Variable                                                          Register  Size
--------------------------------------------------------------------------------
flag_oled_ack                                                     GPIOR0.0  1bit
rx_buffer_overflow0                                               GPIOR0.1  1bit
rxPackageIndex3                                                   R5           1
rxPackageIndexCount3                                              R4           1
timer_1sec_flag                                                   GPIOR0.2  1bit
buzzer_on                                                         GPIOR0.3  1bit
toggle                                                            GPIOR0.4  1bit
ETH_waitQCount                                                    R7           1
last_sess_id                                                      R8,R9        2
last_wr_dataQ                                                     R10,R11      2
last_rd_dataQ                                                     R12,R13      2
muteAlarm                                                         R6           1
